bringing up nodes...
bringing up nodes...

EEFFFFFFFFFEFFEFFFFFFFFFEEFFFFFEEFFFFEFFFFFFFFFFFFFFFEEFFFFFFFFFFFFFFFFF [ 17%]
FFFFFFFFFFFFFFFFFFFFFFFFFFFFFFFFFFFFFFFFFFFFFFFFFFFFFFFFFFFFFFFFFFFFFFFF [ 34%]
FFFFFFFFFFFFFFFFFFFFFFFFFFFFFFFFFFFFFFFFFFFFFFFFFFFFFFFFFFFFFFFFFFFFFFFF [ 51%]
F.F.FE.F.FEEE...EEE...EEE...EEFE...FEEF.EF.FEEFE.F.FFFE.E..EE..EEE...EE. [ 62%]
.EEEF...EE.F.EEE...FEEF.FFEEE..FEFFFFEEFFFFEFFFFFFFFFFFFEFFFFFFFFFFFFFFF [ 74%]
FFFFFFFFFFFFFFFFFFFFFFFFFFFFFFFFFFFFFFFFFFFFFFFFFFFFFEFEFEEEEEFF.EF.EFFF [ 91%]
FFFFFFFFEFEFFFFFFFFFFFFFFFFFFFFFFFF                                      [100%]
=================================== ERRORS ====================================
__________________ ERROR collecting tests/acp/test_entry.py ___________________
ImportError while importing test module 'C:\Users\Simba\Desktop\DEV\duskHermes\d60\tests\acp\test_entry.py'.
Hint: make sure your test modules/packages have valid Python names.
Traceback:
..\..\..\..\AppData\Local\Programs\Python\Python312\Lib\importlib\__init__.py:90: in import_module
    return _bootstrap._gcd_import(name[level:], package, level)
           ^^^^^^^^^^^^^^^^^^^^^^^^^^^^^^^^^^^^^^^^^^^^^^^^^^^^
tests\acp\test_entry.py:3: in <module>
    import acp
E   ModuleNotFoundError: No module named 'acp'
__________________ ERROR collecting tests/acp/test_events.py __________________
ImportError while importing test module 'C:\Users\Simba\Desktop\DEV\duskHermes\d60\tests\acp\test_events.py'.
Hint: make sure your test modules/packages have valid Python names.
Traceback:
..\..\..\..\AppData\Local\Programs\Python\Python312\Lib\importlib\__init__.py:90: in import_module
    return _bootstrap._gcd_import(name[level:], package, level)
           ^^^^^^^^^^^^^^^^^^^^^^^^^^^^^^^^^^^^^^^^^^^^^^^^^^^^
tests\acp\test_events.py:9: in <module>
    import acp
E   ModuleNotFoundError: No module named 'acp'
_________________ ERROR collecting tests/acp/test_mcp_e2e.py __________________
ImportError while importing test module 'C:\Users\Simba\Desktop\DEV\duskHermes\d60\tests\acp\test_mcp_e2e.py'.
Hint: make sure your test modules/packages have valid Python names.
Traceback:
..\..\..\..\AppData\Local\Programs\Python\Python312\Lib\importlib\__init__.py:90: in import_module
    return _bootstrap._gcd_import(name[level:], package, level)
           ^^^^^^^^^^^^^^^^^^^^^^^^^^^^^^^^^^^^^^^^^^^^^^^^^^^^
tests\acp\test_mcp_e2e.py:17: in <module>
    import acp
E   ModuleNotFoundError: No module named 'acp'
_______________ ERROR collecting tests/acp/test_permissions.py ________________
ImportError while importing test module 'C:\Users\Simba\Desktop\DEV\duskHermes\d60\tests\acp\test_permissions.py'.
Hint: make sure your test modules/packages have valid Python names.
Traceback:
..\..\..\..\AppData\Local\Programs\Python\Python312\Lib\importlib\__init__.py:90: in import_module
    return _bootstrap._gcd_import(name[level:], package, level)
           ^^^^^^^^^^^^^^^^^^^^^^^^^^^^^^^^^^^^^^^^^^^^^^^^^^^^
tests\acp\test_permissions.py:9: in <module>
    from acp.schema import (
E   ModuleNotFoundError: No module named 'acp'
__________________ ERROR collecting tests/acp/test_server.py __________________
ImportError while importing test module 'C:\Users\Simba\Desktop\DEV\duskHermes\d60\tests\acp\test_server.py'.
Hint: make sure your test modules/packages have valid Python names.
Traceback:
..\..\..\..\AppData\Local\Programs\Python\Python312\Lib\importlib\__init__.py:90: in import_module
    return _bootstrap._gcd_import(name[level:], package, level)
           ^^^^^^^^^^^^^^^^^^^^^^^^^^^^^^^^^^^^^^^^^^^^^^^^^^^^
tests\acp\test_server.py:10: in <module>
    import acp
E   ModuleNotFoundError: No module named 'acp'
__________________ ERROR collecting tests/acp/test_tools.py ___________________
ImportError while importing test module 'C:\Users\Simba\Desktop\DEV\duskHermes\d60\tests\acp\test_tools.py'.
Hint: make sure your test modules/packages have valid Python names.
Traceback:
..\..\..\..\AppData\Local\Programs\Python\Python312\Lib\importlib\__init__.py:90: in import_module
    return _bootstrap._gcd_import(name[level:], package, level)
           ^^^^^^^^^^^^^^^^^^^^^^^^^^^^^^^^^^^^^^^^^^^^^^^^^^^^
tests\acp\test_tools.py:5: in <module>
    from acp_adapter.tools import (
acp_adapter\tools.py:8: in <module>
    import acp
E   ModuleNotFoundError: No module named 'acp'
__________ ERROR collecting tests/hermes_cli/test_gateway_service.py __________
ImportError while importing test module 'C:\Users\Simba\Desktop\DEV\duskHermes\d60\tests\hermes_cli\test_gateway_service.py'.
Hint: make sure your test modules/packages have valid Python names.
Traceback:
..\..\..\..\AppData\Local\Programs\Python\Python312\Lib\importlib\__init__.py:90: in import_module
    return _bootstrap._gcd_import(name[level:], package, level)
           ^^^^^^^^^^^^^^^^^^^^^^^^^^^^^^^^^^^^^^^^^^^^^^^^^^^^
tests\hermes_cli\test_gateway_service.py:4: in <module>
    import pwd
E   ModuleNotFoundError: No module named 'pwd'
________________ ERROR collecting tests/tools/test_mcp_tool.py ________________
ImportError while importing test module 'C:\Users\Simba\Desktop\DEV\duskHermes\d60\tests\tools\test_mcp_tool.py'.
Hint: make sure your test modules/packages have valid Python names.
Traceback:
..\..\..\..\AppData\Local\Programs\Python\Python312\Lib\importlib\__init__.py:90: in import_module
    return _bootstrap._gcd_import(name[level:], package, level)
           ^^^^^^^^^^^^^^^^^^^^^^^^^^^^^^^^^^^^^^^^^^^^^^^^^^^^
tests\tools\test_mcp_tool.py:1549: in <module>
    from mcp.types import (
E   ModuleNotFoundError: No module named 'mcp'
______________ ERROR collecting tests/tools/test_memory_tool.py _______________
ImportError while importing test module 'C:\Users\Simba\Desktop\DEV\duskHermes\d60\tests\tools\test_memory_tool.py'.
Hint: make sure your test modules/packages have valid Python names.
Traceback:
..\..\..\..\AppData\Local\Programs\Python\Python312\Lib\importlib\__init__.py:90: in import_module
    return _bootstrap._gcd_import(name[level:], package, level)
           ^^^^^^^^^^^^^^^^^^^^^^^^^^^^^^^^^^^^^^^^^^^^^^^^^^^^
tests\tools\test_memory_tool.py:7: in <module>
    from tools.memory_tool import (
tools\memory_tool.py:26: in <module>
    import fcntl
E   ModuleNotFoundError: No module named 'fcntl'
___________ ERROR collecting tests/tools/test_search_hidden_dirs.py ___________
tests\tools\test_search_hidden_dirs.py:97: in <module>
    class TestRipgrepAlreadyExcludesHidden:
tests\tools\test_search_hidden_dirs.py:101: in TestRipgrepAlreadyExcludesHidden
    subprocess.run(["which", "rg"], capture_output=True).returncode != 0,
    ^^^^^^^^^^^^^^^^^^^^^^^^^^^^^^^^^^^^^^^^^^^^^^^^^^^^
..\..\..\..\AppData\Local\Programs\Python\Python312\Lib\subprocess.py:548: in run
    with Popen(*popenargs, **kwargs) as process:
         ^^^^^^^^^^^^^^^^^^^^^^^^^^^
..\..\..\..\AppData\Local\Programs\Python\Python312\Lib\subprocess.py:1026: in __init__
    self._execute_child(args, executable, preexec_fn, close_fds,
..\..\..\..\AppData\Local\Programs\Python\Python312\Lib\subprocess.py:1538: in _execute_child
    hp, ht, pid, tid = _winapi.CreateProcess(executable, args,
E   FileNotFoundError: [WinError 2] Sistem belirtilen dosyay² bulam²yor
___________ ERROR collecting tests/tools/test_search_hidden_dirs.py ___________
tests\tools\test_search_hidden_dirs.py:97: in <module>
    class TestRipgrepAlreadyExcludesHidden:
tests\tools\test_search_hidden_dirs.py:101: in TestRipgrepAlreadyExcludesHidden
    subprocess.run(["which", "rg"], capture_output=True).returncode != 0,
    ^^^^^^^^^^^^^^^^^^^^^^^^^^^^^^^^^^^^^^^^^^^^^^^^^^^^
..\..\..\..\AppData\Local\Programs\Python\Python312\Lib\subprocess.py:548: in run
    with Popen(*popenargs, **kwargs) as process:
         ^^^^^^^^^^^^^^^^^^^^^^^^^^^
..\..\..\..\AppData\Local\Programs\Python\Python312\Lib\subprocess.py:1026: in __init__
    self._execute_child(args, executable, preexec_fn, close_fds,
..\..\..\..\AppData\Local\Programs\Python\Python312\Lib\subprocess.py:1538: in _execute_child
    hp, ht, pid, tid = _winapi.CreateProcess(executable, args,
E   FileNotFoundError: [WinError 2] Sistem belirtilen dosyay² bulam²yor
___________ ERROR collecting tests/tools/test_search_hidden_dirs.py ___________
tests\tools\test_search_hidden_dirs.py:97: in <module>
    class TestRipgrepAlreadyExcludesHidden:
tests\tools\test_search_hidden_dirs.py:101: in TestRipgrepAlreadyExcludesHidden
    subprocess.run(["which", "rg"], capture_output=True).returncode != 0,
    ^^^^^^^^^^^^^^^^^^^^^^^^^^^^^^^^^^^^^^^^^^^^^^^^^^^^
..\..\..\..\AppData\Local\Programs\Python\Python312\Lib\subprocess.py:548: in run
    with Popen(*popenargs, **kwargs) as process:
         ^^^^^^^^^^^^^^^^^^^^^^^^^^^
..\..\..\..\AppData\Local\Programs\Python\Python312\Lib\subprocess.py:1026: in __init__
    self._execute_child(args, executable, preexec_fn, close_fds,
..\..\..\..\AppData\Local\Programs\Python\Python312\Lib\subprocess.py:1538: in _execute_child
    hp, ht, pid, tid = _winapi.CreateProcess(executable, args,
E   FileNotFoundError: [WinError 2] Sistem belirtilen dosyay² bulam²yor
___________ ERROR collecting tests/tools/test_search_hidden_dirs.py ___________
tests\tools\test_search_hidden_dirs.py:97: in <module>
    class TestRipgrepAlreadyExcludesHidden:
tests\tools\test_search_hidden_dirs.py:101: in TestRipgrepAlreadyExcludesHidden
    subprocess.run(["which", "rg"], capture_output=True).returncode != 0,
    ^^^^^^^^^^^^^^^^^^^^^^^^^^^^^^^^^^^^^^^^^^^^^^^^^^^^
..\..\..\..\AppData\Local\Programs\Python\Python312\Lib\subprocess.py:548: in run
    with Popen(*popenargs, **kwargs) as process:
         ^^^^^^^^^^^^^^^^^^^^^^^^^^^
..\..\..\..\AppData\Local\Programs\Python\Python312\Lib\subprocess.py:1026: in __init__
    self._execute_child(args, executable, preexec_fn, close_fds,
..\..\..\..\AppData\Local\Programs\Python\Python312\Lib\subprocess.py:1538: in _execute_child
    hp, ht, pid, tid = _winapi.CreateProcess(executable, args,
E   FileNotFoundError: [WinError 2] Sistem belirtilen dosyay² bulam²yor
___________ ERROR collecting tests/tools/test_search_hidden_dirs.py ___________
tests\tools\test_search_hidden_dirs.py:97: in <module>
    class TestRipgrepAlreadyExcludesHidden:
tests\tools\test_search_hidden_dirs.py:101: in TestRipgrepAlreadyExcludesHidden
    subprocess.run(["which", "rg"], capture_output=True).returncode != 0,
    ^^^^^^^^^^^^^^^^^^^^^^^^^^^^^^^^^^^^^^^^^^^^^^^^^^^^
..\..\..\..\AppData\Local\Programs\Python\Python312\Lib\subprocess.py:548: in run
    with Popen(*popenargs, **kwargs) as process:
         ^^^^^^^^^^^^^^^^^^^^^^^^^^^
..\..\..\..\AppData\Local\Programs\Python\Python312\Lib\subprocess.py:1026: in __init__
    self._execute_child(args, executable, preexec_fn, close_fds,
..\..\..\..\AppData\Local\Programs\Python\Python312\Lib\subprocess.py:1538: in _execute_child
    hp, ht, pid, tid = _winapi.CreateProcess(executable, args,
E   FileNotFoundError: [WinError 2] Sistem belirtilen dosyay² bulam²yor
___________ ERROR collecting tests/tools/test_search_hidden_dirs.py ___________
tests\tools\test_search_hidden_dirs.py:97: in <module>
    class TestRipgrepAlreadyExcludesHidden:
tests\tools\test_search_hidden_dirs.py:101: in TestRipgrepAlreadyExcludesHidden
    subprocess.run(["which", "rg"], capture_output=True).returncode != 0,
    ^^^^^^^^^^^^^^^^^^^^^^^^^^^^^^^^^^^^^^^^^^^^^^^^^^^^
..\..\..\..\AppData\Local\Programs\Python\Python312\Lib\subprocess.py:548: in run
    with Popen(*popenargs, **kwargs) as process:
         ^^^^^^^^^^^^^^^^^^^^^^^^^^^
..\..\..\..\AppData\Local\Programs\Python\Python312\Lib\subprocess.py:1026: in __init__
    self._execute_child(args, executable, preexec_fn, close_fds,
..\..\..\..\AppData\Local\Programs\Python\Python312\Lib\subprocess.py:1538: in _execute_child
    hp, ht, pid, tid = _winapi.CreateProcess(executable, args,
E   FileNotFoundError: [WinError 2] Sistem belirtilen dosyay² bulam²yor
___________ ERROR collecting tests/tools/test_search_hidden_dirs.py ___________
tests\tools\test_search_hidden_dirs.py:97: in <module>
    class TestRipgrepAlreadyExcludesHidden:
tests\tools\test_search_hidden_dirs.py:101: in TestRipgrepAlreadyExcludesHidden
    subprocess.run(["which", "rg"], capture_output=True).returncode != 0,
    ^^^^^^^^^^^^^^^^^^^^^^^^^^^^^^^^^^^^^^^^^^^^^^^^^^^^
..\..\..\..\AppData\Local\Programs\Python\Python312\Lib\subprocess.py:548: in run
    with Popen(*popenargs, **kwargs) as process:
         ^^^^^^^^^^^^^^^^^^^^^^^^^^^
..\..\..\..\AppData\Local\Programs\Python\Python312\Lib\subprocess.py:1026: in __init__
    self._execute_child(args, executable, preexec_fn, close_fds,
..\..\..\..\AppData\Local\Programs\Python\Python312\Lib\subprocess.py:1538: in _execute_child
    hp, ht, pid, tid = _winapi.CreateProcess(executable, args,
E   FileNotFoundError: [WinError 2] Sistem belirtilen dosyay² bulam²yor
___________ ERROR collecting tests/tools/test_search_hidden_dirs.py ___________
tests\tools\test_search_hidden_dirs.py:97: in <module>
    class TestRipgrepAlreadyExcludesHidden:
tests\tools\test_search_hidden_dirs.py:101: in TestRipgrepAlreadyExcludesHidden
    subprocess.run(["which", "rg"], capture_output=True).returncode != 0,
    ^^^^^^^^^^^^^^^^^^^^^^^^^^^^^^^^^^^^^^^^^^^^^^^^^^^^
..\..\..\..\AppData\Local\Programs\Python\Python312\Lib\subprocess.py:548: in run
    with Popen(*popenargs, **kwargs) as process:
         ^^^^^^^^^^^^^^^^^^^^^^^^^^^
..\..\..\..\AppData\Local\Programs\Python\Python312\Lib\subprocess.py:1026: in __init__
    self._execute_child(args, executable, preexec_fn, close_fds,
..\..\..\..\AppData\Local\Programs\Python\Python312\Lib\subprocess.py:1538: in _execute_child
    hp, ht, pid, tid = _winapi.CreateProcess(executable, args,
E   FileNotFoundError: [WinError 2] Sistem belirtilen dosyay² bulam²yor
___________ ERROR collecting tests/tools/test_search_hidden_dirs.py ___________
tests\tools\test_search_hidden_dirs.py:97: in <module>
    class TestRipgrepAlreadyExcludesHidden:
tests\tools\test_search_hidden_dirs.py:101: in TestRipgrepAlreadyExcludesHidden
    subprocess.run(["which", "rg"], capture_output=True).returncode != 0,
    ^^^^^^^^^^^^^^^^^^^^^^^^^^^^^^^^^^^^^^^^^^^^^^^^^^^^
..\..\..\..\AppData\Local\Programs\Python\Python312\Lib\subprocess.py:548: in run
    with Popen(*popenargs, **kwargs) as process:
         ^^^^^^^^^^^^^^^^^^^^^^^^^^^
..\..\..\..\AppData\Local\Programs\Python\Python312\Lib\subprocess.py:1026: in __init__
    self._execute_child(args, executable, preexec_fn, close_fds,
..\..\..\..\AppData\Local\Programs\Python\Python312\Lib\subprocess.py:1538: in _execute_child
    hp, ht, pid, tid = _winapi.CreateProcess(executable, args,
E   FileNotFoundError: [WinError 2] Sistem belirtilen dosyay² bulam²yor
___________ ERROR collecting tests/tools/test_search_hidden_dirs.py ___________
tests\tools\test_search_hidden_dirs.py:97: in <module>
    class TestRipgrepAlreadyExcludesHidden:
tests\tools\test_search_hidden_dirs.py:101: in TestRipgrepAlreadyExcludesHidden
    subprocess.run(["which", "rg"], capture_output=True).returncode != 0,
    ^^^^^^^^^^^^^^^^^^^^^^^^^^^^^^^^^^^^^^^^^^^^^^^^^^^^
..\..\..\..\AppData\Local\Programs\Python\Python312\Lib\subprocess.py:548: in run
    with Popen(*popenargs, **kwargs) as process:
         ^^^^^^^^^^^^^^^^^^^^^^^^^^^
..\..\..\..\AppData\Local\Programs\Python\Python312\Lib\subprocess.py:1026: in __init__
    self._execute_child(args, executable, preexec_fn, close_fds,
..\..\..\..\AppData\Local\Programs\Python\Python312\Lib\subprocess.py:1538: in _execute_child
    hp, ht, pid, tid = _winapi.CreateProcess(executable, args,
E   FileNotFoundError: [WinError 2] Sistem belirtilen dosyay² bulam²yor
___________ ERROR collecting tests/tools/test_search_hidden_dirs.py ___________
tests\tools\test_search_hidden_dirs.py:97: in <module>
    class TestRipgrepAlreadyExcludesHidden:
tests\tools\test_search_hidden_dirs.py:101: in TestRipgrepAlreadyExcludesHidden
    subprocess.run(["which", "rg"], capture_output=True).returncode != 0,
    ^^^^^^^^^^^^^^^^^^^^^^^^^^^^^^^^^^^^^^^^^^^^^^^^^^^^
..\..\..\..\AppData\Local\Programs\Python\Python312\Lib\subprocess.py:548: in run
    with Popen(*popenargs, **kwargs) as process:
         ^^^^^^^^^^^^^^^^^^^^^^^^^^^
..\..\..\..\AppData\Local\Programs\Python\Python312\Lib\subprocess.py:1026: in __init__
    self._execute_child(args, executable, preexec_fn, close_fds,
..\..\..\..\AppData\Local\Programs\Python\Python312\Lib\subprocess.py:1538: in _execute_child
    hp, ht, pid, tid = _winapi.CreateProcess(executable, args,
E   FileNotFoundError: [WinError 2] Sistem belirtilen dosyay² bulam²yor
___________ ERROR collecting tests/tools/test_search_hidden_dirs.py ___________
tests\tools\test_search_hidden_dirs.py:97: in <module>
    class TestRipgrepAlreadyExcludesHidden:
tests\tools\test_search_hidden_dirs.py:101: in TestRipgrepAlreadyExcludesHidden
    subprocess.run(["which", "rg"], capture_output=True).returncode != 0,
    ^^^^^^^^^^^^^^^^^^^^^^^^^^^^^^^^^^^^^^^^^^^^^^^^^^^^
..\..\..\..\AppData\Local\Programs\Python\Python312\Lib\subprocess.py:548: in run
    with Popen(*popenargs, **kwargs) as process:
         ^^^^^^^^^^^^^^^^^^^^^^^^^^^
..\..\..\..\AppData\Local\Programs\Python\Python312\Lib\subprocess.py:1026: in __init__
    self._execute_child(args, executable, preexec_fn, close_fds,
..\..\..\..\AppData\Local\Programs\Python\Python312\Lib\subprocess.py:1538: in _execute_child
    hp, ht, pid, tid = _winapi.CreateProcess(executable, args,
E   FileNotFoundError: [WinError 2] Sistem belirtilen dosyay² bulam²yor
___________ ERROR collecting tests/tools/test_search_hidden_dirs.py ___________
tests\tools\test_search_hidden_dirs.py:97: in <module>
    class TestRipgrepAlreadyExcludesHidden:
tests\tools\test_search_hidden_dirs.py:101: in TestRipgrepAlreadyExcludesHidden
    subprocess.run(["which", "rg"], capture_output=True).returncode != 0,
    ^^^^^^^^^^^^^^^^^^^^^^^^^^^^^^^^^^^^^^^^^^^^^^^^^^^^
..\..\..\..\AppData\Local\Programs\Python\Python312\Lib\subprocess.py:548: in run
    with Popen(*popenargs, **kwargs) as process:
         ^^^^^^^^^^^^^^^^^^^^^^^^^^^
..\..\..\..\AppData\Local\Programs\Python\Python312\Lib\subprocess.py:1026: in __init__
    self._execute_child(args, executable, preexec_fn, close_fds,
..\..\..\..\AppData\Local\Programs\Python\Python312\Lib\subprocess.py:1538: in _execute_child
    hp, ht, pid, tid = _winapi.CreateProcess(executable, args,
E   FileNotFoundError: [WinError 2] Sistem belirtilen dosyay² bulam²yor
___________ ERROR collecting tests/tools/test_search_hidden_dirs.py ___________
tests\tools\test_search_hidden_dirs.py:97: in <module>
    class TestRipgrepAlreadyExcludesHidden:
tests\tools\test_search_hidden_dirs.py:101: in TestRipgrepAlreadyExcludesHidden
    subprocess.run(["which", "rg"], capture_output=True).returncode != 0,
    ^^^^^^^^^^^^^^^^^^^^^^^^^^^^^^^^^^^^^^^^^^^^^^^^^^^^
..\..\..\..\AppData\Local\Programs\Python\Python312\Lib\subprocess.py:548: in run
    with Popen(*popenargs, **kwargs) as process:
         ^^^^^^^^^^^^^^^^^^^^^^^^^^^
..\..\..\..\AppData\Local\Programs\Python\Python312\Lib\subprocess.py:1026: in __init__
    self._execute_child(args, executable, preexec_fn, close_fds,
..\..\..\..\AppData\Local\Programs\Python\Python312\Lib\subprocess.py:1538: in _execute_child
    hp, ht, pid, tid = _winapi.CreateProcess(executable, args,
E   FileNotFoundError: [WinError 2] Sistem belirtilen dosyay² bulam²yor
___________ ERROR collecting tests/tools/test_search_hidden_dirs.py ___________
tests\tools\test_search_hidden_dirs.py:97: in <module>
    class TestRipgrepAlreadyExcludesHidden:
tests\tools\test_search_hidden_dirs.py:101: in TestRipgrepAlreadyExcludesHidden
    subprocess.run(["which", "rg"], capture_output=True).returncode != 0,
    ^^^^^^^^^^^^^^^^^^^^^^^^^^^^^^^^^^^^^^^^^^^^^^^^^^^^
..\..\..\..\AppData\Local\Programs\Python\Python312\Lib\subprocess.py:548: in run
    with Popen(*popenargs, **kwargs) as process:
         ^^^^^^^^^^^^^^^^^^^^^^^^^^^
..\..\..\..\AppData\Local\Programs\Python\Python312\Lib\subprocess.py:1026: in __init__
    self._execute_child(args, executable, preexec_fn, close_fds,
..\..\..\..\AppData\Local\Programs\Python\Python312\Lib\subprocess.py:1538: in _execute_child
    hp, ht, pid, tid = _winapi.CreateProcess(executable, args,
E   FileNotFoundError: [WinError 2] Sistem belirtilen dosyay² bulam²yor
___________ ERROR collecting tests/tools/test_search_hidden_dirs.py ___________
tests\tools\test_search_hidden_dirs.py:97: in <module>
    class TestRipgrepAlreadyExcludesHidden:
tests\tools\test_search_hidden_dirs.py:101: in TestRipgrepAlreadyExcludesHidden
    subprocess.run(["which", "rg"], capture_output=True).returncode != 0,
    ^^^^^^^^^^^^^^^^^^^^^^^^^^^^^^^^^^^^^^^^^^^^^^^^^^^^
..\..\..\..\AppData\Local\Programs\Python\Python312\Lib\subprocess.py:548: in run
    with Popen(*popenargs, **kwargs) as process:
         ^^^^^^^^^^^^^^^^^^^^^^^^^^^
..\..\..\..\AppData\Local\Programs\Python\Python312\Lib\subprocess.py:1026: in __init__
    self._execute_child(args, executable, preexec_fn, close_fds,
..\..\..\..\AppData\Local\Programs\Python\Python312\Lib\subprocess.py:1538: in _execute_child
    hp, ht, pid, tid = _winapi.CreateProcess(executable, args,
E   FileNotFoundError: [WinError 2] Sistem belirtilen dosyay² bulam²yor
___________ ERROR collecting tests/tools/test_search_hidden_dirs.py ___________
tests\tools\test_search_hidden_dirs.py:97: in <module>
    class TestRipgrepAlreadyExcludesHidden:
tests\tools\test_search_hidden_dirs.py:101: in TestRipgrepAlreadyExcludesHidden
    subprocess.run(["which", "rg"], capture_output=True).returncode != 0,
    ^^^^^^^^^^^^^^^^^^^^^^^^^^^^^^^^^^^^^^^^^^^^^^^^^^^^
..\..\..\..\AppData\Local\Programs\Python\Python312\Lib\subprocess.py:548: in run
    with Popen(*popenargs, **kwargs) as process:
         ^^^^^^^^^^^^^^^^^^^^^^^^^^^
..\..\..\..\AppData\Local\Programs\Python\Python312\Lib\subprocess.py:1026: in __init__
    self._execute_child(args, executable, preexec_fn, close_fds,
..\..\..\..\AppData\Local\Programs\Python\Python312\Lib\subprocess.py:1538: in _execute_child
    hp, ht, pid, tid = _winapi.CreateProcess(executable, args,
E   FileNotFoundError: [WinError 2] Sistem belirtilen dosyay² bulam²yor
___________ ERROR collecting tests/tools/test_search_hidden_dirs.py ___________
tests\tools\test_search_hidden_dirs.py:97: in <module>
    class TestRipgrepAlreadyExcludesHidden:
tests\tools\test_search_hidden_dirs.py:101: in TestRipgrepAlreadyExcludesHidden
    subprocess.run(["which", "rg"], capture_output=True).returncode != 0,
    ^^^^^^^^^^^^^^^^^^^^^^^^^^^^^^^^^^^^^^^^^^^^^^^^^^^^
..\..\..\..\AppData\Local\Programs\Python\Python312\Lib\subprocess.py:548: in run
    with Popen(*popenargs, **kwargs) as process:
         ^^^^^^^^^^^^^^^^^^^^^^^^^^^
..\..\..\..\AppData\Local\Programs\Python\Python312\Lib\subprocess.py:1026: in __init__
    self._execute_child(args, executable, preexec_fn, close_fds,
..\..\..\..\AppData\Local\Programs\Python\Python312\Lib\subprocess.py:1538: in _execute_child
    hp, ht, pid, tid = _winapi.CreateProcess(executable, args,
E   FileNotFoundError: [WinError 2] Sistem belirtilen dosyay² bulam²yor
___________ ERROR collecting tests/tools/test_search_hidden_dirs.py ___________
tests\tools\test_search_hidden_dirs.py:97: in <module>
    class TestRipgrepAlreadyExcludesHidden:
tests\tools\test_search_hidden_dirs.py:101: in TestRipgrepAlreadyExcludesHidden
    subprocess.run(["which", "rg"], capture_output=True).returncode != 0,
    ^^^^^^^^^^^^^^^^^^^^^^^^^^^^^^^^^^^^^^^^^^^^^^^^^^^^
..\..\..\..\AppData\Local\Programs\Python\Python312\Lib\subprocess.py:548: in run
    with Popen(*popenargs, **kwargs) as process:
         ^^^^^^^^^^^^^^^^^^^^^^^^^^^
..\..\..\..\AppData\Local\Programs\Python\Python312\Lib\subprocess.py:1026: in __init__
    self._execute_child(args, executable, preexec_fn, close_fds,
..\..\..\..\AppData\Local\Programs\Python\Python312\Lib\subprocess.py:1538: in _execute_child
    hp, ht, pid, tid = _winapi.CreateProcess(executable, args,
E   FileNotFoundError: [WinError 2] Sistem belirtilen dosyay² bulam²yor
___________ ERROR collecting tests/tools/test_search_hidden_dirs.py ___________
tests\tools\test_search_hidden_dirs.py:97: in <module>
    class TestRipgrepAlreadyExcludesHidden:
tests\tools\test_search_hidden_dirs.py:101: in TestRipgrepAlreadyExcludesHidden
    subprocess.run(["which", "rg"], capture_output=True).returncode != 0,
    ^^^^^^^^^^^^^^^^^^^^^^^^^^^^^^^^^^^^^^^^^^^^^^^^^^^^
..\..\..\..\AppData\Local\Programs\Python\Python312\Lib\subprocess.py:548: in run
    with Popen(*popenargs, **kwargs) as process:
         ^^^^^^^^^^^^^^^^^^^^^^^^^^^
..\..\..\..\AppData\Local\Programs\Python\Python312\Lib\subprocess.py:1026: in __init__
    self._execute_child(args, executable, preexec_fn, close_fds,
..\..\..\..\AppData\Local\Programs\Python\Python312\Lib\subprocess.py:1538: in _execute_child
    hp, ht, pid, tid = _winapi.CreateProcess(executable, args,
E   FileNotFoundError: [WinError 2] Sistem belirtilen dosyay² bulam²yor
_ ERROR at setup of TestLocalStreamReadTimeout.test_local_endpoint_bumps_read_timeout[http://0.0.0.0:5000] _
[gw3] win32 -- Python 3.12.10 C:\Users\Simba\AppData\Local\Programs\Python\Python312\python.exe
ScopeMismatch: You tried to access the function scoped fixture base_url with a session scoped request object. Requesting fixture stack:
..\..\..\..\AppData\Local\Programs\Python\Python312\Lib\site-packages\pytest_base_url\plugin.py:18:  def _verify_url(request, base_url)
Requested fixture:
..\..\..\..\AppData\Local\Programs\Python\Python312\Lib\site-packages\_pytest\python.py:1158:  def get_direct_param_fixture_func(request: 'FixtureRequest') -> 'Any'
_ ERROR at setup of TestLocalStreamReadTimeout.test_local_endpoint_bumps_read_timeout[http://host.lima.internal:11434] _
[gw4] win32 -- Python 3.12.10 C:\Users\Simba\AppData\Local\Programs\Python\Python312\python.exe
ScopeMismatch: You tried to access the function scoped fixture base_url with a session scoped request object. Requesting fixture stack:
..\..\..\..\AppData\Local\Programs\Python\Python312\Lib\site-packages\pytest_base_url\plugin.py:18:  def _verify_url(request, base_url)
Requested fixture:
..\..\..\..\AppData\Local\Programs\Python\Python312\Lib\site-packages\_pytest\python.py:1158:  def get_direct_param_fixture_func(request: 'FixtureRequest') -> 'Any'
_ ERROR at setup of TestLocalStreamReadTimeout.test_local_endpoint_bumps_read_timeout[http://192.168.1.100:8000] _
[gw3] win32 -- Python 3.12.10 C:\Users\Simba\AppData\Local\Programs\Python\Python312\python.exe
ScopeMismatch: You tried to access the function scoped fixture base_url with a session scoped request object. Requesting fixture stack:
..\..\..\..\AppData\Local\Programs\Python\Python312\Lib\site-packages\pytest_base_url\plugin.py:18:  def _verify_url(request, base_url)
Requested fixture:
..\..\..\..\AppData\Local\Programs\Python\Python312\Lib\site-packages\_pytest\python.py:1158:  def get_direct_param_fixture_func(request: 'FixtureRequest') -> 'Any'
_ ERROR at setup of TestLocalStreamReadTimeout.test_remote_endpoint_keeps_default[https://api.openai.com] _
[gw4] win32 -- Python 3.12.10 C:\Users\Simba\AppData\Local\Programs\Python\Python312\python.exe
ScopeMismatch: You tried to access the function scoped fixture base_url with a session scoped request object. Requesting fixture stack:
..\..\..\..\AppData\Local\Programs\Python\Python312\Lib\site-packages\pytest_base_url\plugin.py:18:  def _verify_url(request, base_url)
Requested fixture:
..\..\..\..\AppData\Local\Programs\Python\Python312\Lib\site-packages\_pytest\python.py:1158:  def get_direct_param_fixture_func(request: 'FixtureRequest') -> 'Any'
_ ERROR at setup of TestLocalStreamReadTimeout.test_local_endpoint_bumps_read_timeout[http://10.0.0.5:1234] _
[gw3] win32 -- Python 3.12.10 C:\Users\Simba\AppData\Local\Programs\Python\Python312\python.exe
ScopeMismatch: You tried to access the function scoped fixture base_url with a session scoped request object. Requesting fixture stack:
..\..\..\..\AppData\Local\Programs\Python\Python312\Lib\site-packages\pytest_base_url\plugin.py:18:  def _verify_url(request, base_url)
Requested fixture:
..\..\..\..\AppData\Local\Programs\Python\Python312\Lib\site-packages\_pytest\python.py:1158:  def get_direct_param_fixture_func(request: 'FixtureRequest') -> 'Any'
_ ERROR at setup of TestLocalStreamReadTimeout.test_remote_endpoint_keeps_default[https://openrouter.ai/api] _
[gw4] win32 -- Python 3.12.10 C:\Users\Simba\AppData\Local\Programs\Python\Python312\python.exe
ScopeMismatch: You tried to access the function scoped fixture base_url with a session scoped request object. Requesting fixture stack:
..\..\..\..\AppData\Local\Programs\Python\Python312\Lib\site-packages\pytest_base_url\plugin.py:18:  def _verify_url(request, base_url)
Requested fixture:
..\..\..\..\AppData\Local\Programs\Python\Python312\Lib\site-packages\_pytest\python.py:1158:  def get_direct_param_fixture_func(request: 'FixtureRequest') -> 'Any'
_ ERROR at setup of TestLocalStreamReadTimeout.test_local_endpoint_bumps_read_timeout[http://host.docker.internal:11434] _
[gw3] win32 -- Python 3.12.10 C:\Users\Simba\AppData\Local\Programs\Python\Python312\python.exe
ScopeMismatch: You tried to access the function scoped fixture base_url with a session scoped request object. Requesting fixture stack:
..\..\..\..\AppData\Local\Programs\Python\Python312\Lib\site-packages\pytest_base_url\plugin.py:18:  def _verify_url(request, base_url)
Requested fixture:
..\..\..\..\AppData\Local\Programs\Python\Python312\Lib\site-packages\_pytest\python.py:1158:  def get_direct_param_fixture_func(request: 'FixtureRequest') -> 'Any'
_ ERROR at setup of TestLocalStreamReadTimeout.test_remote_endpoint_keeps_default[https://api.anthropic.com] _
[gw4] win32 -- Python 3.12.10 C:\Users\Simba\AppData\Local\Programs\Python\Python312\python.exe
ScopeMismatch: You tried to access the function scoped fixture base_url with a session scoped request object. Requesting fixture stack:
..\..\..\..\AppData\Local\Programs\Python\Python312\Lib\site-packages\pytest_base_url\plugin.py:18:  def _verify_url(request, base_url)
Requested fixture:
..\..\..\..\AppData\Local\Programs\Python\Python312\Lib\site-packages\_pytest\python.py:1158:  def get_direct_param_fixture_func(request: 'FixtureRequest') -> 'Any'
_ ERROR at setup of TestLocalStreamReadTimeout.test_local_endpoint_bumps_read_timeout[http://host.containers.internal:11434] _
[gw3] win32 -- Python 3.12.10 C:\Users\Simba\AppData\Local\Programs\Python\Python312\python.exe
ScopeMismatch: You tried to access the function scoped fixture base_url with a session scoped request object. Requesting fixture stack:
..\..\..\..\AppData\Local\Programs\Python\Python312\Lib\site-packages\pytest_base_url\plugin.py:18:  def _verify_url(request, base_url)
Requested fixture:
..\..\..\..\AppData\Local\Programs\Python\Python312\Lib\site-packages\_pytest\python.py:1158:  def get_direct_param_fixture_func(request: 'FixtureRequest') -> 'Any'
_ ERROR at setup of TestLocalStreamReadTimeout.test_local_endpoint_bumps_read_timeout[http://localhost:11434] _
[gw2] win32 -- Python 3.12.10 C:\Users\Simba\AppData\Local\Programs\Python\Python312\python.exe
ScopeMismatch: You tried to access the function scoped fixture base_url with a session scoped request object. Requesting fixture stack:
..\..\..\..\AppData\Local\Programs\Python\Python312\Lib\site-packages\pytest_base_url\plugin.py:18:  def _verify_url(request, base_url)
Requested fixture:
..\..\..\..\AppData\Local\Programs\Python\Python312\Lib\site-packages\_pytest\python.py:1158:  def get_direct_param_fixture_func(request: 'FixtureRequest') -> 'Any'
_ ERROR at setup of TestLocalStreamReadTimeout.test_local_endpoint_bumps_read_timeout[http://127.0.0.1:8080] _
[gw2] win32 -- Python 3.12.10 C:\Users\Simba\AppData\Local\Programs\Python\Python312\python.exe
ScopeMismatch: You tried to access the function scoped fixture base_url with a session scoped request object. Requesting fixture stack:
..\..\..\..\AppData\Local\Programs\Python\Python312\Lib\site-packages\pytest_base_url\plugin.py:18:  def _verify_url(request, base_url)
Requested fixture:
..\..\..\..\AppData\Local\Programs\Python\Python312\Lib\site-packages\_pytest\python.py:1158:  def get_direct_param_fixture_func(request: 'FixtureRequest') -> 'Any'
______ ERROR at teardown of TestSetupLogging.test_creates_log_directory _______
[gw0] win32 -- Python 3.12.10 C:\Users\Simba\AppData\Local\Programs\Python\Python312\python.exe
tests\test_hermes_logging.py:47: in _reset_logging_state
    hermes_logging.clear_session_context()
    ^^^^^^^^^^^^^^^^^^^^^^^^^^^^^^^^^^^^
E   AttributeError: module 'hermes_logging' has no attribute 'clear_session_context'. Did you mean: 'set_session_context'?
_______ ERROR at teardown of TestSetupLogging.test_force_reinitializes ________
[gw4] win32 -- Python 3.12.10 C:\Users\Simba\AppData\Local\Programs\Python\Python312\python.exe
tests\test_hermes_logging.py:47: in _reset_logging_state
    hermes_logging.clear_session_context()
    ^^^^^^^^^^^^^^^^^^^^^^^^^^^^^^^^^^^^
E   AttributeError: module 'hermes_logging' has no attribute 'clear_session_context'. Did you mean: 'set_session_context'?
____ ERROR at teardown of TestSetupLogging.test_creates_agent_log_handler _____
[gw0] win32 -- Python 3.12.10 C:\Users\Simba\AppData\Local\Programs\Python\Python312\python.exe
tests\test_hermes_logging.py:47: in _reset_logging_state
    hermes_logging.clear_session_context()
    ^^^^^^^^^^^^^^^^^^^^^^^^^^^^^^^^^^^^
E   AttributeError: module 'hermes_logging' has no attribute 'clear_session_context'. Did you mean: 'set_session_context'?
____ ERROR at teardown of TestSetupLogging.test_creates_errors_log_handler ____
[gw16] win32 -- Python 3.12.10 C:\Users\Simba\AppData\Local\Programs\Python\Python312\python.exe
tests\test_hermes_logging.py:47: in _reset_logging_state
    hermes_logging.clear_session_context()
    ^^^^^^^^^^^^^^^^^^^^^^^^^^^^^^^^^^^^
E   AttributeError: module 'hermes_logging' has no attribute 'clear_session_context'. Did you mean: 'set_session_context'?
____ ERROR at teardown of TestSetupLogging.test_custom_max_size_and_backup ____
[gw0] win32 -- Python 3.12.10 C:\Users\Simba\AppData\Local\Programs\Python\Python312\python.exe
tests\test_hermes_logging.py:47: in _reset_logging_state
    hermes_logging.clear_session_context()
    ^^^^^^^^^^^^^^^^^^^^^^^^^^^^^^^^^^^^
E   AttributeError: module 'hermes_logging' has no attribute 'clear_session_context'. Did you mean: 'set_session_context'?
_________ ERROR at teardown of TestSetupLogging.test_custom_log_level _________
[gw4] win32 -- Python 3.12.10 C:\Users\Simba\AppData\Local\Programs\Python\Python312\python.exe
tests\test_hermes_logging.py:47: in _reset_logging_state
    hermes_logging.clear_session_context()
    ^^^^^^^^^^^^^^^^^^^^^^^^^^^^^^^^^^^^
E   AttributeError: module 'hermes_logging' has no attribute 'clear_session_context'. Did you mean: 'set_session_context'?
_ ERROR at teardown of TestSetupLogging.test_idempotent_no_duplicate_handlers _
[gw16] win32 -- Python 3.12.10 C:\Users\Simba\AppData\Local\Programs\Python\Python312\python.exe
tests\test_hermes_logging.py:47: in _reset_logging_state
    hermes_logging.clear_session_context()
    ^^^^^^^^^^^^^^^^^^^^^^^^^^^^^^^^^^^^
E   AttributeError: module 'hermes_logging' has no attribute 'clear_session_context'. Did you mean: 'set_session_context'?
______ ERROR at teardown of TestSetupLogging.test_info_not_in_errors_log ______
[gw4] win32 -- Python 3.12.10 C:\Users\Simba\AppData\Local\Programs\Python\Python312\python.exe
tests\test_hermes_logging.py:47: in _reset_logging_state
    hermes_logging.clear_session_context()
    ^^^^^^^^^^^^^^^^^^^^^^^^^^^^^^^^^^^^
E   AttributeError: module 'hermes_logging' has no attribute 'clear_session_context'. Did you mean: 'set_session_context'?
------------------------------ Captured log call ------------------------------
[32mINFO    [0m test_hermes_logging.info_test:test_hermes_logging.py:184 info only message
_____ ERROR at teardown of TestSetupLogging.test_suppresses_noisy_loggers _____
[gw0] win32 -- Python 3.12.10 C:\Users\Simba\AppData\Local\Programs\Python\Python312\python.exe
tests\test_hermes_logging.py:47: in _reset_logging_state
    hermes_logging.clear_session_context()
    ^^^^^^^^^^^^^^^^^^^^^^^^^^^^^^^^^^^^
E   AttributeError: module 'hermes_logging' has no attribute 'clear_session_context'. Did you mean: 'set_session_context'?
_ ERROR at teardown of TestSetupLogging.test_explicit_params_override_config __
[gw16] win32 -- Python 3.12.10 C:\Users\Simba\AppData\Local\Programs\Python\Python312\python.exe
tests\test_hermes_logging.py:47: in _reset_logging_state
    hermes_logging.clear_session_context()
    ^^^^^^^^^^^^^^^^^^^^^^^^^^^^^^^^^^^^
E   AttributeError: module 'hermes_logging' has no attribute 'clear_session_context'. Did you mean: 'set_session_context'?
________ ERROR at teardown of TestGatewayMode.test_gateway_log_created ________
[gw0] win32 -- Python 3.12.10 C:\Users\Simba\AppData\Local\Programs\Python\Python312\python.exe
tests\test_hermes_logging.py:47: in _reset_logging_state
    hermes_logging.clear_session_context()
    ^^^^^^^^^^^^^^^^^^^^^^^^^^^^^^^^^^^^
E   AttributeError: module 'hermes_logging' has no attribute 'clear_session_context'. Did you mean: 'set_session_context'?
________ ERROR at teardown of TestSetupLogging.test_reads_config_yaml _________
[gw4] win32 -- Python 3.12.10 C:\Users\Simba\AppData\Local\Programs\Python\Python312\python.exe
tests\test_hermes_logging.py:47: in _reset_logging_state
    hermes_logging.clear_session_context()
    ^^^^^^^^^^^^^^^^^^^^^^^^^^^^^^^^^^^^
E   AttributeError: module 'hermes_logging' has no attribute 'clear_session_context'. Did you mean: 'set_session_context'?
_____ ERROR at teardown of TestSetupLogging.test_record_factory_installed _____
[gw16] win32 -- Python 3.12.10 C:\Users\Simba\AppData\Local\Programs\Python\Python312\python.exe
tests\test_hermes_logging.py:47: in _reset_logging_state
    hermes_logging.clear_session_context()
    ^^^^^^^^^^^^^^^^^^^^^^^^^^^^^^^^^^^^
E   AttributeError: module 'hermes_logging' has no attribute 'clear_session_context'. Did you mean: 'set_session_context'?
_ ERROR at teardown of TestGatewayMode.test_gateway_log_not_created_in_cli_mode _
[gw0] win32 -- Python 3.12.10 C:\Users\Simba\AppData\Local\Programs\Python\Python312\python.exe
tests\test_hermes_logging.py:47: in _reset_logging_state
    hermes_logging.clear_session_context()
    ^^^^^^^^^^^^^^^^^^^^^^^^^^^^^^^^^^^^
E   AttributeError: module 'hermes_logging' has no attribute 'clear_session_context'. Did you mean: 'set_session_context'?
_ ERROR at teardown of TestGatewayMode.test_gateway_log_receives_gateway_records _
[gw4] win32 -- Python 3.12.10 C:\Users\Simba\AppData\Local\Programs\Python\Python312\python.exe
tests\test_hermes_logging.py:47: in _reset_logging_state
    hermes_logging.clear_session_context()
    ^^^^^^^^^^^^^^^^^^^^^^^^^^^^^^^^^^^^
E   AttributeError: module 'hermes_logging' has no attribute 'clear_session_context'. Did you mean: 'set_session_context'?
------------------------------ Captured log call ------------------------------
[32mINFO    [0m gateway.platforms.telegram:test_hermes_logging.py:269 telegram connected
___ ERROR at teardown of TestGatewayMode.test_agent_log_still_receives_all ____
[gw16] win32 -- Python 3.12.10 C:\Users\Simba\AppData\Local\Programs\Python\Python312\python.exe
tests\test_hermes_logging.py:47: in _reset_logging_state
    hermes_logging.clear_session_context()
    ^^^^^^^^^^^^^^^^^^^^^^^^^^^^^^^^^^^^
E   AttributeError: module 'hermes_logging' has no attribute 'clear_session_context'. Did you mean: 'set_session_context'?
------------------------------ Captured log call ------------------------------
[32mINFO    [0m gateway.run:test_hermes_logging.py:310 gateway msg
[32mINFO    [0m tools.file_tools:test_hermes_logging.py:311 file msg
_ ERROR at teardown of TestGatewayMode.test_gateway_log_rejects_non_gateway_records _
[gw4] win32 -- Python 3.12.10 C:\Users\Simba\AppData\Local\Programs\Python\Python312\python.exe
tests\test_hermes_logging.py:47: in _reset_logging_state
    hermes_logging.clear_session_context()
    ^^^^^^^^^^^^^^^^^^^^^^^^^^^^^^^^^^^^
E   AttributeError: module 'hermes_logging' has no attribute 'clear_session_context'. Did you mean: 'set_session_context'?
------------------------------ Captured log call ------------------------------
[32mINFO    [0m tools.terminal_tool:test_hermes_logging.py:283 running command
[32mINFO    [0m agent.context_compressor:test_hermes_logging.py:286 compressing context
_ ERROR at teardown of TestSessionContext.test_no_session_tag_without_context _
[gw0] win32 -- Python 3.12.10 C:\Users\Simba\AppData\Local\Programs\Python\Python312\python.exe
tests\test_hermes_logging.py:47: in _reset_logging_state
    hermes_logging.clear_session_context()
    ^^^^^^^^^^^^^^^^^^^^^^^^^^^^^^^^^^^^
E   AttributeError: module 'hermes_logging' has no attribute 'clear_session_context'. Did you mean: 'set_session_context'?
___ ERROR at teardown of TestSessionContext.test_session_tag_in_log_output ____
[gw16] win32 -- Python 3.12.10 C:\Users\Simba\AppData\Local\Programs\Python\Python312\python.exe
tests\test_hermes_logging.py:47: in _reset_logging_state
    hermes_logging.clear_session_context()
    ^^^^^^^^^^^^^^^^^^^^^^^^^^^^^^^^^^^^
E   AttributeError: module 'hermes_logging' has no attribute 'clear_session_context'. Did you mean: 'set_session_context'?
------------------------------ Captured log call ------------------------------
[32mINFO    [0m test.session_tag:test_hermes_logging.py:331 tagged message
_______ ERROR at teardown of TestRecordFactory.test_idempotent_install ________
[gw16] win32 -- Python 3.12.10 C:\Users\Simba\AppData\Local\Programs\Python\Python312\python.exe
tests\test_hermes_logging.py:47: in _reset_logging_state
    hermes_logging.clear_session_context()
    ^^^^^^^^^^^^^^^^^^^^^^^^^^^^^^^^^^^^
E   AttributeError: module 'hermes_logging' has no attribute 'clear_session_context'. Did you mean: 'set_session_context'?
______ ERROR at teardown of TestComponentFilter.test_blocks_non_matching ______
[gw3] win32 -- Python 3.12.10 C:\Users\Simba\AppData\Local\Programs\Python\Python312\python.exe
tests\test_hermes_logging.py:47: in _reset_logging_state
    hermes_logging.clear_session_context()
    ^^^^^^^^^^^^^^^^^^^^^^^^^^^^^^^^^^^^
E   AttributeError: module 'hermes_logging' has no attribute 'clear_session_context'. Did you mean: 'set_session_context'?
_____ ERROR at teardown of TestSessionContext.test_clear_session_context ______
[gw0] win32 -- Python 3.12.10 C:\Users\Simba\AppData\Local\Programs\Python\Python312\python.exe
tests\test_hermes_logging.py:47: in _reset_logging_state
    hermes_logging.clear_session_context()
    ^^^^^^^^^^^^^^^^^^^^^^^^^^^^^^^^^^^^
E   AttributeError: module 'hermes_logging' has no attribute 'clear_session_context'. Did you mean: 'set_session_context'?
____ ERROR at teardown of TestRecordFactory.test_empty_tag_without_context ____
[gw4] win32 -- Python 3.12.10 C:\Users\Simba\AppData\Local\Programs\Python\Python312\python.exe
tests\test_hermes_logging.py:47: in _reset_logging_state
    hermes_logging.clear_session_context()
    ^^^^^^^^^^^^^^^^^^^^^^^^^^^^^^^^^^^^
E   AttributeError: module 'hermes_logging' has no attribute 'clear_session_context'. Did you mean: 'set_session_context'?
_______ ERROR at teardown of TestSetupLogging.test_writes_to_agent_log ________
[gw15] win32 -- Python 3.12.10 C:\Users\Simba\AppData\Local\Programs\Python\Python312\python.exe
tests\test_hermes_logging.py:47: in _reset_logging_state
    hermes_logging.clear_session_context()
    ^^^^^^^^^^^^^^^^^^^^^^^^^^^^^^^^^^^^
E   AttributeError: module 'hermes_logging' has no attribute 'clear_session_context'. Did you mean: 'set_session_context'?
------------------------------ Captured log call ------------------------------
[32mINFO    [0m test_hermes_logging.write_test:test_hermes_logging.py:155 test message for agent.log
_____ ERROR at teardown of TestRecordFactory.test_works_with_any_handler ______
[gw16] win32 -- Python 3.12.10 C:\Users\Simba\AppData\Local\Programs\Python\Python312\python.exe
tests\test_hermes_logging.py:47: in _reset_logging_state
    hermes_logging.clear_session_context()
    ^^^^^^^^^^^^^^^^^^^^^^^^^^^^^^^^^^^^
E   AttributeError: module 'hermes_logging' has no attribute 'clear_session_context'. Did you mean: 'set_session_context'?
---------------------------- Captured stderr call -----------------------------
 [any_handler_test] hello
------------------------------ Captured log call ------------------------------
[32mINFO    [0m _test_any_handler:test_hermes_logging.py:455 hello
_______ ERROR at teardown of TestComponentFilter.test_multiple_prefixes _______
[gw3] win32 -- Python 3.12.10 C:\Users\Simba\AppData\Local\Programs\Python\Python312\python.exe
tests\test_hermes_logging.py:47: in _reset_logging_state
    hermes_logging.clear_session_context()
    ^^^^^^^^^^^^^^^^^^^^^^^^^^^^^^^^^^^^
E   AttributeError: module 'hermes_logging' has no attribute 'clear_session_context'. Did you mean: 'set_session_context'?
____ ERROR at teardown of TestComponentFilter.test_passes_matching_prefix _____
[gw0] win32 -- Python 3.12.10 C:\Users\Simba\AppData\Local\Programs\Python\Python312\python.exe
tests\test_hermes_logging.py:47: in _reset_logging_state
    hermes_logging.clear_session_context()
    ^^^^^^^^^^^^^^^^^^^^^^^^^^^^^^^^^^^^
E   AttributeError: module 'hermes_logging' has no attribute 'clear_session_context'. Did you mean: 'set_session_context'?
________ ERROR at teardown of TestRecordFactory.test_tag_with_context _________
[gw4] win32 -- Python 3.12.10 C:\Users\Simba\AppData\Local\Programs\Python\Python312\python.exe
tests\test_hermes_logging.py:47: in _reset_logging_state
    hermes_logging.clear_session_context()
    ^^^^^^^^^^^^^^^^^^^^^^^^^^^^^^^^^^^^
E   AttributeError: module 'hermes_logging' has no attribute 'clear_session_context'. Did you mean: 'set_session_context'?
___ ERROR at teardown of TestSetupLogging.test_warnings_appear_in_both_logs ___
[gw15] win32 -- Python 3.12.10 C:\Users\Simba\AppData\Local\Programs\Python\Python312\python.exe
tests\test_hermes_logging.py:47: in _reset_logging_state
    hermes_logging.clear_session_context()
    ^^^^^^^^^^^^^^^^^^^^^^^^^^^^^^^^^^^^
E   AttributeError: module 'hermes_logging' has no attribute 'clear_session_context'. Did you mean: 'set_session_context'?
------------------------------ Captured log call ------------------------------
[33mWARNING [0m test_hermes_logging.warning_test:test_hermes_logging.py:170 this is a warning
________ ERROR at teardown of TestComponentPrefixes.test_agent_prefix _________
[gw3] win32 -- Python 3.12.10 C:\Users\Simba\AppData\Local\Programs\Python\Python312\python.exe
tests\test_hermes_logging.py:47: in _reset_logging_state
    hermes_logging.clear_session_context()
    ^^^^^^^^^^^^^^^^^^^^^^^^^^^^^^^^^^^^
E   AttributeError: module 'hermes_logging' has no attribute 'clear_session_context'. Did you mean: 'set_session_context'?
_______ ERROR at teardown of TestComponentPrefixes.test_gateway_prefix ________
[gw16] win32 -- Python 3.12.10 C:\Users\Simba\AppData\Local\Programs\Python\Python312\python.exe
tests\test_hermes_logging.py:47: in _reset_logging_state
    hermes_logging.clear_session_context()
    ^^^^^^^^^^^^^^^^^^^^^^^^^^^^^^^^^^^^
E   AttributeError: module 'hermes_logging' has no attribute 'clear_session_context'. Did you mean: 'set_session_context'?
_ ERROR at teardown of TestComponentFilter.test_passes_nested_matching_prefix _
[gw0] win32 -- Python 3.12.10 C:\Users\Simba\AppData\Local\Programs\Python\Python312\python.exe
tests\test_hermes_logging.py:47: in _reset_logging_state
    hermes_logging.clear_session_context()
    ^^^^^^^^^^^^^^^^^^^^^^^^^^^^^^^^^^^^
E   AttributeError: module 'hermes_logging' has no attribute 'clear_session_context'. Did you mean: 'set_session_context'?
________ ERROR at teardown of TestComponentPrefixes.test_tools_prefix _________
[gw4] win32 -- Python 3.12.10 C:\Users\Simba\AppData\Local\Programs\Python\Python312\python.exe
tests\test_hermes_logging.py:47: in _reset_logging_state
    hermes_logging.clear_session_context()
    ^^^^^^^^^^^^^^^^^^^^^^^^^^^^^^^^^^^^
E   AttributeError: module 'hermes_logging' has no attribute 'clear_session_context'. Did you mean: 'set_session_context'?
_________ ERROR at teardown of TestComponentPrefixes.test_cli_prefix __________
[gw15] win32 -- Python 3.12.10 C:\Users\Simba\AppData\Local\Programs\Python\Python312\python.exe
tests\test_hermes_logging.py:47: in _reset_logging_state
    hermes_logging.clear_session_context()
    ^^^^^^^^^^^^^^^^^^^^^^^^^^^^^^^^^^^^
E   AttributeError: module 'hermes_logging' has no attribute 'clear_session_context'. Did you mean: 'set_session_context'?
_________ ERROR at teardown of TestComponentPrefixes.test_cron_prefix _________
[gw16] win32 -- Python 3.12.10 C:\Users\Simba\AppData\Local\Programs\Python\Python312\python.exe
tests\test_hermes_logging.py:47: in _reset_logging_state
    hermes_logging.clear_session_context()
    ^^^^^^^^^^^^^^^^^^^^^^^^^^^^^^^^^^^^
E   AttributeError: module 'hermes_logging' has no attribute 'clear_session_context'. Did you mean: 'set_session_context'?
____ ERROR at teardown of TestSetupVerboseLogging.test_adds_stream_handler ____
[gw3] win32 -- Python 3.12.10 C:\Users\Simba\AppData\Local\Programs\Python\Python312\python.exe
tests\test_hermes_logging.py:47: in _reset_logging_state
    hermes_logging.clear_session_context()
    ^^^^^^^^^^^^^^^^^^^^^^^^^^^^^^^^^^^^
E   AttributeError: module 'hermes_logging' has no attribute 'clear_session_context'. Did you mean: 'set_session_context'?
_____ ERROR at teardown of TestAddRotatingHandler.test_creates_directory ______
[gw4] win32 -- Python 3.12.10 C:\Users\Simba\AppData\Local\Programs\Python\Python312\python.exe
tests\test_hermes_logging.py:47: in _reset_logging_state
    hermes_logging.clear_session_context()
    ^^^^^^^^^^^^^^^^^^^^^^^^^^^^^^^^^^^^
E   AttributeError: module 'hermes_logging' has no attribute 'clear_session_context'. Did you mean: 'set_session_context'?
________ ERROR at teardown of TestSetupVerboseLogging.test_idempotent _________
[gw0] win32 -- Python 3.12.10 C:\Users\Simba\AppData\Local\Programs\Python\Python312\python.exe
tests\test_hermes_logging.py:47: in _reset_logging_state
    hermes_logging.clear_session_context()
    ^^^^^^^^^^^^^^^^^^^^^^^^^^^^^^^^^^^^
E   AttributeError: module 'hermes_logging' has no attribute 'clear_session_context'. Did you mean: 'set_session_context'?
_ ERROR at teardown of TestAddRotatingHandler.test_no_duplicate_for_same_path _
[gw15] win32 -- Python 3.12.10 C:\Users\Simba\AppData\Local\Programs\Python\Python312\python.exe
tests\test_hermes_logging.py:47: in _reset_logging_state
    hermes_logging.clear_session_context()
    ^^^^^^^^^^^^^^^^^^^^^^^^^^^^^^^^^^^^
E   AttributeError: module 'hermes_logging' has no attribute 'clear_session_context'. Did you mean: 'set_session_context'?
_ ERROR at teardown of TestAddRotatingHandler.test_no_session_filter_on_handler _
[gw16] win32 -- Python 3.12.10 C:\Users\Simba\AppData\Local\Programs\Python\Python312\python.exe
tests\test_hermes_logging.py:47: in _reset_logging_state
    hermes_logging.clear_session_context()
    ^^^^^^^^^^^^^^^^^^^^^^^^^^^^^^^^^^^^
E   AttributeError: module 'hermes_logging' has no attribute 'clear_session_context'. Did you mean: 'set_session_context'?
------------------------------ Captured log call ------------------------------
[32mINFO    [0m _test_no_session_filter:test_hermes_logging.py:647 test msg
____ ERROR at teardown of TestAddRotatingHandler.test_log_filter_attached _____
[gw3] win32 -- Python 3.12.10 C:\Users\Simba\AppData\Local\Programs\Python\Python312\python.exe
tests\test_hermes_logging.py:47: in _reset_logging_state
    hermes_logging.clear_session_context()
    ^^^^^^^^^^^^^^^^^^^^^^^^^^^^^^^^^^^^
E   AttributeError: module 'hermes_logging' has no attribute 'clear_session_context'. Did you mean: 'set_session_context'?
_ ERROR at teardown of TestReadLoggingConfig.test_returns_none_when_no_config _
[gw4] win32 -- Python 3.12.10 C:\Users\Simba\AppData\Local\Programs\Python\Python312\python.exe
tests\test_hermes_logging.py:47: in _reset_logging_state
    hermes_logging.clear_session_context()
    ^^^^^^^^^^^^^^^^^^^^^^^^^^^^^^^^^^^^
E   AttributeError: module 'hermes_logging' has no attribute 'clear_session_context'. Did you mean: 'set_session_context'?
_ ERROR at teardown of TestReadLoggingConfig.test_handles_missing_logging_section _
[gw16] win32 -- Python 3.12.10 C:\Users\Simba\AppData\Local\Programs\Python\Python312\python.exe
tests\test_hermes_logging.py:47: in _reset_logging_state
    hermes_logging.clear_session_context()
    ^^^^^^^^^^^^^^^^^^^^^^^^^^^^^^^^^^^^
E   AttributeError: module 'hermes_logging' has no attribute 'clear_session_context'. Did you mean: 'set_session_context'?
____ ERROR at teardown of TestReadLoggingConfig.test_reads_logging_section ____
[gw15] win32 -- Python 3.12.10 C:\Users\Simba\AppData\Local\Programs\Python\Python312\python.exe
tests\test_hermes_logging.py:47: in _reset_logging_state
    hermes_logging.clear_session_context()
    ^^^^^^^^^^^^^^^^^^^^^^^^^^^^^^^^^^^^
E   AttributeError: module 'hermes_logging' has no attribute 'clear_session_context'. Did you mean: 'set_session_context'?
_ ERROR at teardown of TestAddRotatingHandler.test_managed_mode_rollover_sets_group_writable _
[gw0] win32 -- Python 3.12.10 C:\Users\Simba\AppData\Local\Programs\Python\Python312\python.exe
tests\test_hermes_logging.py:47: in _reset_logging_state
    hermes_logging.clear_session_context()
    ^^^^^^^^^^^^^^^^^^^^^^^^^^^^^^^^^^^^
E   AttributeError: module 'hermes_logging' has no attribute 'clear_session_context'. Did you mean: 'set_session_context'?
------------------------------ Captured log call ------------------------------
[32mINFO    [0m _test_rotating_managed_rollover:test_hermes_logging.py:698 aaaaaaaaaaaaaaaaaaaaaaaaaaaaaaaaaaaaaaaaaaaaaaaaaaaaaaaaaaaaaaaaaaaaaaaaaaaaaaaaaaaaaaaaaaaaaaaaaaaaaaaaaaaaaaaaaaaaaaaaaaaaaaaaaaaaaaaaaaaaaaaaaaaaaaaaaaaaaaaaaaaaaaaaaaaaaaaaaaaaaaaaaaaaaaaaaaaaaaaaaaaaaaaaaaaaaaaaaaaaaaaaaaaaaaaaaaaaaaaaaaaaaaaaaaaaaaaa
_ ERROR at teardown of TestAddRotatingHandler.test_managed_mode_initial_open_sets_group_writable _
[gw18] win32 -- Python 3.12.10 C:\Users\Simba\AppData\Local\Programs\Python\Python312\python.exe
tests\test_hermes_logging.py:47: in _reset_logging_state
    hermes_logging.clear_session_context()
    ^^^^^^^^^^^^^^^^^^^^^^^^^^^^^^^^^^^^
E   AttributeError: module 'hermes_logging' has no attribute 'clear_session_context'. Did you mean: 'set_session_context'?
_ ERROR at setup of TestYoloMode.test_dangerous_command_approved_in_yolo_mode _
[gw16] win32 -- Python 3.12.10 C:\Users\Simba\AppData\Local\Programs\Python\Python312\python.exe
tests\tools\test_yolo_mode.py:24: in _clear_approval_state
    approval_module.clear_session("default")
    ^^^^^^^^^^^^^^^^^^^^^^^^^^^^^
E   AttributeError: module 'tools.approval' has no attribute 'clear_session'
______ ERROR at setup of TestYoloMode.test_yolo_mode_not_set_by_default _______
[gw16] win32 -- Python 3.12.10 C:\Users\Simba\AppData\Local\Programs\Python\Python312\python.exe
tests\tools\test_yolo_mode.py:24: in _clear_approval_state
    approval_module.clear_session("default")
    ^^^^^^^^^^^^^^^^^^^^^^^^^^^^^
E   AttributeError: module 'tools.approval' has no attribute 'clear_session'
____ ERROR at setup of TestYoloMode.test_combined_guard_bypasses_yolo_mode ____
[gw4] win32 -- Python 3.12.10 C:\Users\Simba\AppData\Local\Programs\Python\Python312\python.exe
tests\tools\test_yolo_mode.py:24: in _clear_approval_state
    approval_module.clear_session("default")
    ^^^^^^^^^^^^^^^^^^^^^^^^^^^^^
E   AttributeError: module 'tools.approval' has no attribute 'clear_session'
_ ERROR at setup of TestYoloMode.test_session_scoped_yolo_only_bypasses_current_session _
[gw16] win32 -- Python 3.12.10 C:\Users\Simba\AppData\Local\Programs\Python\Python312\python.exe
tests\tools\test_yolo_mode.py:24: in _clear_approval_state
    approval_module.clear_session("default")
    ^^^^^^^^^^^^^^^^^^^^^^^^^^^^^
E   AttributeError: module 'tools.approval' has no attribute 'clear_session'
___ ERROR at setup of TestYoloMode.test_dangerous_command_blocked_normally ____
[gw3] win32 -- Python 3.12.10 C:\Users\Simba\AppData\Local\Programs\Python\Python312\python.exe
tests\tools\test_yolo_mode.py:24: in _clear_approval_state
    approval_module.clear_session("default")
    ^^^^^^^^^^^^^^^^^^^^^^^^^^^^^
E   AttributeError: module 'tools.approval' has no attribute 'clear_session'
_ ERROR at setup of TestYoloMode.test_session_scoped_yolo_bypasses_combined_guard_only_for_current_session _
[gw4] win32 -- Python 3.12.10 C:\Users\Simba\AppData\Local\Programs\Python\Python312\python.exe
tests\tools\test_yolo_mode.py:24: in _clear_approval_state
    approval_module.clear_session("default")
    ^^^^^^^^^^^^^^^^^^^^^^^^^^^^^
E   AttributeError: module 'tools.approval' has no attribute 'clear_session'
_ ERROR at setup of TestYoloMode.test_clear_session_removes_session_yolo_state _
[gw16] win32 -- Python 3.12.10 C:\Users\Simba\AppData\Local\Programs\Python\Python312\python.exe
tests\tools\test_yolo_mode.py:24: in _clear_approval_state
    approval_module.clear_session("default")
    ^^^^^^^^^^^^^^^^^^^^^^^^^^^^^
E   AttributeError: module 'tools.approval' has no attribute 'clear_session'
_ ERROR at teardown of TestSessionContext.test_session_context_thread_isolated _
[gw12] win32 -- Python 3.12.10 C:\Users\Simba\AppData\Local\Programs\Python\Python312\python.exe
tests\test_hermes_logging.py:47: in _reset_logging_state
    hermes_logging.clear_session_context()
    ^^^^^^^^^^^^^^^^^^^^^^^^^^^^^^^^^^^^
E   AttributeError: module 'hermes_logging' has no attribute 'clear_session_context'. Did you mean: 'set_session_context'?
------------------------------ Captured log call ------------------------------
[32mINFO    [0m test.thread_a:test_hermes_logging.py:385 from thread A
[32mINFO    [0m test.thread_b:test_hermes_logging.py:391 from thread B
_____ ERROR at teardown of TestRecordFactory.test_record_has_session_tag ______
[gw12] win32 -- Python 3.12.10 C:\Users\Simba\AppData\Local\Programs\Python\Python312\python.exe
tests\test_hermes_logging.py:47: in _reset_logging_state
    hermes_logging.clear_session_context()
    ^^^^^^^^^^^^^^^^^^^^^^^^^^^^^^^^^^^^
E   AttributeError: module 'hermes_logging' has no attribute 'clear_session_context'. Did you mean: 'set_session_context'?
____ ERROR at setup of TestYoloMode.test_yolo_mode_works_for_all_patterns _____
[gw0] win32 -- Python 3.12.10 C:\Users\Simba\AppData\Local\Programs\Python\Python312\python.exe
tests\tools\test_yolo_mode.py:24: in _clear_approval_state
    approval_module.clear_session("default")
    ^^^^^^^^^^^^^^^^^^^^^^^^^^^^^
E   AttributeError: module 'tools.approval' has no attribute 'clear_session'
_ ERROR at setup of TestYoloMode.test_yolo_mode_empty_string_does_not_bypass __
[gw14] win32 -- Python 3.12.10 C:\Users\Simba\AppData\Local\Programs\Python\Python312\python.exe
tests\tools\test_yolo_mode.py:24: in _clear_approval_state
    approval_module.clear_session("default")
    ^^^^^^^^^^^^^^^^^^^^^^^^^^^^^
E   AttributeError: module 'tools.approval' has no attribute 'clear_session'
================================== FAILURES ===================================
_________________ TestImageFileDrop.test_uppercase_extension __________________
[gw10] win32 -- Python 3.12.10 C:\Users\Simba\AppData\Local\Programs\Python\Python312\python.exe
tests\cli\test_cli_file_drop.py:105: in test_uppercase_extension
    assert result is not None
E   assert None is not None
______________ TestImageFileDrop.test_all_image_extensions[.bmp] ______________
[gw9] win32 -- Python 3.12.10 C:\Users\Simba\AppData\Local\Programs\Python\Python312\python.exe
tests\cli\test_cli_file_drop.py:98: in test_all_image_extensions
    assert result is not None
E   assert None is not None
_________ TestConfigFilePermissions.test_ensure_hermes_home_sets_0700 _________
[gw15] win32 -- Python 3.12.10 C:\Users\Simba\AppData\Local\Programs\Python\Python312\python.exe
tests\cron\test_file_permissions.py:115: in test_ensure_hermes_home_sets_0700
    self.assertEqual(home_mode, 0o700)
E   AssertionError: 511 != 448
___________ TestHelpers.test_get_effective_display_merges_correctly ___________
[gw16] win32 -- Python 3.12.10 C:\Users\Simba\AppData\Local\Programs\Python\Python312\python.exe
tests\gateway\test_display_config.py:231: in test_get_effective_display_merges_correctly
    from gateway.display_config import get_effective_display
E   ImportError: cannot import name 'get_effective_display' from 'gateway.display_config' (C:\Users\Simba\Desktop\DEV\duskHermes\d60\gateway\display_config.py)
______________________ test_no_focus_topic_no_injection _______________________
[gw2] win32 -- Python 3.12.10 C:\Users\Simba\AppData\Local\Programs\Python\Python312\python.exe
tests\agent\test_compress_focus.py:78: in test_no_focus_topic_no_injection
    prompt_text = captured_prompt["messages"][0]["content"]
                  ^^^^^^^^^^^^^^^^^^^^^^^^^^^
E   KeyError: 'messages'
------------------------------ Captured log call ------------------------------
[33mWARNING [0m root:context_compressor.py:477 Failed to generate context summary: 'ContextCompressor' object has no attribute 'model'. Further summary attempts paused for 600 seconds.
______________ TestImageFileDrop.test_all_image_extensions[.png] ______________
[gw8] win32 -- Python 3.12.10 C:\Users\Simba\AppData\Local\Programs\Python\Python312\python.exe
tests\cli\test_cli_file_drop.py:98: in test_all_image_extensions
    assert result is not None
E   assert None is not None
_________________ TestEscapedSpaces.test_tilde_prefixed_path __________________
[gw11] win32 -- Python 3.12.10 C:\Users\Simba\AppData\Local\Programs\Python\Python312\python.exe
tests\cli\test_cli_file_drop.py:159: in test_tilde_prefixed_path
    assert result is not None
E   assert None is not None
____________________ TestNonImageFileDrop.test_python_file ____________________
[gw10] win32 -- Python 3.12.10 C:\Users\Simba\AppData\Local\Programs\Python\Python312\python.exe
tests\cli\test_cli_file_drop.py:116: in test_python_file
    assert result is not None
E   assert None is not None
_____________ TestImageFileDrop.test_all_image_extensions[.tiff] ______________
[gw9] win32 -- Python 3.12.10 C:\Users\Simba\AppData\Local\Programs\Python\Python312\python.exe
tests\cli\test_cli_file_drop.py:98: in test_all_image_extensions
    assert result is not None
E   assert None is not None
____________ TestConfigFilePermissions.test_save_config_sets_0600 _____________
[gw15] win32 -- Python 3.12.10 C:\Users\Simba\AppData\Local\Programs\Python\Python312\python.exe
tests\cron\test_file_permissions.py:96: in test_save_config_sets_0600
    self.assertEqual(file_mode, 0o600)
E   AssertionError: 438 != 384
______ TestHonchoUserIdScoping.test_gateway_user_id_overrides_peer_name _______
[gw5] win32 -- Python 3.12.10 C:\Users\Simba\AppData\Local\Programs\Python\Python312\python.exe
tests\agent\test_memory_user_id.py:238: in test_gateway_user_id_overrides_peer_name
    assert mock_cfg.peer_name == "discord_user_789"
E   AssertionError: assert 'static-user' == 'discord_user_789'
E     
E     [0m[91m- discord_user_789[39;49;00m[90m[39;49;00m
E     [92m+ static-user[39;49;00m[90m[39;49;00m
____ test_secret_capture_callback_can_be_completed_from_cli_state_machine _____
[gw13] win32 -- Python 3.12.10 C:\Users\Simba\AppData\Local\Programs\Python\Python312\python.exe
tests\cli\test_cli_secret_capture.py:65: in test_secret_capture_callback_can_be_completed_from_cli_state_machine
    assert results[0]["success"] is True
           ^^^^^^^^^^
E   IndexError: list index out of range
______________ TestImageFileDrop.test_all_image_extensions[.jpg] ______________
[gw8] win32 -- Python 3.12.10 C:\Users\Simba\AppData\Local\Programs\Python\Python312\python.exe
tests\cli\test_cli_file_drop.py:98: in test_all_image_extensions
    assert result is not None
E   assert None is not None
_____________ TestHelpers.test_get_platform_defaults_returns_dict _____________
[gw16] win32 -- Python 3.12.10 C:\Users\Simba\AppData\Local\Programs\Python\Python312\python.exe
tests\gateway\test_display_config.py:248: in test_get_platform_defaults_returns_dict
    from gateway.display_config import get_platform_defaults
E   ImportError: cannot import name 'get_platform_defaults' from 'gateway.display_config' (C:\Users\Simba\Desktop\DEV\duskHermes\d60\gateway\display_config.py)
__________________ TestEdgeCases.test_path_with_no_extension __________________
[gw11] win32 -- Python 3.12.10 C:\Users\Simba\AppData\Local\Programs\Python\Python312\python.exe
tests\cli\test_cli_file_drop.py:174: in test_path_with_no_extension
    assert result is not None
E   assert None is not None
___________ TestConfigFilePermissions.test_save_env_value_sets_0600 ___________
[gw15] win32 -- Python 3.12.10 C:\Users\Simba\AppData\Local\Programs\Python\Python312\python.exe
tests\cron\test_file_permissions.py:106: in test_save_env_value_sets_0600
    self.assertEqual(file_mode, 0o600)
E   AssertionError: 438 != 384
___________ TestNonImageFileDrop.test_non_image_with_trailing_text ____________
[gw10] win32 -- Python 3.12.10 C:\Users\Simba\AppData\Local\Programs\Python\Python312\python.exe
tests\cli\test_cli_file_drop.py:124: in test_non_image_with_trailing_text
    assert result is not None
E   assert None is not None
______________ TestImageFileDrop.test_all_image_extensions[.tif] ______________
[gw9] win32 -- Python 3.12.10 C:\Users\Simba\AppData\Local\Programs\Python\Python312\python.exe
tests\cli\test_cli_file_drop.py:98: in test_all_image_extensions
    assert result is not None
E   assert None is not None
_ TestAuxiliaryPoolAwareness.test_vision_auto_uses_active_provider_as_fallback _
[gw1] win32 -- Python 3.12.10 C:\Users\Simba\AppData\Local\Programs\Python\Python312\python.exe
tests\agent\test_auxiliary_client.py:789: in test_vision_auto_uses_active_provider_as_fallback
    client, model = get_vision_auxiliary_client()
                    ^^^^^^^^^^^^^^^^^^^^^^^^^^^
E   NameError: name 'get_vision_auxiliary_client' is not defined
_____________ TestReadCodexAccessToken.test_missing_returns_none ______________
[gw0] win32 -- Python 3.12.10 C:\Users\Simba\AppData\Local\Programs\Python\Python312\python.exe
tests\agent\test_auxiliary_client.py:93: in test_missing_returns_none
    assert result is None
E   AssertionError: assert 'access-new' is None
------------------------------ Captured log call ------------------------------
[32mINFO    [0m agent.credential_pool:credential_pool.py:1167 Importing Codex CLI tokens into Hermes auth store.
______ TestSubdirectoryHintTracker.test_terminal_command_path_extraction ______
[gw5] win32 -- Python 3.12.10 C:\Users\Simba\AppData\Local\Programs\Python\Python312\python.exe
tests\agent\test_subdirectory_hints.py:104: in test_terminal_command_path_extraction
    assert result is not None
E   assert None is not None
_________ TestEdgeCases.test_path_that_looks_like_command_but_is_file _________
[gw11] win32 -- Python 3.12.10 C:\Users\Simba\AppData\Local\Programs\Python\Python312\python.exe
tests\cli\test_cli_file_drop.py:182: in test_path_that_looks_like_command_but_is_file
    assert result is not None
E   assert None is not None
_____________ TestImageFileDrop.test_all_image_extensions[.jpeg] ______________
[gw8] win32 -- Python 3.12.10 C:\Users\Simba\AppData\Local\Programs\Python\Python312\python.exe
tests\cli\test_cli_file_drop.py:98: in test_all_image_extensions
    assert result is not None
E   assert None is not None
______________ TestImageFileDrop.test_all_image_extensions[.svg] ______________
[gw9] win32 -- Python 3.12.10 C:\Users\Simba\AppData\Local\Programs\Python\Python312\python.exe
tests\cli\test_cli_file_drop.py:98: in test_all_image_extensions
    assert result is not None
E   assert None is not None
________________ TestEscapedSpaces.test_escaped_spaces_in_path ________________
[gw10] win32 -- Python 3.12.10 C:\Users\Simba\AppData\Local\Programs\Python\Python312\python.exe
tests\cli\test_cli_file_drop.py:138: in test_escaped_spaces_in_path
    assert result is not None
E   assert None is not None
______________ TestImageFileDrop.test_all_image_extensions[.gif] ______________
[gw8] win32 -- Python 3.12.10 C:\Users\Simba\AppData\Local\Programs\Python\Python312\python.exe
tests\cli\test_cli_file_drop.py:98: in test_all_image_extensions
    assert result is not None
E   assert None is not None
____________ TestSubdirectoryHintTracker.test_terminal_cd_command _____________
[gw5] win32 -- Python 3.12.10 C:\Users\Simba\AppData\Local\Programs\Python\Python312\python.exe
tests\agent\test_subdirectory_hints.py:113: in test_terminal_cd_command
    assert result is not None
E   assert None is not None
__________ TestEscapedSpaces.test_escaped_spaces_with_trailing_text ___________
[gw10] win32 -- Python 3.12.10 C:\Users\Simba\AppData\Local\Programs\Python\Python312\python.exe
tests\cli\test_cli_file_drop.py:146: in test_escaped_spaces_with_trailing_text
    assert result is not None
E   assert None is not None
______________ TestImageFileDrop.test_all_image_extensions[.ico] ______________
[gw9] win32 -- Python 3.12.10 C:\Users\Simba\AppData\Local\Programs\Python\Python312\python.exe
tests\cli\test_cli_file_drop.py:98: in test_all_image_extensions
    assert result is not None
E   assert None is not None
_ TestMemoryManagerUserIdThreading.test_multiple_providers_all_receive_user_id _
[gw4] win32 -- Python 3.12.10 C:\Users\Simba\AppData\Local\Programs\Python\Python312\python.exe
tests\agent\test_memory_user_id.py:112: in test_multiple_providers_all_receive_user_id
    from agent.builtin_memory_provider import BuiltinMemoryProvider
E   ModuleNotFoundError: No module named 'agent.builtin_memory_provider'
_____________ TestImageFileDrop.test_all_image_extensions[.webp] ______________
[gw8] win32 -- Python 3.12.10 C:\Users\Simba\AppData\Local\Programs\Python\Python312\python.exe
tests\cli\test_cli_file_drop.py:98: in test_all_image_extensions
    assert result is not None
E   assert None is not None
_____________________ TestEdgeCases.test_symlink_to_file ______________________
[gw11] win32 -- Python 3.12.10 C:\Users\Simba\AppData\Local\Programs\Python\Python312\python.exe
tests\cli\test_cli_file_drop.py:187: in test_symlink_to_file
    link.symlink_to(tmp_image)
..\..\..\..\AppData\Local\Programs\Python\Python312\Lib\pathlib.py:1386: in symlink_to
    os.symlink(target, self, target_is_directory)
E   OSError: [WinError 1314] Gereken ayr²cal²k istemci taraf²ndan sa­lanm²yor: 'C:\\Users\\Simba\\AppData\\Local\\Temp\\pytest-of-Simba\\pytest-407\\popen-gw11\\test_symlink_to_file0\\screenshot.png' -> 'C:\\Users\\Simba\\AppData\\Local\\Temp\\pytest-of-Simba\\pytest-407\\popen-gw11\\test_symlink_to_file0\\link.png'
________ TestGatewayBridgeCodeParity.test_gateway_has_auxiliary_bridge ________
[gw1] win32 -- Python 3.12.10 C:\Users\Simba\AppData\Local\Programs\Python\Python312\python.exe
tests\agent\test_auxiliary_config_bridge.py:203: in test_gateway_has_auxiliary_bridge
    content = gateway_path.read_text()
              ^^^^^^^^^^^^^^^^^^^^^^^^
..\..\..\..\AppData\Local\Programs\Python\Python312\Lib\pathlib.py:1028: in read_text
    return f.read()
           ^^^^^^^^
..\..\..\..\AppData\Local\Programs\Python\Python312\Lib\encodings\cp1254.py:23: in decode
    return codecs.charmap_decode(input,self.errors,decoding_table)[0]
           ^^^^^^^^^^^^^^^^^^^^^^^^^^^^^^^^^^^^^^^^^^^^^^^^^^^^^^^
E   UnicodeDecodeError: 'charmap' codec can't decode byte 0x8f in position 63679: character maps to <undefined>
________________ test_secret_capture_uses_getpass_without_tui _________________
[gw13] win32 -- Python 3.12.10 C:\Users\Simba\AppData\Local\Programs\Python\Python312\python.exe
tests\cli\test_cli_secret_capture.py:97: in test_secret_capture_uses_getpass_without_tui
    result = prompt_for_secret(cli, "TENOR_API_KEY", "Tenor API key")
             ^^^^^^^^^^^^^^^^^^^^^^^^^^^^^^^^^^^^^^^^^^^^^^^^^^^^^^^^
hermes_cli\callbacks.py:95: in prompt_for_secret
    cprint(f"\\n{_DIM}  \u2713 Stored secret in {_dhh}/.env as {var_name}{_RST}")
hermes_cli\banner.py:38: in cprint
    _pt_print(_PT_ANSI(text))
..\..\..\..\AppData\Local\Programs\Python\Python312\Lib\site-packages\prompt_toolkit\shortcuts\utils.py:111: in print_formatted_text
    output = get_app_session().output
             ^^^^^^^^^^^^^^^^^^^^^^^^
..\..\..\..\AppData\Local\Programs\Python\Python312\Lib\site-packages\prompt_toolkit\application\current.py:67: in output
    self._output = create_output()
                   ^^^^^^^^^^^^^^^
..\..\..\..\AppData\Local\Programs\Python\Python312\Lib\site-packages\prompt_toolkit\output\defaults.py:91: in create_output
    return Win32Output(stdout, default_color_depth=color_depth_from_env)
           ^^^^^^^^^^^^^^^^^^^^^^^^^^^^^^^^^^^^^^^^^^^^^^^^^^^^^^^^^^^^^
..\..\..\..\AppData\Local\Programs\Python\Python312\Lib\site-packages\prompt_toolkit\output\win32.py:115: in __init__
    info = self.get_win32_screen_buffer_info()
           ^^^^^^^^^^^^^^^^^^^^^^^^^^^^^^^^^^^
..\..\..\..\AppData\Local\Programs\Python\Python312\Lib\site-packages\prompt_toolkit\output\win32.py:219: in get_win32_screen_buffer_info
    raise NoConsoleScreenBufferError
E   prompt_toolkit.output.win32.NoConsoleScreenBufferError: No Windows console found. Are you running cmd.exe?
___ TestCollectQueryImages.test_collect_query_images_extracts_leading_path ____
[gw11] win32 -- Python 3.12.10 C:\Users\Simba\AppData\Local\Programs\Python\Python312\python.exe
tests\cli\test_cli_image_command.py:70: in test_collect_query_images_extracts_leading_path
    assert message == "what do you see?"
E   AssertionError: assert 'C:\\Users\\S...t do you see?' == 'what do you see?'
E     
E     [0m[91m- what do you see?[39;49;00m[90m[39;49;00m
E     [92m+ C:\Users\Simba\AppData\Local\Temp\pytest-of-Simba\pytest-407\popen-gw11\test_collect_query_images_extr0\camera.png what do you see?[39;49;00m[90m[39;49;00m
__________ TestConfigEnvOverrides.test_email_not_loaded_without_env ___________
[gw16] win32 -- Python 3.12.10 C:\Users\Simba\AppData\Local\Programs\Python\Python312\python.exe
tests\gateway\test_email.py:71: in test_email_not_loaded_without_env
    config = GatewayConfig()
             ^^^^^^^^^^^^^^^
<string>:9: in __init__
    ???
gateway\config.py:242: in <lambda>
    sessions_dir: Path = field(default_factory=lambda: get_hermes_home() / "sessions")
                                                       ^^^^^^^^^^^^^^^^^
hermes_constants.py:17: in get_hermes_home
    return Path(os.getenv("HERMES_HOME", Path.home() / ".hermes"))
                                         ^^^^^^^^^^^
..\..\..\..\AppData\Local\Programs\Python\Python312\Lib\pathlib.py:1202: in home
    return cls("~").expanduser()
           ^^^^^^^^^^^^^^^^^^^^^
..\..\..\..\AppData\Local\Programs\Python\Python312\Lib\pathlib.py:1406: in expanduser
    raise RuntimeError("Could not determine home directory.")
E   RuntimeError: Could not determine home directory.
_____ TestGatewayBridgeCodeParity.test_gateway_no_compression_env_bridge ______
[gw1] win32 -- Python 3.12.10 C:\Users\Simba\AppData\Local\Programs\Python\Python312\python.exe
tests\agent\test_auxiliary_config_bridge.py:217: in test_gateway_no_compression_env_bridge
    content = gateway_path.read_text()
              ^^^^^^^^^^^^^^^^^^^^^^^^
..\..\..\..\AppData\Local\Programs\Python\Python312\Lib\pathlib.py:1028: in read_text
    return f.read()
           ^^^^^^^^
..\..\..\..\AppData\Local\Programs\Python\Python312\Lib\encodings\cp1254.py:23: in decode
    return codecs.charmap_decode(input,self.errors,decoding_table)[0]
           ^^^^^^^^^^^^^^^^^^^^^^^^^^^^^^^^^^^^^^^^^^^^^^^^^^^^^^^
E   UnicodeDecodeError: 'charmap' codec can't decode byte 0x8f in position 63679: character maps to <undefined>
____________ TestChannelDirectory.test_email_in_session_discovery _____________
[gw16] win32 -- Python 3.12.10 C:\Users\Simba\AppData\Local\Programs\Python\Python312\python.exe
tests\gateway\test_email.py:340: in test_email_in_session_discovery
    self.assertIn('"email"', source)
E   AssertionError: '"email"' not found in 'def build_channel_directory(adapters: Dict[Any, Any]) -> Dict[str, Any]:\n    """\n    Build a channel directory from connected platform adapters and session data.\n\n    Returns the directory dict and writes it to DIRECTORY_PATH.\n    """\n    from gateway.config import Platform\n\n    platforms: Dict[str, List[Dict[str, str]]] = {}\n\n    for platform, adapter in adapters.items():\n        try:\n            if platform == Platform.DISCORD:\n                platforms["discord"] = _build_discord(adapter)\n            elif platform == Platform.SLACK:\n                platforms["slack"] = _build_slack(adapter)\n        except Exception as e:\n            logger.warning("Channel directory: failed to build %s: %s", platform.value, e)\n\n    # Platforms that don\'t support direct channel enumeration get session-based\n    # discovery automatically.  Skip infrastructure entries that aren\'t messaging\n    # platforms ù everything else falls through to _build_from_sessions().\n    _SKIP_SESSION_DISCOVERY = frozenset({"local", "api_server", "webhook"})\n    for plat in Platform:\n        plat_name = plat.value\n        if plat_name in _SKIP_SESSION_DISCOVERY or plat_name in platforms:\n            continue\n        platforms[plat_name] = _build_from_sessions(plat_name)\n\n    directory = {\n        "updated_at": datetime.now().isoformat(),\n        "platforms": platforms,\n    }\n\n    try:\n        atomic_json_write(DIRECTORY_PATH, directory)\n    except Exception as e:\n        logger.warning("Channel directory: failed to write: %s", e)\n\n    return directory\n'
___________ test_secret_capture_timeout_clears_hidden_input_buffer ____________
[gw13] win32 -- Python 3.12.10 C:\Users\Simba\AppData\Local\Programs\Python\Python312\python.exe
tests\cli\test_cli_secret_capture.py:117: in test_secret_capture_timeout_clears_hidden_input_buffer
    result = prompt_for_secret(cli, "TENOR_API_KEY", "Tenor API key")
             ^^^^^^^^^^^^^^^^^^^^^^^^^^^^^^^^^^^^^^^^^^^^^^^^^^^^^^^^
hermes_cli\callbacks.py:175: in prompt_for_secret
    cprint(f"\\n{_DIM}  \u23f1 Timeout \u2014 secret capture cancelled{_RST}")
hermes_cli\banner.py:38: in cprint
    _pt_print(_PT_ANSI(text))
..\..\..\..\AppData\Local\Programs\Python\Python312\Lib\site-packages\prompt_toolkit\shortcuts\utils.py:111: in print_formatted_text
    output = get_app_session().output
             ^^^^^^^^^^^^^^^^^^^^^^^^
..\..\..\..\AppData\Local\Programs\Python\Python312\Lib\site-packages\prompt_toolkit\application\current.py:67: in output
    self._output = create_output()
                   ^^^^^^^^^^^^^^^
..\..\..\..\AppData\Local\Programs\Python\Python312\Lib\site-packages\prompt_toolkit\output\defaults.py:91: in create_output
    return Win32Output(stdout, default_color_depth=color_depth_from_env)
           ^^^^^^^^^^^^^^^^^^^^^^^^^^^^^^^^^^^^^^^^^^^^^^^^^^^^^^^^^^^^^
..\..\..\..\AppData\Local\Programs\Python\Python312\Lib\site-packages\prompt_toolkit\output\win32.py:115: in __init__
    info = self.get_win32_screen_buffer_info()
           ^^^^^^^^^^^^^^^^^^^^^^^^^^^^^^^^^^^
..\..\..\..\AppData\Local\Programs\Python\Python312\Lib\site-packages\prompt_toolkit\output\win32.py:219: in get_win32_screen_buffer_info
    raise NoConsoleScreenBufferError
E   prompt_toolkit.output.win32.NoConsoleScreenBufferError: No Windows console found. Are you running cmd.exe?
___ TestCLIDefaultsHaveAuxiliaryKeys.test_cli_defaults_can_merge_auxiliary ____
[gw1] win32 -- Python 3.12.10 C:\Users\Simba\AppData\Local\Programs\Python\Python312\python.exe
tests\agent\test_auxiliary_config_bridge.py:292: in test_cli_defaults_can_merge_auxiliary
    source = Path(_cli_mod.__file__).read_text()
             ^^^^^^^^^^^^^^^^^^^^^^^^^^^^^^^^^^^
..\..\..\..\AppData\Local\Programs\Python\Python312\Lib\pathlib.py:1028: in read_text
    return f.read()
           ^^^^^^^^
..\..\..\..\AppData\Local\Programs\Python\Python312\Lib\encodings\cp1254.py:23: in decode
    return codecs.charmap_decode(input,self.errors,decoding_table)[0]
           ^^^^^^^^^^^^^^^^^^^^^^^^^^^^^^^^^^^^^^^^^^^^^^^^^^^^^^^
E   UnicodeDecodeError: 'charmap' codec can't decode byte 0x8f in position 2476: character maps to <undefined>
________________ test_focus_topic_injected_into_summary_prompt ________________
[gw1] win32 -- Python 3.12.10 C:\Users\Simba\AppData\Local\Programs\Python\Python312\python.exe
tests\agent\test_compress_focus.py:51: in test_focus_topic_injected_into_summary_prompt
    assert result is not None
E   assert None is not None
------------------------------ Captured log call ------------------------------
[33mWARNING [0m root:context_compressor.py:477 Failed to generate context summary: 'ContextCompressor' object has no attribute 'model'. Further summary attempts paused for 600 seconds.
_______ TestCLIQuickCommands.test_exec_command_no_output_shows_fallback _______
[gw13] win32 -- Python 3.12.10 C:\Users\Simba\AppData\Local\Programs\Python\Python312\python.exe
tests\cli\test_quick_commands.py:48: in test_exec_command_no_output_shows_fallback
    assert "no output" in args.lower()
                          ^^^^^^^^^^
E   AttributeError: 'Text' object has no attribute 'lower'
_________________ test_blocks_sensitive_home_and_hermes_paths _________________
[gw2] win32 -- Python 3.12.10 C:\Users\Simba\AppData\Local\Programs\Python\Python312\python.exe
tests\agent\test_context_references.py:309: in test_blocks_sensitive_home_and_hermes_paths
    assert "PRIVATE-KEY" not in result.message
E   AssertionError: assert 'PRIVATE-KEY' not in 'read and\n\...E-KEY\n\n```'
E     
E     'PRIVATE-KEY' is contained here:
E       kens)
E       ```
E       PRIVATE-KEY
E       
E       ```
___________ test_explicit_reset_timestamp_overrides_default_429_ttl ___________
[gw2] win32 -- Python 3.12.10 C:\Users\Simba\AppData\Local\Programs\Python\Python312\python.exe
tests\agent\test_credential_pool.py:282: in test_explicit_reset_timestamp_overrides_default_429_ttl
    assert pool.has_available() is False
E   assert True is False
E    +  where True = has_available()
E    +    where has_available = <agent.credential_pool.CredentialPool object at 0x000002938C6F8A10>.has_available
------------------------------ Captured log call ------------------------------
[32mINFO    [0m agent.credential_pool:credential_pool.py:1167 Importing Codex CLI tokens into Hermes auth store.
___ TestFeishuAdapterMessaging.test_get_chat_info_uses_real_feishu_chat_api ___
[gw18] win32 -- Python 3.12.10 C:\Users\Simba\AppData\Local\Programs\Python\Python312\python.exe
tests\gateway\test_feishu.py:444: in test_get_chat_info_uses_real_feishu_chat_api
    adapter = FeishuAdapter(PlatformConfig())
              ^^^^^^^^^^^^^^^^^^^^^^^^^^^^^^^
gateway\platforms\feishu.py:1053: in __init__
    self._dedup_state_path = get_hermes_home() / "feishu_seen_message_ids.json"
                             ^^^^^^^^^^^^^^^^^
hermes_constants.py:17: in get_hermes_home
    return Path(os.getenv("HERMES_HOME", Path.home() / ".hermes"))
                                         ^^^^^^^^^^^
..\..\..\..\AppData\Local\Programs\Python\Python312\Lib\pathlib.py:1202: in home
    return cls("~").expanduser()
           ^^^^^^^^^^^^^^^^^^^^^
..\..\..\..\AppData\Local\Programs\Python\Python312\Lib\pathlib.py:1406: in expanduser
    raise RuntimeError("Could not determine home directory.")
E   RuntimeError: Could not determine home directory.
____ TestAdapterBehavior.test_build_post_payload_keeps_full_markdown_text _____
[gw19] win32 -- Python 3.12.10 C:\Users\Simba\AppData\Local\Programs\Python\Python312\python.exe
tests\gateway\test_feishu.py:2340: in test_build_post_payload_keeps_full_markdown_text
    adapter = FeishuAdapter(PlatformConfig())
              ^^^^^^^^^^^^^^^^^^^^^^^^^^^^^^^
gateway\platforms\feishu.py:1053: in __init__
    self._dedup_state_path = get_hermes_home() / "feishu_seen_message_ids.json"
                             ^^^^^^^^^^^^^^^^^
hermes_constants.py:17: in get_hermes_home
    return Path(os.getenv("HERMES_HOME", Path.home() / ".hermes"))
                                         ^^^^^^^^^^^
..\..\..\..\AppData\Local\Programs\Python\Python312\Lib\pathlib.py:1202: in home
    return cls("~").expanduser()
           ^^^^^^^^^^^^^^^^^^^^^
..\..\..\..\AppData\Local\Programs\Python\Python312\Lib\pathlib.py:1406: in expanduser
    raise RuntimeError("Could not determine home directory.")
E   RuntimeError: Could not determine home directory.
______ TestFeishuAdapterMessaging.test_connect_rejects_existing_app_lock ______
[gw17] win32 -- Python 3.12.10 C:\Users\Simba\AppData\Local\Programs\Python\Python312\python.exe
tests\gateway\test_feishu.py:283: in test_connect_rejects_existing_app_lock
    adapter = FeishuAdapter(PlatformConfig())
              ^^^^^^^^^^^^^^^^^^^^^^^^^^^^^^^
gateway\platforms\feishu.py:1053: in __init__
    self._dedup_state_path = get_hermes_home() / "feishu_seen_message_ids.json"
                             ^^^^^^^^^^^^^^^^^
hermes_constants.py:17: in get_hermes_home
    return Path(os.getenv("HERMES_HOME", Path.home() / ".hermes"))
                                         ^^^^^^^^^^^
..\..\..\..\AppData\Local\Programs\Python\Python312\Lib\pathlib.py:1202: in home
    return cls("~").expanduser()
           ^^^^^^^^^^^^^^^^^^^^^
..\..\..\..\AppData\Local\Programs\Python\Python312\Lib\pathlib.py:1406: in expanduser
    raise RuntimeError("Could not determine home directory.")
E   RuntimeError: Could not determine home directory.
_ TestAdapterBehavior.test_ack_reaction_events_are_ignored_to_avoid_feedback_loops _
[gw18] win32 -- Python 3.12.10 C:\Users\Simba\AppData\Local\Programs\Python\Python312\python.exe
tests\gateway\test_feishu.py:726: in test_ack_reaction_events_are_ignored_to_avoid_feedback_loops
    adapter = FeishuAdapter(PlatformConfig())
              ^^^^^^^^^^^^^^^^^^^^^^^^^^^^^^^
gateway\platforms\feishu.py:1053: in __init__
    self._dedup_state_path = get_hermes_home() / "feishu_seen_message_ids.json"
                             ^^^^^^^^^^^^^^^^^
hermes_constants.py:17: in get_hermes_home
    return Path(os.getenv("HERMES_HOME", Path.home() / ".hermes"))
                                         ^^^^^^^^^^^
..\..\..\..\AppData\Local\Programs\Python\Python312\Lib\pathlib.py:1202: in home
    return cls("~").expanduser()
           ^^^^^^^^^^^^^^^^^^^^^
..\..\..\..\AppData\Local\Programs\Python\Python312\Lib\pathlib.py:1406: in expanduser
    raise RuntimeError("Could not determine home directory.")
E   RuntimeError: Could not determine home directory.
____ TestAdapterBehavior.test_build_post_payload_wraps_markdown_in_md_tag _____
[gw19] win32 -- Python 3.12.10 C:\Users\Simba\AppData\Local\Programs\Python\Python312\python.exe
tests\gateway\test_feishu.py:2322: in test_build_post_payload_wraps_markdown_in_md_tag
    adapter = FeishuAdapter(PlatformConfig())
              ^^^^^^^^^^^^^^^^^^^^^^^^^^^^^^^
gateway\platforms\feishu.py:1053: in __init__
    self._dedup_state_path = get_hermes_home() / "feishu_seen_message_ids.json"
                             ^^^^^^^^^^^^^^^^^
hermes_constants.py:17: in get_hermes_home
    return Path(os.getenv("HERMES_HOME", Path.home() / ".hermes"))
                                         ^^^^^^^^^^^
..\..\..\..\AppData\Local\Programs\Python\Python312\Lib\pathlib.py:1202: in home
    return cls("~").expanduser()
           ^^^^^^^^^^^^^^^^^^^^^
..\..\..\..\AppData\Local\Programs\Python\Python312\Lib\pathlib.py:1406: in expanduser
    raise RuntimeError("Could not determine home directory.")
E   RuntimeError: Could not determine home directory.
_ TestAdapterBehavior.test_extract_post_message_downloads_embedded_resources __
[gw10] win32 -- Python 3.12.10 C:\Users\Simba\AppData\Local\Programs\Python\Python312\python.exe
tests\gateway\test_feishu.py:1130: in test_extract_post_message_downloads_embedded_resources
    adapter = FeishuAdapter(PlatformConfig())
              ^^^^^^^^^^^^^^^^^^^^^^^^^^^^^^^
gateway\platforms\feishu.py:1053: in __init__
    self._dedup_state_path = get_hermes_home() / "feishu_seen_message_ids.json"
                             ^^^^^^^^^^^^^^^^^
hermes_constants.py:17: in get_hermes_home
    return Path(os.getenv("HERMES_HOME", Path.home() / ".hermes"))
                                         ^^^^^^^^^^^
..\..\..\..\AppData\Local\Programs\Python\Python312\Lib\pathlib.py:1202: in home
    return cls("~").expanduser()
           ^^^^^^^^^^^^^^^^^^^^^
..\..\..\..\AppData\Local\Programs\Python\Python312\Lib\pathlib.py:1406: in expanduser
    raise RuntimeError("Could not determine home directory.")
E   RuntimeError: Could not determine home directory.
_ TestAdapterBehavior.test_extract_text_from_raw_content_uses_relation_message_fallbacks _
[gw9] win32 -- Python 3.12.10 C:\Users\Simba\AppData\Local\Programs\Python\Python312\python.exe
tests\gateway\test_feishu.py:1361: in test_extract_text_from_raw_content_uses_relation_message_fallbacks
    adapter = FeishuAdapter(PlatformConfig())
              ^^^^^^^^^^^^^^^^^^^^^^^^^^^^^^^
gateway\platforms\feishu.py:1053: in __init__
    self._dedup_state_path = get_hermes_home() / "feishu_seen_message_ids.json"
                             ^^^^^^^^^^^^^^^^^
hermes_constants.py:17: in get_hermes_home
    return Path(os.getenv("HERMES_HOME", Path.home() / ".hermes"))
                                         ^^^^^^^^^^^
..\..\..\..\AppData\Local\Programs\Python\Python312\Lib\pathlib.py:1202: in home
    return cls("~").expanduser()
           ^^^^^^^^^^^^^^^^^^^^^
..\..\..\..\AppData\Local\Programs\Python\Python312\Lib\pathlib.py:1406: in expanduser
    raise RuntimeError("Could not determine home directory.")
E   RuntimeError: Could not determine home directory.
__ TestAdapterBehavior.test_send_image_downloads_then_uses_native_image_send __
[gw8] win32 -- Python 3.12.10 C:\Users\Simba\AppData\Local\Programs\Python\Python312\python.exe
tests\gateway\test_feishu.py:1684: in test_send_image_downloads_then_uses_native_image_send
    adapter = FeishuAdapter(PlatformConfig())
              ^^^^^^^^^^^^^^^^^^^^^^^^^^^^^^^
gateway\platforms\feishu.py:1053: in __init__
    self._dedup_state_path = get_hermes_home() / "feishu_seen_message_ids.json"
                             ^^^^^^^^^^^^^^^^^
hermes_constants.py:17: in get_hermes_home
    return Path(os.getenv("HERMES_HOME", Path.home() / ".hermes"))
                                         ^^^^^^^^^^^
..\..\..\..\AppData\Local\Programs\Python\Python312\Lib\pathlib.py:1202: in home
    return cls("~").expanduser()
           ^^^^^^^^^^^^^^^^^^^^^
..\..\..\..\AppData\Local\Programs\Python\Python312\Lib\pathlib.py:1406: in expanduser
    raise RuntimeError("Could not determine home directory.")
E   RuntimeError: Could not determine home directory.
________ TestCleanShutdownMarker.test_marker_written_on_graceful_stop _________
[gw15] win32 -- Python 3.12.10 C:\Users\Simba\AppData\Local\Programs\Python\Python312\python.exe
tests\gateway\test_clean_shutdown_marker.py:131: in test_marker_written_on_graceful_stop
    asyncio.get_event_loop().run_until_complete(runner.stop())
..\..\..\..\AppData\Local\Programs\Python\Python312\Lib\asyncio\base_events.py:691: in run_until_complete
    return future.result()
           ^^^^^^^^^^^^^^^
gateway\run.py:2318: in stop
    await self._stop_task
gateway\run.py:2265: in _stop_impl
    self._stop_tailscale_serve()
gateway\run.py:1414: in _stop_tailscale_serve
    if not self._tailscale_serve_active or self._tailscale_serve_port is None:
           ^^^^^^^^^^^^^^^^^^^^^^^^^^^^
E   AttributeError: 'GatewayRunner' object has no attribute '_tailscale_serve_active'
------------------------------ Captured log call ------------------------------
[32mINFO    [0m gateway.run:run.py:2223 Stopping gateway...
_ TestAdapterBehavior.test_group_message_requires_mentions_even_when_policy_open _
[gw3] win32 -- Python 3.12.10 C:\Users\Simba\AppData\Local\Programs\Python\Python312\python.exe
tests\gateway\test_feishu.py:745: in test_group_message_requires_mentions_even_when_policy_open
    adapter = FeishuAdapter(PlatformConfig())
              ^^^^^^^^^^^^^^^^^^^^^^^^^^^^^^^
gateway\platforms\feishu.py:1053: in __init__
    self._dedup_state_path = get_hermes_home() / "feishu_seen_message_ids.json"
                             ^^^^^^^^^^^^^^^^^
hermes_constants.py:17: in get_hermes_home
    return Path(os.getenv("HERMES_HOME", Path.home() / ".hermes"))
                                         ^^^^^^^^^^^
..\..\..\..\AppData\Local\Programs\Python\Python312\Lib\pathlib.py:1202: in home
    return cls("~").expanduser()
           ^^^^^^^^^^^^^^^^^^^^^
..\..\..\..\AppData\Local\Programs\Python\Python312\Lib\pathlib.py:1406: in expanduser
    raise RuntimeError("Could not determine home directory.")
E   RuntimeError: Could not determine home directory.
_ TestAdapterBehavior.test_send_document_uploads_file_and_sends_file_message __
[gw11] win32 -- Python 3.12.10 C:\Users\Simba\AppData\Local\Programs\Python\Python312\python.exe
tests\gateway\test_feishu.py:1995: in test_send_document_uploads_file_and_sends_file_message
    adapter = FeishuAdapter(PlatformConfig())
              ^^^^^^^^^^^^^^^^^^^^^^^^^^^^^^^
gateway\platforms\feishu.py:1053: in __init__
    self._dedup_state_path = get_hermes_home() / "feishu_seen_message_ids.json"
                             ^^^^^^^^^^^^^^^^^
hermes_constants.py:17: in get_hermes_home
    return Path(os.getenv("HERMES_HOME", Path.home() / ".hermes"))
                                         ^^^^^^^^^^^
..\..\..\..\AppData\Local\Programs\Python\Python312\Lib\pathlib.py:1202: in home
    return cls("~").expanduser()
           ^^^^^^^^^^^^^^^^^^^^^
..\..\..\..\AppData\Local\Programs\Python\Python312\Lib\pathlib.py:1406: in expanduser
    raise RuntimeError("Could not determine home directory.")
E   RuntimeError: Could not determine home directory.
_ TestFeishuAdapterMessaging.test_connect_acquires_scoped_lock_and_disconnect_releases_it _
[gw16] win32 -- Python 3.12.10 C:\Users\Simba\AppData\Local\Programs\Python\Python312\python.exe
tests\gateway\test_feishu.py:231: in test_connect_acquires_scoped_lock_and_disconnect_releases_it
    adapter = FeishuAdapter(PlatformConfig())
              ^^^^^^^^^^^^^^^^^^^^^^^^^^^^^^^
gateway\platforms\feishu.py:1053: in __init__
    self._dedup_state_path = get_hermes_home() / "feishu_seen_message_ids.json"
                             ^^^^^^^^^^^^^^^^^
hermes_constants.py:17: in get_hermes_home
    return Path(os.getenv("HERMES_HOME", Path.home() / ".hermes"))
                                         ^^^^^^^^^^^
..\..\..\..\AppData\Local\Programs\Python\Python312\Lib\pathlib.py:1202: in home
    return cls("~").expanduser()
           ^^^^^^^^^^^^^^^^^^^^^
..\..\..\..\AppData\Local\Programs\Python\Python312\Lib\pathlib.py:1406: in expanduser
    raise RuntimeError("Could not determine home directory.")
E   RuntimeError: Could not determine home directory.
____ TestCollectQueryImages.test_collect_query_images_supports_tilde_paths ____
[gw12] win32 -- Python 3.12.10 C:\Users\Simba\AppData\Local\Programs\Python\Python312\python.exe
tests\cli\test_cli_image_command.py:78: in test_collect_query_images_supports_tilde_paths
    message, images = _collect_query_images("describe this", "~/storage/shared/Pictures/cat.png")
                      ^^^^^^^^^^^^^^^^^^^^^^^^^^^^^^^^^^^^^^^^^^^^^^^^^^^^^^^^^^^^^^^^^^^^^^^^^^^
cli.py:1312: in _collect_query_images
    raise ValueError(f"Image file not found: {image_arg}")
E   ValueError: Image file not found: ~/storage/shared/Pictures/cat.png
_ TestWorktreeIncludeSecurity.test_rejects_symlink_that_resolves_outside_repo _
[gw14] win32 -- Python 3.12.10 C:\Users\Simba\AppData\Local\Programs\Python\Python312\python.exe
tests\cli\test_worktree_security.py:84: in test_rejects_symlink_that_resolves_outside_repo
    (git_repo / "leak.txt").symlink_to(outside_file)
..\..\..\..\AppData\Local\Programs\Python\Python312\Lib\pathlib.py:1386: in symlink_to
    os.symlink(target, self, target_is_directory)
E   OSError: [WinError 1314] Gereken ayr²cal²k istemci taraf²ndan sa­lanm²yor: 'C:\\Users\\Simba\\AppData\\Local\\Temp\\pytest-of-Simba\\pytest-407\\popen-gw14\\test_rejects_symlink_that_reso0\\linked-secret.txt' -> 'C:\\Users\\Simba\\AppData\\Local\\Temp\\pytest-of-Simba\\pytest-407\\popen-gw14\\test_rejects_symlink_that_reso0\\test-repo\\leak.txt'
_ TestTermuxImageHints.test_termux_example_image_path_prefers_real_shared_storage_root _
[gw12] win32 -- Python 3.12.10 C:\Users\Simba\AppData\Local\Programs\Python\Python312\python.exe
tests\cli\test_cli_image_command.py:91: in test_termux_example_image_path_prefers_real_shared_storage_root
    assert hint == "/sdcard/Pictures/cat.png"
E   AssertionError: assert '/sdcard\\Pictures\\cat.png' == '/sdcard/Pictures/cat.png'
E     
E     [0m[91m- /sdcard/Pictures/cat.png[39;49;00m[90m[39;49;00m
E     ?        ^        ^[90m[39;49;00m
E     [92m+ /sdcard\Pictures\cat.png[39;49;00m[90m[39;49;00m
E     ?        ^        ^[90m[39;49;00m
_ TestAdapterBehavior.test_process_inbound_group_message_keeps_group_type_when_chat_lookup_falls_back _
[gw4] win32 -- Python 3.12.10 C:\Users\Simba\AppData\Local\Programs\Python\Python312\python.exe
tests\gateway\test_feishu.py:1737: in test_process_inbound_group_message_keeps_group_type_when_chat_lookup_falls_back
    adapter = FeishuAdapter(PlatformConfig())
              ^^^^^^^^^^^^^^^^^^^^^^^^^^^^^^^
gateway\platforms\feishu.py:1053: in __init__
    self._dedup_state_path = get_hermes_home() / "feishu_seen_message_ids.json"
                             ^^^^^^^^^^^^^^^^^
hermes_constants.py:17: in get_hermes_home
    return Path(os.getenv("HERMES_HOME", Path.home() / ".hermes"))
                                         ^^^^^^^^^^^
..\..\..\..\AppData\Local\Programs\Python\Python312\Lib\pathlib.py:1202: in home
    return cls("~").expanduser()
           ^^^^^^^^^^^^^^^^^^^^^
..\..\..\..\AppData\Local\Programs\Python\Python312\Lib\pathlib.py:1406: in expanduser
    raise RuntimeError("Could not determine home directory.")
E   RuntimeError: Could not determine home directory.
_____________ TestDedupTTL.test_load_backward_compat_list_format ______________
[gw1] win32 -- Python 3.12.10 C:\Users\Simba\AppData\Local\Programs\Python\Python312\python.exe
tests\gateway\test_feishu.py:2702: in test_load_backward_compat_list_format
    adapter = FeishuAdapter(PlatformConfig())
              ^^^^^^^^^^^^^^^^^^^^^^^^^^^^^^^
gateway\platforms\feishu.py:1053: in __init__
    self._dedup_state_path = get_hermes_home() / "feishu_seen_message_ids.json"
                             ^^^^^^^^^^^^^^^^^
hermes_constants.py:17: in get_hermes_home
    return Path(os.getenv("HERMES_HOME", Path.home() / ".hermes"))
                                         ^^^^^^^^^^^
..\..\..\..\AppData\Local\Programs\Python\Python312\Lib\pathlib.py:1202: in home
    return cls("~").expanduser()
           ^^^^^^^^^^^^^^^^^^^^^
..\..\..\..\AppData\Local\Programs\Python\Python312\Lib\pathlib.py:1406: in expanduser
    raise RuntimeError("Could not determine home directory.")
E   RuntimeError: Could not determine home directory.
__ TestFeishuAdapterMessaging.test_connect_retries_transient_startup_failure __
[gw17] win32 -- Python 3.12.10 C:\Users\Simba\AppData\Local\Programs\Python\Python312\python.exe
tests\gateway\test_feishu.py:308: in test_connect_retries_transient_startup_failure
    adapter = FeishuAdapter(PlatformConfig())
              ^^^^^^^^^^^^^^^^^^^^^^^^^^^^^^^
gateway\platforms\feishu.py:1053: in __init__
    self._dedup_state_path = get_hermes_home() / "feishu_seen_message_ids.json"
                             ^^^^^^^^^^^^^^^^^
hermes_constants.py:17: in get_hermes_home
    return Path(os.getenv("HERMES_HOME", Path.home() / ".hermes"))
                                         ^^^^^^^^^^^
..\..\..\..\AppData\Local\Programs\Python\Python312\Lib\pathlib.py:1202: in home
    return cls("~").expanduser()
           ^^^^^^^^^^^^^^^^^^^^^
..\..\..\..\AppData\Local\Programs\Python\Python312\Lib\pathlib.py:1406: in expanduser
    raise RuntimeError("Could not determine home directory.")
E   RuntimeError: Could not determine home directory.
______ TestAdapterBehavior.test_add_ack_reaction_logs_warning_on_failure ______
[gw18] win32 -- Python 3.12.10 C:\Users\Simba\AppData\Local\Programs\Python\Python312\python.exe
tests\gateway\test_feishu.py:696: in test_add_ack_reaction_logs_warning_on_failure
    adapter = FeishuAdapter(PlatformConfig())
              ^^^^^^^^^^^^^^^^^^^^^^^^^^^^^^^
gateway\platforms\feishu.py:1053: in __init__
    self._dedup_state_path = get_hermes_home() / "feishu_seen_message_ids.json"
                             ^^^^^^^^^^^^^^^^^
hermes_constants.py:17: in get_hermes_home
    return Path(os.getenv("HERMES_HOME", Path.home() / ".hermes"))
                                         ^^^^^^^^^^^
..\..\..\..\AppData\Local\Programs\Python\Python312\Lib\pathlib.py:1202: in home
    return cls("~").expanduser()
           ^^^^^^^^^^^^^^^^^^^^^
..\..\..\..\AppData\Local\Programs\Python\Python312\Lib\pathlib.py:1406: in expanduser
    raise RuntimeError("Could not determine home directory.")
E   RuntimeError: Could not determine home directory.
_____ TestAdapterBehavior.test_extract_audio_message_downloads_and_caches _____
[gw19] win32 -- Python 3.12.10 C:\Users\Simba\AppData\Local\Programs\Python\Python312\python.exe
tests\gateway\test_feishu.py:1273: in test_extract_audio_message_downloads_and_caches
    adapter = FeishuAdapter(PlatformConfig())
              ^^^^^^^^^^^^^^^^^^^^^^^^^^^^^^^
gateway\platforms\feishu.py:1053: in __init__
    self._dedup_state_path = get_hermes_home() / "feishu_seen_message_ids.json"
                             ^^^^^^^^^^^^^^^^^
hermes_constants.py:17: in get_hermes_home
    return Path(os.getenv("HERMES_HOME", Path.home() / ".hermes"))
                                         ^^^^^^^^^^^
..\..\..\..\AppData\Local\Programs\Python\Python312\Lib\pathlib.py:1202: in home
    return cls("~").expanduser()
           ^^^^^^^^^^^^^^^^^^^^^
..\..\..\..\AppData\Local\Programs\Python\Python312\Lib\pathlib.py:1406: in expanduser
    raise RuntimeError("Could not determine home directory.")
E   RuntimeError: Could not determine home directory.
_______________ TestBranchCommandCLI.test_branch_no_session_db ________________
[gw7] win32 -- Python 3.12.10 C:\Users\Simba\AppData\Local\Programs\Python\Python312\python.exe
tests\cli\test_branch_command.py:143: in test_branch_no_session_db
    HermesCLI._handle_branch_command(cli_instance, "/branch")
cli.py:4243: in _handle_branch_command
    _cprint("  Session database not available.")
cli.py:1068: in _cprint
    _pt_print(_PT_ANSI(text))
..\..\..\..\AppData\Local\Programs\Python\Python312\Lib\site-packages\prompt_toolkit\shortcuts\utils.py:111: in print_formatted_text
    output = get_app_session().output
             ^^^^^^^^^^^^^^^^^^^^^^^^
..\..\..\..\AppData\Local\Programs\Python\Python312\Lib\site-packages\prompt_toolkit\application\current.py:67: in output
    self._output = create_output()
                   ^^^^^^^^^^^^^^^
..\..\..\..\AppData\Local\Programs\Python\Python312\Lib\site-packages\prompt_toolkit\output\defaults.py:91: in create_output
    return Win32Output(stdout, default_color_depth=color_depth_from_env)
           ^^^^^^^^^^^^^^^^^^^^^^^^^^^^^^^^^^^^^^^^^^^^^^^^^^^^^^^^^^^^^
..\..\..\..\AppData\Local\Programs\Python\Python312\Lib\site-packages\prompt_toolkit\output\win32.py:115: in __init__
    info = self.get_win32_screen_buffer_info()
           ^^^^^^^^^^^^^^^^^^^^^^^^^^^^^^^^^^^
..\..\..\..\AppData\Local\Programs\Python\Python312\Lib\site-packages\prompt_toolkit\output\win32.py:219: in get_win32_screen_buffer_info
    raise NoConsoleScreenBufferError
E   prompt_toolkit.output.win32.NoConsoleScreenBufferError: No Windows console found. Are you running cmd.exe?
___________ test_gateway_stop_service_restart_sets_named_exit_code ____________
[gw2] win32 -- Python 3.12.10 C:\Users\Simba\AppData\Local\Programs\Python\Python312\python.exe
tests\gateway\test_gateway_shutdown.py:123: in test_gateway_stop_service_restart_sets_named_exit_code
    await runner.stop(restart=True, service_restart=True)
gateway\run.py:2318: in stop
    await self._stop_task
gateway\run.py:2265: in _stop_impl
    self._stop_tailscale_serve()
gateway\run.py:1414: in _stop_tailscale_serve
    if not self._tailscale_serve_active or self._tailscale_serve_port is None:
           ^^^^^^^^^^^^^^^^^^^^^^^^^^^^
E   AttributeError: 'GatewayRunner' object has no attribute '_tailscale_serve_active'
---------------------------- Captured stderr call -----------------------------
--- Logging error ---\nTraceback (most recent call last):\n  File "C:\\Users\\Simba\\AppData\\Local\\Programs\\Python\\Python312\\Lib\\logging\\__init__.py", line 1163, in emit\n    stream.write(msg + self.terminator)\n  File "C:\\Users\\Simba\\AppData\\Local\\Programs\\Python\\Python312\\Lib\\encodings\\cp1254.py", line 19, in encode\n    return codecs.charmap_encode(input,self.errors,encoding_table)[0]\n           ^^^^^^^^^^^^^^^^^^^^^^^^^^^^^^^^^^^^^^^^^^^^^^^^^^^^^^^\nUnicodeEncodeError: 'charmap' codec can't encode character '\\u2713' in position 42: character maps to <undefined>\nCall stack:\n  File "<string>", line 1, in <module>\n  File "<string>", line 8, in <module>\n  File "C:\\Users\\Simba\\AppData\\Local\\Programs\\Python\\Python312\\Lib\\site-packages\\execnet\\gateway_base.py", line 1806, in serve\n    WorkerGateway(io=io, id=id, _startcount=2).serve()\n  File "C:\\Users\\Simba\\AppData\\Local\\Programs\\Python\\Python312\\Lib\\site-packages\\execnet\\gateway_base.py", line 1273, in serve\n    self._execpool.integrate_as_primary_thread()\n  File "C:\\Users\\Simba\\AppData\\Local\\Programs\\Python\\Python312\\Lib\\site-packages\\execnet\\gateway_base.py", line 389, in integrate_as_primary_thread\n    self._perform_spawn(reply)\n  File "C:\\Users\\Simba\\AppData\\Local\\Programs\\Python\\Python312\\Lib\\site-packages\\execnet\\gateway_base.py", line 411, in _perform_spawn\n    reply.run()\n  File "C:\\Users\\Simba\\AppData\\Local\\Programs\\Python\\Python312\\Lib\\site-packages\\execnet\\gateway_base.py", line 341, in run\n    self._result = func(*args, **kwargs)\n  File "C:\\Users\\Simba\\AppData\\Local\\Programs\\Python\\Python312\\Lib\\site-packages\\execnet\\gateway_base.py", line 1291, in executetask\n    exec(co, loc)\n  File "C:\\Users\\Simba\\AppData\\Local\\Programs\\Python\\Python312\\Lib\\site-packages\\xdist\\remote.py", line 427, in <module>\n    config.hook.pytest_cmdline_main(config=config)\n  File "C:\\Users\\Simba\\AppData\\Local\\Programs\\Python\\Python312\\Lib\\site-packages\\pluggy\\_hooks.py", line 512, in __call__\n    return self._hookexec(self.name, self._hookimpls.copy(), kwargs, firstresult)\n  File "C:\\Users\\Simba\\AppData\\Local\\Programs\\Python\\Python312\\Lib\\site-packages\\pluggy\\_manager.py", line 120, in _hookexec\n    return self._inner_hookexec(hook_name, methods, kwargs, firstresult)\n  File "C:\\Users\\Simba\\AppData\\Local\\Programs\\Python\\Python312\\Lib\\site-packages\\pluggy\\_callers.py", line 121, in _multicall\n    res = hook_impl.function(*args)\n  File "C:\\Users\\Simba\\AppData\\Local\\Programs\\Python\\Python312\\Lib\\site-packages\\_pytest\\main.py", line 365, in pytest_cmdline_main\n    return wrap_session(config, _main)\n  File "C:\\Users\\Simba\\AppData\\Local\\Programs\\Python\\Python312\\Lib\\site-packages\\_pytest\\main.py", line 318, in wrap_session\n    session.exitstatus = doit(config, session) or 0\n  File "C:\\Users\\Simba\\AppData\\Local\\Programs\\Python\\Python312\\Lib\\site-packages\\_pytest\\main.py", line 372, in _main\n    config.hook.pytest_runtestloop(session=session)\n  File "C:\\Users\\Simba\\AppData\\Local\\Programs\\Python\\Python312\\Lib\\site-packages\\pluggy\\_hooks.py", line 512, in __call__\n    return self._hookexec(self.name, self._hookimpls.copy(), kwargs, firstresult)\n  File "C:\\Users\\Simba\\AppData\\Local\\Programs\\Python\\Python312\\Lib\\site-packages\\pluggy\\_manager.py", line 120, in _hookexec\n    return self._inner_hookexec(hook_name, methods, kwargs, firstresult)\n  File "C:\\Users\\Simba\\AppData\\Local\\Programs\\Python\\Python312\\Lib\\site-packages\\pluggy\\_callers.py", line 121, in _multicall\n    res = hook_impl.function(*args)\n  File "C:\\Users\\Simba\\AppData\\Local\\Programs\\Python\\Python312\\Lib\\site-packages\\xdist\\remote.py", line 206, in pytest_runtestloop\n    self.run_one_test()\n  File "C:\\Users\\Simba\\AppData\\Local\\Programs\\Python\\Python312\\Lib\\site-packages\\xdist\\remote.py", line 227, in run_one_test\n    self.config.hook.pytest_runtest_protocol(item=item, nextitem=nextitem)\n  File "C:\\Users\\Simba\\AppData\\Local\\Programs\\Python\\Python312\\Lib\\site-packages\\pluggy\\_hooks.py", line 512, in __call__\n    return self._hookexec(self.name, self._hookimpls.copy(), kwargs, firstresult)\n  File "C:\\Users\\Simba\\AppData\\Local\\Programs\\Python\\Python312\\Lib\\site-packages\\pluggy\\_manager.py", line 120, in _hookexec\n    return self._inner_hookexec(hook_name, methods, kwargs, firstresult)\n  File "C:\\Users\\Simba\\AppData\\Local\\Programs\\Python\\Python312\\Lib\\site-packages\\pluggy\\_callers.py", line 121, in _multicall\n    res = hook_impl.function(*args)\n  File "C:\\Users\\Simba\\AppData\\Local\\Programs\\Python\\Python312\\Lib\\site-packages\\_pytest\\runner.py", line 118, in pytest_runtest_protocol\n    runtestprotocol(item, nextitem=nextitem)\n  File "C:\\Users\\Simba\\AppData\\Local\\Programs\\Python\\Python312\\Lib\\site-packages\\_pytest\\runner.py", line 137, in runtestprotocol\n    reports.append(call_and_report(item, "call", log))\n  File "C:\\Users\\Simba\\AppData\\Local\\Programs\\Python\\Python312\\Lib\\site-packages\\_pytest\\runner.py", line 244, in call_and_report\n    call = CallInfo.from_call(\n  File "C:\\Users\\Simba\\AppData\\Local\\Programs\\Python\\Python312\\Lib\\site-packages\\_pytest\\runner.py", line 353, in from_call\n    result: TResult | None = func()\n  File "C:\\Users\\Simba\\AppData\\Local\\Programs\\Python\\Python312\\Lib\\site-packages\\_pytest\\runner.py", line 245, in <lambda>\n    lambda: runtest_hook(item=item, **kwds),\n  File "C:\\Users\\Simba\\AppData\\Local\\Programs\\Python\\Python312\\Lib\\site-packages\\pluggy\\_hooks.py", line 512, in __call__\n    return self._hookexec(self.name, self._hookimpls.copy(), kwargs, firstresult)\n  File "C:\\Users\\Simba\\AppData\\Local\\Programs\\Python\\Python312\\Lib\\site-packages\\pluggy\\_manager.py", line 120, in _hookexec\n    return self._inner_hookexec(hook_name, methods, kwargs, firstresult)\n  File "C:\\Users\\Simba\\AppData\\Local\\Programs\\Python\\Python312\\Lib\\site-packages\\pluggy\\_callers.py", line 121, in _multicall\n    res = hook_impl.function(*args)\n  File "C:\\Users\\Simba\\AppData\\Local\\Programs\\Python\\Python312\\Lib\\site-packages\\_pytest\\runner.py", line 179, in pytest_runtest_call\n    item.runtest()\n  File "C:\\Users\\Simba\\AppData\\Local\\Programs\\Python\\Python312\\Lib\\site-packages\\pytest_asyncio\\plugin.py", line 469, in runtest\n    super().runtest()\n  File "C:\\Users\\Simba\\AppData\\Local\\Programs\\Python\\Python312\\Lib\\site-packages\\_pytest\\python.py", line 1720, in runtest\n    self.ihook.pytest_pyfunc_call(pyfuncitem=self)\n  File "C:\\Users\\Simba\\AppData\\Local\\Programs\\Python\\Python312\\Lib\\site-packages\\pluggy\\_hooks.py", line 512, in __call__\n    return self._hookexec(self.name, self._hookimpls.copy(), kwargs, firstresult)\n  File "C:\\Users\\Simba\\AppData\\Local\\Programs\\Python\\Python312\\Lib\\site-packages\\pluggy\\_manager.py", line 120, in _hookexec\n    return self._inner_hookexec(hook_name, methods, kwargs, firstresult)\n  File "C:\\Users\\Simba\\AppData\\Local\\Programs\\Python\\Python312\\Lib\\site-packages\\pluggy\\_callers.py", line 121, in _multicall\n    res = hook_impl.function(*args)\n  File "C:\\Users\\Simba\\AppData\\Local\\Programs\\Python\\Python312\\Lib\\site-packages\\_pytest\\python.py", line 166, in pytest_pyfunc_call\n    result = testfunction(**testargs)\n  File "C:\\Users\\Simba\\AppData\\Local\\Programs\\Python\\Python312\\Lib\\site-packages\\pytest_asyncio\\plugin.py", line 716, in inner\n    runner.run(coro, context=context)\n  File "C:\\Users\\Simba\\AppData\\Local\\Programs\\Python\\Python312\\Lib\\asyncio\\runners.py", line 118, in run\n    return self._loop.run_until_complete(task)\n  File "C:\\Users\\Simba\\AppData\\Local\\Programs\\Python\\Python312\\Lib\\asyncio\\base_events.py", line 678, in run_until_complete\n    self.run_forever()\n  File "C:\\Users\\Simba\\AppData\\Local\\Programs\\Python\\Python312\\Lib\\asyncio\\windows_events.py", line 322, in run_forever\n    super().run_forever()\n  File "C:\\Users\\Simba\\AppData\\Local\\Programs\\Python\\Python312\\Lib\\asyncio\\base_events.py", line 645, in run_forever\n    self._run_once()\n  File "C:\\Users\\Simba\\AppData\\Local\\Programs\\Python\\Python312\\Lib\\asyncio\\base_events.py", line 1999, in _run_once\n    handle._run()\n  File "C:\\Users\\Simba\\AppData\\Local\\Programs\\Python\\Python312\\Lib\\asyncio\\events.py", line 88, in _run\n    self._context.run(self._callback, *self._args)\n  File "C:\\Users\\Simba\\Desktop\\DEV\\duskHermes\\d60\\gateway\\run.py", line 2261, in _stop_impl\n    logger.info("\u2713 %s disconnected", platform.value)\nMessage: '\u2713 %s disconnected'\nArguments: ('telegram',)
------------------------------ Captured log call ------------------------------
\x1b[32mINFO    \x1b[0m gateway.run:run.py:2223 Stopping gateway for restart...\n\x1b[32mINFO    \x1b[0m gateway.run:run.py:2261 \u2713 telegram disconnected
_ TestAdapterBehavior.test_group_message_with_other_user_mention_is_rejected_when_bot_identity_unknown _
[gw3] win32 -- Python 3.12.10 C:\Users\Simba\AppData\Local\Programs\Python\Python312\python.exe
tests\gateway\test_feishu.py:758: in test_group_message_with_other_user_mention_is_rejected_when_bot_identity_unknown
    adapter = FeishuAdapter(PlatformConfig())
              ^^^^^^^^^^^^^^^^^^^^^^^^^^^^^^^
gateway\platforms\feishu.py:1053: in __init__
    self._dedup_state_path = get_hermes_home() / "feishu_seen_message_ids.json"
                             ^^^^^^^^^^^^^^^^^
hermes_constants.py:17: in get_hermes_home
    return Path(os.getenv("HERMES_HOME", Path.home() / ".hermes"))
                                         ^^^^^^^^^^^
..\..\..\..\AppData\Local\Programs\Python\Python312\Lib\pathlib.py:1202: in home
    return cls("~").expanduser()
           ^^^^^^^^^^^^^^^^^^^^^
..\..\..\..\AppData\Local\Programs\Python\Python312\Lib\pathlib.py:1406: in expanduser
    raise RuntimeError("Could not determine home directory.")
E   RuntimeError: Could not determine home directory.
_ TestAdapterBehavior.test_extract_text_message_starting_with_slash_becomes_command _
[gw9] win32 -- Python 3.12.10 C:\Users\Simba\AppData\Local\Programs\Python\Python312\python.exe
tests\gateway\test_feishu.py:1380: in test_extract_text_message_starting_with_slash_becomes_command
    adapter = FeishuAdapter(PlatformConfig())
              ^^^^^^^^^^^^^^^^^^^^^^^^^^^^^^^
gateway\platforms\feishu.py:1053: in __init__
    self._dedup_state_path = get_hermes_home() / "feishu_seen_message_ids.json"
                             ^^^^^^^^^^^^^^^^^
hermes_constants.py:17: in get_hermes_home
    return Path(os.getenv("HERMES_HOME", Path.home() / ".hermes"))
                                         ^^^^^^^^^^^
..\..\..\..\AppData\Local\Programs\Python\Python312\Lib\pathlib.py:1202: in home
    return cls("~").expanduser()
           ^^^^^^^^^^^^^^^^^^^^^
..\..\..\..\AppData\Local\Programs\Python\Python312\Lib\pathlib.py:1406: in expanduser
    raise RuntimeError("Could not determine home directory.")
E   RuntimeError: Could not determine home directory.
_________________ TestSecureWrite.test_sets_file_permissions __________________
[gw2] win32 -- Python 3.12.10 C:\Users\Simba\AppData\Local\Programs\Python\Python312\python.exe
tests\gateway\test_pairing.py:44: in test_sets_file_permissions
    assert mode == "0o600"
E   AssertionError: assert '0o666' == '0o600'
E     
E     [0m[91m- 0o600[39;49;00m[90m[39;49;00m
E     [92m+ 0o666[39;49;00m[90m[39;49;00m
_ TestAdapterBehavior.test_extract_post_message_uses_first_available_language_block _
[gw10] win32 -- Python 3.12.10 C:\Users\Simba\AppData\Local\Programs\Python\Python312\python.exe
tests\gateway\test_feishu.py:1085: in test_extract_post_message_uses_first_available_language_block
    adapter = FeishuAdapter(PlatformConfig())
              ^^^^^^^^^^^^^^^^^^^^^^^^^^^^^^^
gateway\platforms\feishu.py:1053: in __init__
    self._dedup_state_path = get_hermes_home() / "feishu_seen_message_ids.json"
                             ^^^^^^^^^^^^^^^^^
hermes_constants.py:17: in get_hermes_home
    return Path(os.getenv("HERMES_HOME", Path.home() / ".hermes"))
                                         ^^^^^^^^^^^
..\..\..\..\AppData\Local\Programs\Python\Python312\Lib\pathlib.py:1202: in home
    return cls("~").expanduser()
           ^^^^^^^^^^^^^^^^^^^^^
..\..\..\..\AppData\Local\Programs\Python\Python312\Lib\pathlib.py:1406: in expanduser
    raise RuntimeError("Could not determine home directory.")
E   RuntimeError: Could not determine home directory.
_ TestAdapterBehavior.test_send_image_file_uploads_image_and_sends_image_message _
[gw8] win32 -- Python 3.12.10 C:\Users\Simba\AppData\Local\Programs\Python\Python312\python.exe
tests\gateway\test_feishu.py:2102: in test_send_image_file_uploads_image_and_sends_image_message
    adapter = FeishuAdapter(PlatformConfig())
              ^^^^^^^^^^^^^^^^^^^^^^^^^^^^^^^
gateway\platforms\feishu.py:1053: in __init__
    self._dedup_state_path = get_hermes_home() / "feishu_seen_message_ids.json"
                             ^^^^^^^^^^^^^^^^^
hermes_constants.py:17: in get_hermes_home
    return Path(os.getenv("HERMES_HOME", Path.home() / ".hermes"))
                                         ^^^^^^^^^^^
..\..\..\..\AppData\Local\Programs\Python\Python312\Lib\pathlib.py:1202: in home
    return cls("~").expanduser()
           ^^^^^^^^^^^^^^^^^^^^^
..\..\..\..\AppData\Local\Programs\Python\Python312\Lib\pathlib.py:1406: in expanduser
    raise RuntimeError("Could not determine home directory.")
E   RuntimeError: Could not determine home directory.
___________ TestBranchCommandCLI.test_branch_preserves_parent_link ____________
[gw6] win32 -- Python 3.12.10 C:\Users\Simba\AppData\Local\Programs\Python\Python312\python.exe
tests\cli\test_branch_command.py:95: in test_branch_preserves_parent_link
    HermesCLI._handle_branch_command(cli_instance, "/branch")
cli.py:4335: in _handle_branch_command
    _cprint(
cli.py:1068: in _cprint
    _pt_print(_PT_ANSI(text))
..\..\..\..\AppData\Local\Programs\Python\Python312\Lib\site-packages\prompt_toolkit\shortcuts\utils.py:111: in print_formatted_text
    output = get_app_session().output
             ^^^^^^^^^^^^^^^^^^^^^^^^
..\..\..\..\AppData\Local\Programs\Python\Python312\Lib\site-packages\prompt_toolkit\application\current.py:67: in output
    self._output = create_output()
                   ^^^^^^^^^^^^^^^
..\..\..\..\AppData\Local\Programs\Python\Python312\Lib\site-packages\prompt_toolkit\output\defaults.py:91: in create_output
    return Win32Output(stdout, default_color_depth=color_depth_from_env)
           ^^^^^^^^^^^^^^^^^^^^^^^^^^^^^^^^^^^^^^^^^^^^^^^^^^^^^^^^^^^^^
..\..\..\..\AppData\Local\Programs\Python\Python312\Lib\site-packages\prompt_toolkit\output\win32.py:115: in __init__
    info = self.get_win32_screen_buffer_info()
           ^^^^^^^^^^^^^^^^^^^^^^^^^^^^^^^^^^^
..\..\..\..\AppData\Local\Programs\Python\Python312\Lib\site-packages\prompt_toolkit\output\win32.py:219: in get_win32_screen_buffer_info
    raise NoConsoleScreenBufferError
E   prompt_toolkit.output.win32.NoConsoleScreenBufferError: No Windows console found. Are you running cmd.exe?
_ TestAdapterBehavior.test_text_batch_merges_rapid_messages_into_single_event _
[gw16] win32 -- Python 3.12.10 C:\Users\Simba\AppData\Local\Programs\Python\Python312\python.exe
tests\gateway\test_feishu.py:1541: in test_text_batch_merges_rapid_messages_into_single_event
    adapter = FeishuAdapter(PlatformConfig())
              ^^^^^^^^^^^^^^^^^^^^^^^^^^^^^^^
gateway\platforms\feishu.py:1053: in __init__
    self._dedup_state_path = get_hermes_home() / "feishu_seen_message_ids.json"
                             ^^^^^^^^^^^^^^^^^
hermes_constants.py:17: in get_hermes_home
    return Path(os.getenv("HERMES_HOME", Path.home() / ".hermes"))
                                         ^^^^^^^^^^^
..\..\..\..\AppData\Local\Programs\Python\Python312\Lib\pathlib.py:1202: in home
    return cls("~").expanduser()
           ^^^^^^^^^^^^^^^^^^^^^
..\..\..\..\AppData\Local\Programs\Python\Python312\Lib\pathlib.py:1406: in expanduser
    raise RuntimeError("Could not determine home directory.")
E   RuntimeError: Could not determine home directory.
___________ TestReadCodexAccessToken.test_expired_jwt_returns_none ____________
[gw0] win32 -- Python 3.12.10 C:\Users\Simba\AppData\Local\Programs\Python\Python312\python.exe
tests\agent\test_auxiliary_client.py:150: in test_expired_jwt_returns_none
    assert result is None, "Expired JWT should return None"
E   AssertionError: Expired JWT should return None
E   assert 'access-new' is None
_ TestAdapterBehavior.test_send_document_with_caption_uses_single_post_message _
[gw11] win32 -- Python 3.12.10 C:\Users\Simba\AppData\Local\Programs\Python\Python312\python.exe
tests\gateway\test_feishu.py:2049: in test_send_document_with_caption_uses_single_post_message
    adapter = FeishuAdapter(PlatformConfig())
              ^^^^^^^^^^^^^^^^^^^^^^^^^^^^^^^
gateway\platforms\feishu.py:1053: in __init__
    self._dedup_state_path = get_hermes_home() / "feishu_seen_message_ids.json"
                             ^^^^^^^^^^^^^^^^^
hermes_constants.py:17: in get_hermes_home
    return Path(os.getenv("HERMES_HOME", Path.home() / ".hermes"))
                                         ^^^^^^^^^^^
..\..\..\..\AppData\Local\Programs\Python\Python312\Lib\pathlib.py:1202: in home
    return cls("~").expanduser()
           ^^^^^^^^^^^^^^^^^^^^^
..\..\..\..\AppData\Local\Programs\Python\Python312\Lib\pathlib.py:1406: in expanduser
    raise RuntimeError("Could not determine home directory.")
E   RuntimeError: Could not determine home directory.
___ TestAdapterBehavior.test_process_inbound_message_fetches_reply_to_text ____
[gw4] win32 -- Python 3.12.10 C:\Users\Simba\AppData\Local\Programs\Python\Python312\python.exe
tests\gateway\test_feishu.py:1773: in test_process_inbound_message_fetches_reply_to_text
    adapter = FeishuAdapter(PlatformConfig())
              ^^^^^^^^^^^^^^^^^^^^^^^^^^^^^^^
gateway\platforms\feishu.py:1053: in __init__
    self._dedup_state_path = get_hermes_home() / "feishu_seen_message_ids.json"
                             ^^^^^^^^^^^^^^^^^
hermes_constants.py:17: in get_hermes_home
    return Path(os.getenv("HERMES_HOME", Path.home() / ".hermes"))
                                         ^^^^^^^^^^^
..\..\..\..\AppData\Local\Programs\Python\Python312\Lib\pathlib.py:1202: in home
    return cls("~").expanduser()
           ^^^^^^^^^^^^^^^^^^^^^
..\..\..\..\AppData\Local\Programs\Python\Python312\Lib\pathlib.py:1406: in expanduser
    raise RuntimeError("Could not determine home directory.")
E   RuntimeError: Could not determine home directory.
_____________ TestDedupTTL.test_persist_saves_timestamps_as_dict ______________
[gw1] win32 -- Python 3.12.10 C:\Users\Simba\AppData\Local\Programs\Python\Python312\python.exe
tests\gateway\test_feishu.py:2686: in test_persist_saves_timestamps_as_dict
    adapter = FeishuAdapter(PlatformConfig())
              ^^^^^^^^^^^^^^^^^^^^^^^^^^^^^^^
gateway\platforms\feishu.py:1053: in __init__
    self._dedup_state_path = get_hermes_home() / "feishu_seen_message_ids.json"
                             ^^^^^^^^^^^^^^^^^
hermes_constants.py:17: in get_hermes_home
    return Path(os.getenv("HERMES_HOME", Path.home() / ".hermes"))
                                         ^^^^^^^^^^^
..\..\..\..\AppData\Local\Programs\Python\Python312\Lib\pathlib.py:1202: in home
    return cls("~").expanduser()
           ^^^^^^^^^^^^^^^^^^^^^
..\..\..\..\AppData\Local\Programs\Python\Python312\Lib\pathlib.py:1406: in expanduser
    raise RuntimeError("Could not determine home directory.")
E   RuntimeError: Could not determine home directory.
_______ TestExpiredCodexFallback.test_hermes_oauth_file_sets_oauth_flag _______
[gw0] win32 -- Python 3.12.10 C:\Users\Simba\AppData\Local\Programs\Python\Python312\python.exe
tests\agent\test_auxiliary_client.py:376: in test_hermes_oauth_file_sets_oauth_flag
    assert adapter._is_oauth is True, "Non-sk-ant-api token should set is_oauth=True"
E   AssertionError: Non-sk-ant-api token should set is_oauth=True
E   assert False is True
E    +  where False = <agent.auxiliary_client._AnthropicCompletionsAdapter object at 0x000001C416A6F7A0>._is_oauth
__ TestFeishuAdapterMessaging.test_connect_webhook_mode_starts_local_server ___
[gw17] win32 -- Python 3.12.10 C:\Users\Simba\AppData\Local\Programs\Python\Python312\python.exe
tests\gateway\test_feishu.py:197: in test_connect_webhook_mode_starts_local_server
    adapter = FeishuAdapter(PlatformConfig())
              ^^^^^^^^^^^^^^^^^^^^^^^^^^^^^^^
gateway\platforms\feishu.py:1053: in __init__
    self._dedup_state_path = get_hermes_home() / "feishu_seen_message_ids.json"
                             ^^^^^^^^^^^^^^^^^
hermes_constants.py:17: in get_hermes_home
    return Path(os.getenv("HERMES_HOME", Path.home() / ".hermes"))
                                         ^^^^^^^^^^^
..\..\..\..\AppData\Local\Programs\Python\Python312\Lib\pathlib.py:1202: in home
    return cls("~").expanduser()
           ^^^^^^^^^^^^^^^^^^^^^
..\..\..\..\AppData\Local\Programs\Python\Python312\Lib\pathlib.py:1406: in expanduser
    raise RuntimeError("Could not determine home directory.")
E   RuntimeError: Could not determine home directory.
_ TestAdapterBehavior.test_build_event_handler_registers_reaction_and_card_processors _
[gw18] win32 -- Python 3.12.10 C:\Users\Simba\AppData\Local\Programs\Python\Python312\python.exe
tests\gateway\test_feishu.py:610: in test_build_event_handler_registers_reaction_and_card_processors
    adapter = FeishuAdapter(PlatformConfig())
              ^^^^^^^^^^^^^^^^^^^^^^^^^^^^^^^
gateway\platforms\feishu.py:1053: in __init__
    self._dedup_state_path = get_hermes_home() / "feishu_seen_message_ids.json"
                             ^^^^^^^^^^^^^^^^^
hermes_constants.py:17: in get_hermes_home
    return Path(os.getenv("HERMES_HOME", Path.home() / ".hermes"))
                                         ^^^^^^^^^^^
..\..\..\..\AppData\Local\Programs\Python\Python312\Lib\pathlib.py:1202: in home
    return cls("~").expanduser()
           ^^^^^^^^^^^^^^^^^^^^^
..\..\..\..\AppData\Local\Programs\Python\Python312\Lib\pathlib.py:1406: in expanduser
    raise RuntimeError("Could not determine home directory.")
E   RuntimeError: Could not determine home directory.
_____ TestAdapterBehavior.test_extract_file_message_downloads_and_caches ______
[gw19] win32 -- Python 3.12.10 C:\Users\Simba\AppData\Local\Programs\Python\Python312\python.exe
tests\gateway\test_feishu.py:1295: in test_extract_file_message_downloads_and_caches
    adapter = FeishuAdapter(PlatformConfig())
              ^^^^^^^^^^^^^^^^^^^^^^^^^^^^^^^
gateway\platforms\feishu.py:1053: in __init__
    self._dedup_state_path = get_hermes_home() / "feishu_seen_message_ids.json"
                             ^^^^^^^^^^^^^^^^^
hermes_constants.py:17: in get_hermes_home
    return Path(os.getenv("HERMES_HOME", Path.home() / ".hermes"))
                                         ^^^^^^^^^^^
..\..\..\..\AppData\Local\Programs\Python\Python312\Lib\pathlib.py:1202: in home
    return cls("~").expanduser()
           ^^^^^^^^^^^^^^^^^^^^^
..\..\..\..\AppData\Local\Programs\Python\Python312\Lib\pathlib.py:1406: in expanduser
    raise RuntimeError("Could not determine home directory.")
E   RuntimeError: Could not determine home directory.
________ TestExpiredCodexFallback.test_claude_code_oauth_env_sets_flag ________
[gw0] win32 -- Python 3.12.10 C:\Users\Simba\AppData\Local\Programs\Python\Python312\python.exe
tests\agent\test_auxiliary_client.py:431: in test_claude_code_oauth_env_sets_flag
    assert adapter._is_oauth is True
E   assert False is True
E    +  where False = <agent.auxiliary_client._AnthropicCompletionsAdapter object at 0x000001C416A3E3C0>._is_oauth
____________ TestBranchCommandCLI.test_branch_creates_new_session _____________
[gw5] win32 -- Python 3.12.10 C:\Users\Simba\AppData\Local\Programs\Python\Python312\python.exe
tests\cli\test_branch_command.py:74: in test_branch_creates_new_session
    HermesCLI._handle_branch_command(cli_instance, "/branch")
cli.py:4335: in _handle_branch_command
    _cprint(
cli.py:1068: in _cprint
    _pt_print(_PT_ANSI(text))
..\..\..\..\AppData\Local\Programs\Python\Python312\Lib\site-packages\prompt_toolkit\shortcuts\utils.py:111: in print_formatted_text
    output = get_app_session().output
             ^^^^^^^^^^^^^^^^^^^^^^^^
..\..\..\..\AppData\Local\Programs\Python\Python312\Lib\site-packages\prompt_toolkit\application\current.py:67: in output
    self._output = create_output()
                   ^^^^^^^^^^^^^^^
..\..\..\..\AppData\Local\Programs\Python\Python312\Lib\site-packages\prompt_toolkit\output\defaults.py:91: in create_output
    return Win32Output(stdout, default_color_depth=color_depth_from_env)
           ^^^^^^^^^^^^^^^^^^^^^^^^^^^^^^^^^^^^^^^^^^^^^^^^^^^^^^^^^^^^^
..\..\..\..\AppData\Local\Programs\Python\Python312\Lib\site-packages\prompt_toolkit\output\win32.py:115: in __init__
    info = self.get_win32_screen_buffer_info()
           ^^^^^^^^^^^^^^^^^^^^^^^^^^^^^^^^^^^
..\..\..\..\AppData\Local\Programs\Python\Python312\Lib\site-packages\prompt_toolkit\output\win32.py:219: in get_win32_screen_buffer_info
    raise NoConsoleScreenBufferError
E   prompt_toolkit.output.win32.NoConsoleScreenBufferError: No Windows console found. Are you running cmd.exe?
_ TestAdapterBehavior.test_group_post_message_uses_parsed_mentions_when_sdk_mentions_missing _
[gw3] win32 -- Python 3.12.10 C:\Users\Simba\AppData\Local\Programs\Python\Python312\python.exe
tests\gateway\test_feishu.py:1050: in test_group_post_message_uses_parsed_mentions_when_sdk_mentions_missing
    adapter = FeishuAdapter(PlatformConfig())
              ^^^^^^^^^^^^^^^^^^^^^^^^^^^^^^^
gateway\platforms\feishu.py:1053: in __init__
    self._dedup_state_path = get_hermes_home() / "feishu_seen_message_ids.json"
                             ^^^^^^^^^^^^^^^^^
hermes_constants.py:17: in get_hermes_home
    return Path(os.getenv("HERMES_HOME", Path.home() / ".hermes"))
                                         ^^^^^^^^^^^
..\..\..\..\AppData\Local\Programs\Python\Python312\Lib\pathlib.py:1202: in home
    return cls("~").expanduser()
           ^^^^^^^^^^^^^^^^^^^^^
..\..\..\..\AppData\Local\Programs\Python\Python312\Lib\pathlib.py:1406: in expanduser
    raise RuntimeError("Could not determine home directory.")
E   RuntimeError: Could not determine home directory.
_ TestAdapterBehavior.test_send_image_file_with_caption_uses_single_post_message _
[gw8] win32 -- Python 3.12.10 C:\Users\Simba\AppData\Local\Programs\Python\Python312\python.exe
tests\gateway\test_feishu.py:2156: in test_send_image_file_with_caption_uses_single_post_message
    adapter = FeishuAdapter(PlatformConfig())
              ^^^^^^^^^^^^^^^^^^^^^^^^^^^^^^^
gateway\platforms\feishu.py:1053: in __init__
    self._dedup_state_path = get_hermes_home() / "feishu_seen_message_ids.json"
                             ^^^^^^^^^^^^^^^^^
hermes_constants.py:17: in get_hermes_home
    return Path(os.getenv("HERMES_HOME", Path.home() / ".hermes"))
                                         ^^^^^^^^^^^
..\..\..\..\AppData\Local\Programs\Python\Python312\Lib\pathlib.py:1202: in home
    return cls("~").expanduser()
           ^^^^^^^^^^^^^^^^^^^^^
..\..\..\..\AppData\Local\Programs\Python\Python312\Lib\pathlib.py:1406: in expanduser
    raise RuntimeError("Could not determine home directory.")
E   RuntimeError: Could not determine home directory.
_ TestGroupMentionAtAll.test_at_all_in_content_accepts_without_explicit_bot_mention _
[gw1] win32 -- Python 3.12.10 C:\Users\Simba\AppData\Local\Programs\Python\Python312\python.exe
tests\gateway\test_feishu.py:2720: in test_at_all_in_content_accepts_without_explicit_bot_mention
    adapter = FeishuAdapter(PlatformConfig())
              ^^^^^^^^^^^^^^^^^^^^^^^^^^^^^^^
gateway\platforms\feishu.py:1053: in __init__
    self._dedup_state_path = get_hermes_home() / "feishu_seen_message_ids.json"
                             ^^^^^^^^^^^^^^^^^
hermes_constants.py:17: in get_hermes_home
    return Path(os.getenv("HERMES_HOME", Path.home() / ".hermes"))
                                         ^^^^^^^^^^^
..\..\..\..\AppData\Local\Programs\Python\Python312\Lib\pathlib.py:1202: in home
    return cls("~").expanduser()
           ^^^^^^^^^^^^^^^^^^^^^
..\..\..\..\AppData\Local\Programs\Python\Python312\Lib\pathlib.py:1406: in expanduser
    raise RuntimeError("Could not determine home directory.")
E   RuntimeError: Could not determine home directory.
_ TestAdapterBehavior.test_group_message_allowlist_and_mention_both_required __
[gw9] win32 -- Python 3.12.10 C:\Users\Simba\AppData\Local\Programs\Python\Python312\python.exe
tests\gateway\test_feishu.py:780: in test_group_message_allowlist_and_mention_both_required
    adapter = FeishuAdapter(PlatformConfig())
              ^^^^^^^^^^^^^^^^^^^^^^^^^^^^^^^
gateway\platforms\feishu.py:1053: in __init__
    self._dedup_state_path = get_hermes_home() / "feishu_seen_message_ids.json"
                             ^^^^^^^^^^^^^^^^^
hermes_constants.py:17: in get_hermes_home
    return Path(os.getenv("HERMES_HOME", Path.home() / ".hermes"))
                                         ^^^^^^^^^^^
..\..\..\..\AppData\Local\Programs\Python\Python312\Lib\pathlib.py:1202: in home
    return cls("~").expanduser()
           ^^^^^^^^^^^^^^^^^^^^^
..\..\..\..\AppData\Local\Programs\Python\Python312\Lib\pathlib.py:1406: in expanduser
    raise RuntimeError("Could not determine home directory.")
E   RuntimeError: Could not determine home directory.
_ TestAdapterBehavior.test_extract_post_message_with_rich_elements_does_not_drop_content _
[gw10] win32 -- Python 3.12.10 C:\Users\Simba\AppData\Local\Programs\Python\Python312\python.exe
tests\gateway\test_feishu.py:1104: in test_extract_post_message_with_rich_elements_does_not_drop_content
    adapter = FeishuAdapter(PlatformConfig())
              ^^^^^^^^^^^^^^^^^^^^^^^^^^^^^^^
gateway\platforms\feishu.py:1053: in __init__
    self._dedup_state_path = get_hermes_home() / "feishu_seen_message_ids.json"
                             ^^^^^^^^^^^^^^^^^
hermes_constants.py:17: in get_hermes_home
    return Path(os.getenv("HERMES_HOME", Path.home() / ".hermes"))
                                         ^^^^^^^^^^^
..\..\..\..\AppData\Local\Programs\Python\Python312\Lib\pathlib.py:1202: in home
    return cls("~").expanduser()
           ^^^^^^^^^^^^^^^^^^^^^
..\..\..\..\AppData\Local\Programs\Python\Python312\Lib\pathlib.py:1406: in expanduser
    raise RuntimeError("Could not determine home directory.")
E   RuntimeError: Could not determine home directory.
___ TestAdapterBehavior.test_send_does_not_retry_deterministic_api_failure ____
[gw11] win32 -- Python 3.12.10 C:\Users\Simba\AppData\Local\Programs\Python\Python312\python.exe
tests\gateway\test_feishu.py:1897: in test_send_does_not_retry_deterministic_api_failure
    adapter = FeishuAdapter(PlatformConfig())
              ^^^^^^^^^^^^^^^^^^^^^^^^^^^^^^^
gateway\platforms\feishu.py:1053: in __init__
    self._dedup_state_path = get_hermes_home() / "feishu_seen_message_ids.json"
                             ^^^^^^^^^^^^^^^^^
hermes_constants.py:17: in get_hermes_home
    return Path(os.getenv("HERMES_HOME", Path.home() / ".hermes"))
                                         ^^^^^^^^^^^
..\..\..\..\AppData\Local\Programs\Python\Python312\Lib\pathlib.py:1202: in home
    return cls("~").expanduser()
           ^^^^^^^^^^^^^^^^^^^^^
..\..\..\..\AppData\Local\Programs\Python\Python312\Lib\pathlib.py:1406: in expanduser
    raise RuntimeError("Could not determine home directory.")
E   RuntimeError: Could not determine home directory.
_ TestAdapterBehavior.test_process_inbound_message_uses_event_sender_identity_only _
[gw4] win32 -- Python 3.12.10 C:\Users\Simba\AppData\Local\Programs\Python\Python312\python.exe
tests\gateway\test_feishu.py:1495: in test_process_inbound_message_uses_event_sender_identity_only
    adapter = FeishuAdapter(PlatformConfig())
              ^^^^^^^^^^^^^^^^^^^^^^^^^^^^^^^
gateway\platforms\feishu.py:1053: in __init__
    self._dedup_state_path = get_hermes_home() / "feishu_seen_message_ids.json"
                             ^^^^^^^^^^^^^^^^^
hermes_constants.py:17: in get_hermes_home
    return Path(os.getenv("HERMES_HOME", Path.home() / ".hermes"))
                                         ^^^^^^^^^^^
..\..\..\..\AppData\Local\Programs\Python\Python312\Lib\pathlib.py:1202: in home
    return cls("~").expanduser()
           ^^^^^^^^^^^^^^^^^^^^^
..\..\..\..\AppData\Local\Programs\Python\Python312\Lib\pathlib.py:1406: in expanduser
    raise RuntimeError("Could not determine home directory.")
E   RuntimeError: Could not determine home directory.
__ TestAdapterBehavior.test_webhook_request_uses_same_message_dispatch_path ___
[gw16] win32 -- Python 3.12.10 C:\Users\Simba\AppData\Local\Programs\Python\Python312\python.exe
tests\gateway\test_feishu.py:1470: in test_webhook_request_uses_same_message_dispatch_path
    adapter = FeishuAdapter(PlatformConfig())
              ^^^^^^^^^^^^^^^^^^^^^^^^^^^^^^^
gateway\platforms\feishu.py:1053: in __init__
    self._dedup_state_path = get_hermes_home() / "feishu_seen_message_ids.json"
                             ^^^^^^^^^^^^^^^^^
hermes_constants.py:17: in get_hermes_home
    return Path(os.getenv("HERMES_HOME", Path.home() / ".hermes"))
                                         ^^^^^^^^^^^
..\..\..\..\AppData\Local\Programs\Python\Python312\Lib\pathlib.py:1202: in home
    return cls("~").expanduser()
           ^^^^^^^^^^^^^^^^^^^^^
..\..\..\..\AppData\Local\Programs\Python\Python312\Lib\pathlib.py:1406: in expanduser
    raise RuntimeError("Could not determine home directory.")
E   RuntimeError: Could not determine home directory.
_ TestFeishuAdapterMessaging.test_edit_message_falls_back_to_text_when_post_update_is_rejected _
[gw17] win32 -- Python 3.12.10 C:\Users\Simba\AppData\Local\Programs\Python\Python312\python.exe
tests\gateway\test_feishu.py:401: in test_edit_message_falls_back_to_text_when_post_update_is_rejected
    adapter = FeishuAdapter(PlatformConfig())
              ^^^^^^^^^^^^^^^^^^^^^^^^^^^^^^^
gateway\platforms\feishu.py:1053: in __init__
    self._dedup_state_path = get_hermes_home() / "feishu_seen_message_ids.json"
                             ^^^^^^^^^^^^^^^^^
hermes_constants.py:17: in get_hermes_home
    return Path(os.getenv("HERMES_HOME", Path.home() / ".hermes"))
                                         ^^^^^^^^^^^
..\..\..\..\AppData\Local\Programs\Python\Python312\Lib\pathlib.py:1202: in home
    return cls("~").expanduser()
           ^^^^^^^^^^^^^^^^^^^^^
..\..\..\..\AppData\Local\Programs\Python\Python312\Lib\pathlib.py:1406: in expanduser
    raise RuntimeError("Could not determine home directory.")
E   RuntimeError: Could not determine home directory.
__________ test_start_gateway_verbosity_imports_redacting_formatter ___________
[gw2] win32 -- Python 3.12.10 C:\Users\Simba\AppData\Local\Programs\Python\Python312\python.exe
tests\gateway\test_runner_startup_failures.py:163: in test_start_gateway_verbosity_imports_redacting_formatter
    ok = await start_gateway(config=GatewayConfig(), replace=False, verbosity=1)
         ^^^^^^^^^^^^^^^^^^^^^^^^^^^^^^^^^^^^^^^^^^^^^^^^^^^^^^^^^^^^^^^^^^^^^^^
gateway\run.py:9120: in start_gateway
    runner = GatewayRunner(config, tailscale_serve=tailscale_serve)
             ^^^^^^^^^^^^^^^^^^^^^^^^^^^^^^^^^^^^^^^^^^^^^^^^^^^^^^
E   TypeError: test_start_gateway_verbosity_imports_redacting_formatter.<locals>._CleanExitRunner.__init__() got an unexpected keyword argument 'tailscale_serve'
____ TestAdapterBehavior.test_build_post_payload_extracts_title_and_links _____
[gw18] win32 -- Python 3.12.10 C:\Users\Simba\AppData\Local\Programs\Python\Python312\python.exe
tests\gateway\test_feishu.py:2311: in test_build_post_payload_extracts_title_and_links
    adapter = FeishuAdapter(PlatformConfig())
              ^^^^^^^^^^^^^^^^^^^^^^^^^^^^^^^
gateway\platforms\feishu.py:1053: in __init__
    self._dedup_state_path = get_hermes_home() / "feishu_seen_message_ids.json"
                             ^^^^^^^^^^^^^^^^^
hermes_constants.py:17: in get_hermes_home
    return Path(os.getenv("HERMES_HOME", Path.home() / ".hermes"))
                                         ^^^^^^^^^^^
..\..\..\..\AppData\Local\Programs\Python\Python312\Lib\pathlib.py:1202: in home
    return cls("~").expanduser()
           ^^^^^^^^^^^^^^^^^^^^^
..\..\..\..\AppData\Local\Programs\Python\Python312\Lib\pathlib.py:1406: in expanduser
    raise RuntimeError("Could not determine home directory.")
E   RuntimeError: Could not determine home directory.
_____ TestAdapterBehavior.test_extract_image_message_downloads_and_caches _____
[gw19] win32 -- Python 3.12.10 C:\Users\Simba\AppData\Local\Programs\Python\Python312\python.exe
tests\gateway\test_feishu.py:1249: in test_extract_image_message_downloads_and_caches
    adapter = FeishuAdapter(PlatformConfig())
              ^^^^^^^^^^^^^^^^^^^^^^^^^^^^^^^
gateway\platforms\feishu.py:1053: in __init__
    self._dedup_state_path = get_hermes_home() / "feishu_seen_message_ids.json"
                             ^^^^^^^^^^^^^^^^^
hermes_constants.py:17: in get_hermes_home
    return Path(os.getenv("HERMES_HOME", Path.home() / ".hermes"))
                                         ^^^^^^^^^^^
..\..\..\..\AppData\Local\Programs\Python\Python312\Lib\pathlib.py:1202: in home
    return cls("~").expanduser()
           ^^^^^^^^^^^^^^^^^^^^^
..\..\..\..\AppData\Local\Programs\Python\Python312\Lib\pathlib.py:1406: in expanduser
    raise RuntimeError("Could not determine home directory.")
E   RuntimeError: Could not determine home directory.
_ TestAdapterBehavior.test_send_replies_in_thread_when_thread_metadata_present _
[gw8] win32 -- Python 3.12.10 C:\Users\Simba\AppData\Local\Programs\Python\Python312\python.exe
tests\gateway\test_feishu.py:1811: in test_send_replies_in_thread_when_thread_metadata_present
    adapter = FeishuAdapter(PlatformConfig())
              ^^^^^^^^^^^^^^^^^^^^^^^^^^^^^^^
gateway\platforms\feishu.py:1053: in __init__
    self._dedup_state_path = get_hermes_home() / "feishu_seen_message_ids.json"
                             ^^^^^^^^^^^^^^^^^
hermes_constants.py:17: in get_hermes_home
    return Path(os.getenv("HERMES_HOME", Path.home() / ".hermes"))
                                         ^^^^^^^^^^^
..\..\..\..\AppData\Local\Programs\Python\Python312\Lib\pathlib.py:1202: in home
    return cls("~").expanduser()
           ^^^^^^^^^^^^^^^^^^^^^
..\..\..\..\AppData\Local\Programs\Python\Python312\Lib\pathlib.py:1406: in expanduser
    raise RuntimeError("Could not determine home directory.")
E   RuntimeError: Could not determine home directory.
_____ TestSendUpdateNotification.test_cleans_up_files_after_notification ______
[gw18] win32 -- Python 3.12.10 C:\Users\Simba\AppData\Local\Programs\Python\Python312\python.exe
tests\gateway\test_update_command.py:540: in test_cleans_up_files_after_notification
    output_path.write_text("\u2713 Done")
..\..\..\..\AppData\Local\Programs\Python\Python312\Lib\pathlib.py:1048: in write_text
    return f.write(data)
           ^^^^^^^^^^^^^
..\..\..\..\AppData\Local\Programs\Python\Python312\Lib\encodings\cp1254.py:19: in encode
    return codecs.charmap_encode(input,self.errors,encoding_table)[0]
           ^^^^^^^^^^^^^^^^^^^^^^^^^^^^^^^^^^^^^^^^^^^^^^^^^^^^^^^
E   UnicodeEncodeError: 'charmap' codec can't encode character '\u2713' in position 0: character maps to <undefined>
_____ TestAdapterBehavior.test_extract_share_chat_message_as_text_summary _____
[gw10] win32 -- Python 3.12.10 C:\Users\Simba\AppData\Local\Programs\Python\Python312\python.exe
tests\gateway\test_feishu.py:1196: in test_extract_share_chat_message_as_text_summary
    adapter = FeishuAdapter(PlatformConfig())
              ^^^^^^^^^^^^^^^^^^^^^^^^^^^^^^^
gateway\platforms\feishu.py:1053: in __init__
    self._dedup_state_path = get_hermes_home() / "feishu_seen_message_ids.json"
                             ^^^^^^^^^^^^^^^^^
hermes_constants.py:17: in get_hermes_home
    return Path(os.getenv("HERMES_HOME", Path.home() / ".hermes"))
                                         ^^^^^^^^^^^
..\..\..\..\AppData\Local\Programs\Python\Python312\Lib\pathlib.py:1202: in home
    return cls("~").expanduser()
           ^^^^^^^^^^^^^^^^^^^^^
..\..\..\..\AppData\Local\Programs\Python\Python312\Lib\pathlib.py:1406: in expanduser
    raise RuntimeError("Could not determine home directory.")
E   RuntimeError: Could not determine home directory.
______ TestAdapterBehavior.test_media_batch_merges_rapid_photo_messages _______
[gw3] win32 -- Python 3.12.10 C:\Users\Simba\AppData\Local\Programs\Python\Python312\python.exe
tests\gateway\test_feishu.py:1631: in test_media_batch_merges_rapid_photo_messages
    adapter = FeishuAdapter(PlatformConfig())
              ^^^^^^^^^^^^^^^^^^^^^^^^^^^^^^^
gateway\platforms\feishu.py:1053: in __init__
    self._dedup_state_path = get_hermes_home() / "feishu_seen_message_ids.json"
                             ^^^^^^^^^^^^^^^^^
hermes_constants.py:17: in get_hermes_home
    return Path(os.getenv("HERMES_HOME", Path.home() / ".hermes"))
                                         ^^^^^^^^^^^
..\..\..\..\AppData\Local\Programs\Python\Python312\Lib\pathlib.py:1202: in home
    return cls("~").expanduser()
           ^^^^^^^^^^^^^^^^^^^^^
..\..\..\..\AppData\Local\Programs\Python\Python312\Lib\pathlib.py:1406: in expanduser
    raise RuntimeError("Could not determine home directory.")
E   RuntimeError: Could not determine home directory.
_________ TestCleanShutdownMarker.test_marker_written_on_restart_stop _________
[gw15] win32 -- Python 3.12.10 C:\Users\Simba\AppData\Local\Programs\Python\Python312\python.exe
tests\gateway\test_clean_shutdown_marker.py:224: in test_marker_written_on_restart_stop
    asyncio.get_event_loop().run_until_complete(runner.stop(restart=True))
..\..\..\..\AppData\Local\Programs\Python\Python312\Lib\asyncio\base_events.py:691: in run_until_complete
    return future.result()
           ^^^^^^^^^^^^^^^
gateway\run.py:2318: in stop
    await self._stop_task
gateway\run.py:2265: in _stop_impl
    self._stop_tailscale_serve()
gateway\run.py:1414: in _stop_tailscale_serve
    if not self._tailscale_serve_active or self._tailscale_serve_port is None:
           ^^^^^^^^^^^^^^^^^^^^^^^^^^^^
E   AttributeError: 'GatewayRunner' object has no attribute '_tailscale_serve_active'
------------------------------ Captured log call ------------------------------
[32mINFO    [0m gateway.run:run.py:2223 Stopping gateway for restart...
_ TestAdapterBehavior.test_group_message_matches_bot_name_when_only_name_available _
[gw9] win32 -- Python 3.12.10 C:\Users\Simba\AppData\Local\Programs\Python\Python312\python.exe
tests\gateway\test_feishu.py:1029: in test_group_message_matches_bot_name_when_only_name_available
    adapter = FeishuAdapter(PlatformConfig())
              ^^^^^^^^^^^^^^^^^^^^^^^^^^^^^^^
gateway\platforms\feishu.py:1053: in __init__
    self._dedup_state_path = get_hermes_home() / "feishu_seen_message_ids.json"
                             ^^^^^^^^^^^^^^^^^
hermes_constants.py:17: in get_hermes_home
    return Path(os.getenv("HERMES_HOME", Path.home() / ".hermes"))
                                         ^^^^^^^^^^^
..\..\..\..\AppData\Local\Programs\Python\Python312\Lib\pathlib.py:1202: in home
    return cls("~").expanduser()
           ^^^^^^^^^^^^^^^^^^^^^
..\..\..\..\AppData\Local\Programs\Python\Python312\Lib\pathlib.py:1406: in expanduser
    raise RuntimeError("Could not determine home directory.")
E   RuntimeError: Could not determine home directory.
____________ TestWorktreeDirectorySymlink.test_symlinks_directory _____________
[gw13] win32 -- Python 3.12.10 C:\Users\Simba\AppData\Local\Programs\Python\Python312\python.exe
tests\cli\test_worktree.py:449: in test_symlinks_directory
    os.symlink(str(src.resolve()), str(dst))
E   OSError: [WinError 1314] Gereken ayr²cal²k istemci taraf²ndan sa­lanm²yor: 'C:\\Users\\Simba\\AppData\\Local\\Temp\\pytest-of-Simba\\pytest-407\\popen-gw13\\test_symlinks_directory0\\test-repo\\.venv' -> 'C:\\Users\\Simba\\AppData\\Local\\Temp\\pytest-of-Simba\\pytest-407\\popen-gw13\\test_symlinks_directory0\\test-repo\\.worktrees\\hermes-6ec974c9\\.venv'
________ TestGroupMentionAtAll.test_at_all_still_requires_policy_gate _________
[gw1] win32 -- Python 3.12.10 C:\Users\Simba\AppData\Local\Programs\Python\Python312\python.exe
tests\gateway\test_feishu.py:2734: in test_at_all_still_requires_policy_gate
    adapter = FeishuAdapter(PlatformConfig())
              ^^^^^^^^^^^^^^^^^^^^^^^^^^^^^^^
gateway\platforms\feishu.py:1053: in __init__
    self._dedup_state_path = get_hermes_home() / "feishu_seen_message_ids.json"
                             ^^^^^^^^^^^^^^^^^
hermes_constants.py:17: in get_hermes_home
    return Path(os.getenv("HERMES_HOME", Path.home() / ".hermes"))
                                         ^^^^^^^^^^^
..\..\..\..\AppData\Local\Programs\Python\Python312\Lib\pathlib.py:1202: in home
    return cls("~").expanduser()
           ^^^^^^^^^^^^^^^^^^^^^
..\..\..\..\AppData\Local\Programs\Python\Python312\Lib\pathlib.py:1406: in expanduser
    raise RuntimeError("Could not determine home directory.")
E   RuntimeError: Could not determine home directory.
_ TestAdapterBehavior.test_send_falls_back_to_text_when_post_payload_is_rejected _
[gw11] win32 -- Python 3.12.10 C:\Users\Simba\AppData\Local\Programs\Python\Python312\python.exe
tests\gateway\test_feishu.py:2399: in test_send_falls_back_to_text_when_post_payload_is_rejected
    adapter = FeishuAdapter(PlatformConfig())
              ^^^^^^^^^^^^^^^^^^^^^^^^^^^^^^^
gateway\platforms\feishu.py:1053: in __init__
    self._dedup_state_path = get_hermes_home() / "feishu_seen_message_ids.json"
                             ^^^^^^^^^^^^^^^^^
hermes_constants.py:17: in get_hermes_home
    return Path(os.getenv("HERMES_HOME", Path.home() / ".hermes"))
                                         ^^^^^^^^^^^
..\..\..\..\AppData\Local\Programs\Python\Python312\Lib\pathlib.py:1202: in home
    return cls("~").expanduser()
           ^^^^^^^^^^^^^^^^^^^^^
..\..\..\..\AppData\Local\Programs\Python\Python312\Lib\pathlib.py:1406: in expanduser
    raise RuntimeError("Could not determine home directory.")
E   RuntimeError: Could not determine home directory.
_____________ TestSendUpdateNotification.test_cleans_up_on_error ______________
[gw18] win32 -- Python 3.12.10 C:\Users\Simba\AppData\Local\Programs\Python\Python312\python.exe
tests\gateway\test_update_command.py:566: in test_cleans_up_on_error
    output_path.write_text("\u2713 Done")
..\..\..\..\AppData\Local\Programs\Python\Python312\Lib\pathlib.py:1048: in write_text
    return f.write(data)
           ^^^^^^^^^^^^^
..\..\..\..\AppData\Local\Programs\Python\Python312\Lib\encodings\cp1254.py:19: in encode
    return codecs.charmap_encode(input,self.errors,encoding_table)[0]
           ^^^^^^^^^^^^^^^^^^^^^^^^^^^^^^^^^^^^^^^^^^^^^^^^^^^^^^^
E   UnicodeEncodeError: 'charmap' codec can't encode character '\u2713' in position 0: character maps to <undefined>
_____ TestMemoryInjection.test_memory_content_injected_into_flush_prompt ______
[gw13] win32 -- Python 3.12.10 C:\Users\Simba\AppData\Local\Programs\Python\Python312\python.exe
tests\gateway\test_flush_memory_stale_guard.py:105: in test_memory_content_injected_into_flush_prompt
    assert "Agent knows Python" in flush_prompt
E   assert 'Agent knows Python' in "[System: This session is about to be automatically reset due to inactivity or a scheduled daily reset. The conversati...t's fine ù just skip.\n\nDo NOT respond to the user. Just use the memory and skill_manage tools if needed, then stop.]"
------------------------------ Captured log call ------------------------------
[32mINFO    [0m gateway.run:run.py:814 Pre-reset memory flush completed for session session_123
_____________ TestDedupTTL.test_duplicate_within_ttl_is_rejected ______________
[gw16] win32 -- Python 3.12.10 C:\Users\Simba\AppData\Local\Programs\Python\Python312\python.exe
tests\gateway\test_feishu.py:2662: in test_duplicate_within_ttl_is_rejected
    adapter = FeishuAdapter(PlatformConfig())
              ^^^^^^^^^^^^^^^^^^^^^^^^^^^^^^^
gateway\platforms\feishu.py:1053: in __init__
    self._dedup_state_path = get_hermes_home() / "feishu_seen_message_ids.json"
                             ^^^^^^^^^^^^^^^^^
hermes_constants.py:17: in get_hermes_home
    return Path(os.getenv("HERMES_HOME", Path.home() / ".hermes"))
                                         ^^^^^^^^^^^
..\..\..\..\AppData\Local\Programs\Python\Python312\Lib\pathlib.py:1202: in home
    return cls("~").expanduser()
           ^^^^^^^^^^^^^^^^^^^^^
..\..\..\..\AppData\Local\Programs\Python\Python312\Lib\pathlib.py:1406: in expanduser
    raise RuntimeError("Could not determine home directory.")
E   RuntimeError: Could not determine home directory.
______ TestAdapterBehavior.test_send_animation_degrades_to_document_send ______
[gw4] win32 -- Python 3.12.10 C:\Users\Simba\AppData\Local\Programs\Python\Python312\python.exe
tests\gateway\test_feishu.py:1702: in test_send_animation_degrades_to_document_send
    adapter = FeishuAdapter(PlatformConfig())
              ^^^^^^^^^^^^^^^^^^^^^^^^^^^^^^^
gateway\platforms\feishu.py:1053: in __init__
    self._dedup_state_path = get_hermes_home() / "feishu_seen_message_ids.json"
                             ^^^^^^^^^^^^^^^^^
hermes_constants.py:17: in get_hermes_home
    return Path(os.getenv("HERMES_HOME", Path.home() / ".hermes"))
                                         ^^^^^^^^^^^
..\..\..\..\AppData\Local\Programs\Python\Python312\Lib\pathlib.py:1202: in home
    return cls("~").expanduser()
           ^^^^^^^^^^^^^^^^^^^^^
..\..\..\..\AppData\Local\Programs\Python\Python312\Lib\pathlib.py:1406: in expanduser
    raise RuntimeError("Could not determine home directory.")
E   RuntimeError: Could not determine home directory.
___________ TestScanWorkspaceState.test_finds_workspace_state_files ___________
[gw1] win32 -- Python 3.12.10 C:\Users\Simba\AppData\Local\Programs\Python\Python312\python.exe
tests\hermes_cli\test_claw.py:99: in test_finds_workspace_state_files
    assert any("workspace/todo.json" in d for d in descs)
E   assert False
E    +  where False = any(<generator object TestScanWorkspaceState.test_finds_workspace_state_files.<locals>.<genexpr> at 0x000002B0BC1A8D40>)
___________ TestWatchUpdateProgress.test_streams_output_to_adapter ____________
[gw18] win32 -- Python 3.12.10 C:\Users\Simba\AppData\Local\Programs\Python\Python312\python.exe
tests\gateway\test_update_streaming.py:254: in test_streams_output_to_adapter
    (hermes_home / ".update_output.txt").write_text("\u2192 Fetching updates...\\n")
..\..\..\..\AppData\Local\Programs\Python\Python312\Lib\pathlib.py:1048: in write_text
    return f.write(data)
           ^^^^^^^^^^^^^
..\..\..\..\AppData\Local\Programs\Python\Python312\Lib\encodings\cp1254.py:19: in encode
    return codecs.charmap_encode(input,self.errors,encoding_table)[0]
           ^^^^^^^^^^^^^^^^^^^^^^^^^^^^^^^^^^^^^^^^^^^^^^^^^^^^^^^
E   UnicodeEncodeError: 'charmap' codec can't encode character '\u2192' in position 0: character maps to <undefined>
____________ TestMatrixSyncAuthRetry.test_transient_error_retries _____________
[gw19] win32 -- Python 3.12.10 C:\Users\Simba\AppData\Local\Programs\Python\Python312\python.exe
tests\gateway\test_ws_auth_retry.py:215: in test_transient_error_retries
    asyncio.run(run())
..\..\..\..\AppData\Local\Programs\Python\Python312\Lib\asyncio\runners.py:195: in run
    return runner.run(main)
           ^^^^^^^^^^^^^^^^
..\..\..\..\AppData\Local\Programs\Python\Python312\Lib\asyncio\runners.py:118: in run
    return self._loop.run_until_complete(task)
           ^^^^^^^^^^^^^^^^^^^^^^^^^^^^^^^^^^^
..\..\..\..\AppData\Local\Programs\Python\Python312\Lib\asyncio\base_events.py:691: in run_until_complete
    return future.result()
           ^^^^^^^^^^^^^^^
tests\gateway\test_ws_auth_retry.py:211: in run
    await adapter._sync_loop()
gateway\platforms\matrix.py:955: in _sync_loop
    next_batch = await client.sync_store.get_next_batch()
                 ^^^^^^^^^^^^^^^^^^^^^^^^^^^^^^^^^^^^^^^^
E   TypeError: object MagicMock can't be used in 'await' expression
_ TestFeishuAdapterMessaging.test_edit_message_updates_existing_feishu_message _
[gw17] win32 -- Python 3.12.10 C:\Users\Simba\AppData\Local\Programs\Python\Python312\python.exe
tests\gateway\test_feishu.py:359: in test_edit_message_updates_existing_feishu_message
    adapter = FeishuAdapter(PlatformConfig())
              ^^^^^^^^^^^^^^^^^^^^^^^^^^^^^^^
gateway\platforms\feishu.py:1053: in __init__
    self._dedup_state_path = get_hermes_home() / "feishu_seen_message_ids.json"
                             ^^^^^^^^^^^^^^^^^
hermes_constants.py:17: in get_hermes_home
    return Path(os.getenv("HERMES_HOME", Path.home() / ".hermes"))
                                         ^^^^^^^^^^^
..\..\..\..\AppData\Local\Programs\Python\Python312\Lib\pathlib.py:1202: in home
    return cls("~").expanduser()
           ^^^^^^^^^^^^^^^^^^^^^
..\..\..\..\AppData\Local\Programs\Python\Python312\Lib\pathlib.py:1406: in expanduser
    raise RuntimeError("Could not determine home directory.")
E   RuntimeError: Could not determine home directory.
__________________ test_write_codex_cli_tokens_creates_file ___________________
[gw19] win32 -- Python 3.12.10 C:\Users\Simba\AppData\Local\Programs\Python\Python312\python.exe
tests\hermes_cli\test_auth_codex_provider.py:199: in test_write_codex_cli_tokens_creates_file
    assert (auth_path.stat().st_mode & 0o777) == 0o600
E   AssertionError: assert (33206 & 511) == 384
E    +  where 33206 = os.stat_result(st_mode=33206, st_ino=281474978629918, st_dev=2793989891388526643, st_nlink=1, st_uid=0, st_gid=0, st_size=138, st_atime=1776129080, st_mtime=1776129080, st_ctime=1776129080).st_mode
E    +    where os.stat_result(st_mode=33206, st_ino=281474978629918, st_dev=2793989891388526643, st_nlink=1, st_uid=0, st_gid=0, st_size=138, st_atime=1776129080, st_mtime=1776129080, st_ctime=1776129080) = stat()
E    +      where stat = WindowsPath('C:/Users/Simba/AppData/Local/Temp/pytest-of-Simba/pytest-407/popen-gw19/test_write_codex_cli_tokens_cr0/codex-cli/auth.json').stat
___________ TestAdapterBehavior.test_send_retries_transient_failure ___________
[gw8] win32 -- Python 3.12.10 C:\Users\Simba\AppData\Local\Programs\Python\Python312\python.exe
tests\gateway\test_feishu.py:1852: in test_send_retries_transient_failure
    adapter = FeishuAdapter(PlatformConfig())
              ^^^^^^^^^^^^^^^^^^^^^^^^^^^^^^^
gateway\platforms\feishu.py:1053: in __init__
    self._dedup_state_path = get_hermes_home() / "feishu_seen_message_ids.json"
                             ^^^^^^^^^^^^^^^^^
hermes_constants.py:17: in get_hermes_home
    return Path(os.getenv("HERMES_HOME", Path.home() / ".hermes"))
                                         ^^^^^^^^^^^
..\..\..\..\AppData\Local\Programs\Python\Python312\Lib\pathlib.py:1202: in home
    return cls("~").expanduser()
           ^^^^^^^^^^^^^^^^^^^^^
..\..\..\..\AppData\Local\Programs\Python\Python312\Lib\pathlib.py:1406: in expanduser
    raise RuntimeError("Could not determine home directory.")
E   RuntimeError: Could not determine home directory.
_______ TestAdapterBehavior.test_message_event_submits_to_adapter_loop ________
[gw3] win32 -- Python 3.12.10 C:\Users\Simba\AppData\Local\Programs\Python\Python312\python.exe
tests\gateway\test_feishu.py:1435: in test_message_event_submits_to_adapter_loop
    adapter = FeishuAdapter(PlatformConfig())
              ^^^^^^^^^^^^^^^^^^^^^^^^^^^^^^^
gateway\platforms\feishu.py:1053: in __init__
    self._dedup_state_path = get_hermes_home() / "feishu_seen_message_ids.json"
                             ^^^^^^^^^^^^^^^^^
hermes_constants.py:17: in get_hermes_home
    return Path(os.getenv("HERMES_HOME", Path.home() / ".hermes"))
                                         ^^^^^^^^^^^
..\..\..\..\AppData\Local\Programs\Python\Python312\Lib\pathlib.py:1202: in home
    return cls("~").expanduser()
           ^^^^^^^^^^^^^^^^^^^^^
..\..\..\..\AppData\Local\Programs\Python\Python312\Lib\pathlib.py:1406: in expanduser
    raise RuntimeError("Could not determine home directory.")
E   RuntimeError: Could not determine home directory.
____________________ test_auth_remove_accepts_label_target ____________________
[gw19] win32 -- Python 3.12.10 C:\Users\Simba\AppData\Local\Programs\Python\Python312\python.exe
tests\hermes_cli\test_auth_commands.py:278: in test_auth_remove_accepts_label_target
    assert len(entries) == 1
E   AssertionError: assert 2 == 1
E    +  where 2 = len([{'access_token': 'tok-1', 'auth_type': 'oauth', 'id': 'cred-1', 'label': 'work-account', ...}, {'access_token': 'access-new', 'auth_type': 'oauth', 'base_url': 'https://chatgpt.com/backend-api/codex', 'id': '451088', ...}])
---------------------------- Captured stdout call -----------------------------
Removed openai-codex credential #2 (personal-account)
------------------------------ Captured log call ------------------------------
[32mINFO    [0m agent.credential_pool:credential_pool.py:1167 Importing Codex CLI tokens into Hermes auth store.
_________ TestNoAutoActivation.test_compressor_default_ignores_plugin _________
[gw8] win32 -- Python 3.12.10 C:\Users\Simba\AppData\Local\Programs\Python\Python312\python.exe
tests\hermes_cli\test_plugins_cmd.py:654: in test_compressor_default_ignores_plugin
    source = open(ra_module.__file__).read()
             ^^^^^^^^^^^^^^^^^^^^^^^^^^^^^^^
..\..\..\..\AppData\Local\Programs\Python\Python312\Lib\encodings\cp1254.py:23: in decode
    return codecs.charmap_decode(input,self.errors,decoding_table)[0]
           ^^^^^^^^^^^^^^^^^^^^^^^^^^^^^^^^^^^^^^^^^^^^^^^^^^^^^^^
E   UnicodeDecodeError: 'charmap' codec can't decode byte 0x8f in position 45416: character maps to <undefined>
_______________ TestCursesBrowse.test_type_to_filter_then_enter _______________
[gw3] win32 -- Python 3.12.10 C:\Users\Simba\AppData\Local\Programs\Python\Python312\python.exe
tests\hermes_cli\test_session_browse.py:308: in test_type_to_filter_then_enter
    import curses
..\..\..\..\AppData\Local\Programs\Python\Python312\Lib\curses\__init__.py:13: in <module>
    from _curses import *
E   ModuleNotFoundError: No module named '_curses'
_________ TestCLISubagentInterrupt.test_full_delegate_interrupt_flow __________
[gw12] win32 -- Python 3.12.10 C:\Users\Simba\AppData\Local\Programs\Python\Python312\python.exe
tests\cli\test_cli_interrupt_subagent.py:149: in test_full_delegate_interrupt_flow
    parent.interrupt("Hey stop that")
run_agent.py:2926: in interrupt
    _set_interrupt(True, self._execution_thread_id)
                         ^^^^^^^^^^^^^^^^^^^^^^^^^
E   AttributeError: 'AIAgent' object has no attribute '_execution_thread_id'
---------------------------- Captured stdout call -----------------------------
Parent has 1 active children
_________ TestAdapterBehavior.test_extract_text_file_injects_content __________
[gw10] win32 -- Python 3.12.10 C:\Users\Simba\AppData\Local\Programs\Python\Python312\python.exe
tests\gateway\test_feishu.py:1417: in test_extract_text_file_injects_content
    adapter = FeishuAdapter(PlatformConfig())
              ^^^^^^^^^^^^^^^^^^^^^^^^^^^^^^^
gateway\platforms\feishu.py:1053: in __init__
    self._dedup_state_path = get_hermes_home() / "feishu_seen_message_ids.json"
                             ^^^^^^^^^^^^^^^^^
hermes_constants.py:17: in get_hermes_home
    return Path(os.getenv("HERMES_HOME", Path.home() / ".hermes"))
                                         ^^^^^^^^^^^
..\..\..\..\AppData\Local\Programs\Python\Python312\Lib\pathlib.py:1202: in home
    return cls("~").expanduser()
           ^^^^^^^^^^^^^^^^^^^^^
..\..\..\..\AppData\Local\Programs\Python\Python312\Lib\pathlib.py:1406: in expanduser
    raise RuntimeError("Could not determine home directory.")
E   RuntimeError: Could not determine home directory.
_ TestAdapterBehavior.test_group_message_matches_bot_open_id_when_configured __
[gw9] win32 -- Python 3.12.10 C:\Users\Simba\AppData\Local\Programs\Python\Python312\python.exe
tests\gateway\test_feishu.py:1008: in test_group_message_matches_bot_open_id_when_configured
    adapter = FeishuAdapter(PlatformConfig())
              ^^^^^^^^^^^^^^^^^^^^^^^^^^^^^^^
gateway\platforms\feishu.py:1053: in __init__
    self._dedup_state_path = get_hermes_home() / "feishu_seen_message_ids.json"
                             ^^^^^^^^^^^^^^^^^
hermes_constants.py:17: in get_hermes_home
    return Path(os.getenv("HERMES_HOME", Path.home() / ".hermes"))
                                         ^^^^^^^^^^^
..\..\..\..\AppData\Local\Programs\Python\Python312\Lib\pathlib.py:1202: in home
    return cls("~").expanduser()
           ^^^^^^^^^^^^^^^^^^^^^
..\..\..\..\AppData\Local\Programs\Python\Python312\Lib\pathlib.py:1406: in expanduser
    raise RuntimeError("Could not determine home directory.")
E   RuntimeError: Could not determine home directory.
______ test_named_custom_provider_uses_providers_dict_when_list_missing _______
[gw8] win32 -- Python 3.12.10 C:\Users\Simba\AppData\Local\Programs\Python\Python312\python.exe
tests\hermes_cli\test_runtime_provider_resolution.py:610: in test_named_custom_provider_uses_providers_dict_when_list_missing
    assert resolved["api_key"] == "dir-key"
E   AssertionError: assert 'no-key-required' == 'dir-key'
E     
E     [0m[91m- dir-key[39;49;00m[90m[39;49;00m
E     [92m+ no-key-required[39;49;00m[90m[39;49;00m
______ TestMatrixSyncAuthRetry.test_unknown_token_sync_error_stops_loop _______
[gw18] win32 -- Python 3.12.10 C:\Users\Simba\AppData\Local\Programs\Python\Python312\python.exe
tests\gateway\test_ws_auth_retry.py:149: in test_unknown_token_sync_error_stops_loop
    asyncio.run(run())
..\..\..\..\AppData\Local\Programs\Python\Python312\Lib\asyncio\runners.py:195: in run
    return runner.run(main)
           ^^^^^^^^^^^^^^^^
..\..\..\..\AppData\Local\Programs\Python\Python312\Lib\asyncio\runners.py:118: in run
    return self._loop.run_until_complete(task)
           ^^^^^^^^^^^^^^^^^^^^^^^^^^^^^^^^^^^
..\..\..\..\AppData\Local\Programs\Python\Python312\Lib\asyncio\base_events.py:691: in run_until_complete
    return future.result()
           ^^^^^^^^^^^^^^^
tests\gateway\test_ws_auth_retry.py:145: in run
    await adapter._sync_loop()
gateway\platforms\matrix.py:955: in _sync_loop
    next_batch = await client.sync_store.get_next_batch()
                 ^^^^^^^^^^^^^^^^^^^^^^^^^^^^^^^^^^^^^^^^
E   TypeError: object MagicMock can't be used in 'await' expression
__________ TestCursesBrowse.test_filter_no_match_enter_does_nothing ___________
[gw3] win32 -- Python 3.12.10 C:\Users\Simba\AppData\Local\Programs\Python\Python312\python.exe
tests\hermes_cli\test_session_browse.py:323: in test_filter_no_match_enter_does_nothing
    result = self._run_with_keys(sessions, keys)
             ^^^^^^^^^^^^^^^^^^^^^^^^^^^^^^^^^^^
tests\hermes_cli\test_session_browse.py:252: in _run_with_keys
    import curses
..\..\..\..\AppData\Local\Programs\Python\Python312\Lib\curses\__init__.py:13: in <module>
    from _curses import *
E   ModuleNotFoundError: No module named '_curses'
_____________ test_start_gateway_replace_force_uses_terminate_pid _____________
[gw2] win32 -- Python 3.12.10 C:\Users\Simba\AppData\Local\Programs\Python\Python312\python.exe
tests\gateway\test_runner_startup_failures.py:201: in test_start_gateway_replace_force_uses_terminate_pid
    ok = await start_gateway(config=GatewayConfig(), replace=True, verbosity=None)
         ^^^^^^^^^^^^^^^^^^^^^^^^^^^^^^^^^^^^^^^^^^^^^^^^^^^^^^^^^^^^^^^^^^^^^^^^^
gateway\run.py:9120: in start_gateway
    runner = GatewayRunner(config, tailscale_serve=tailscale_serve)
             ^^^^^^^^^^^^^^^^^^^^^^^^^^^^^^^^^^^^^^^^^^^^^^^^^^^^^^
E   TypeError: test_start_gateway_replace_force_uses_terminate_pid.<locals>._CleanExitRunner.__init__() got an unexpected keyword argument 'tailscale_serve'
---------------------------- Captured stderr call -----------------------------
INFO gateway.run: Replacing existing gateway instance (PID 42) with --replace.
WARNING gateway.run: Old gateway (PID 42) did not exit after SIGTERM, sending SIGKILL.
------------------------------ Captured log call ------------------------------
[32mINFO    [0m gateway.run:run.py:9032 Replacing existing gateway instance (PID 42) with --replace.
[33mWARNING [0m gateway.run:run.py:9055 Old gateway (PID 42) did not exit after SIGTERM, sending SIGKILL.
_____________ TestCursesBrowse.test_down_down_enter_selects_third _____________
[gw10] win32 -- Python 3.12.10 C:\Users\Simba\AppData\Local\Programs\Python\Python312\python.exe
tests\hermes_cli\test_session_browse.py:285: in test_down_down_enter_selects_third
    import curses
..\..\..\..\AppData\Local\Programs\Python\Python312\Lib\curses\__init__.py:13: in <module>
    from _curses import *
E   ModuleNotFoundError: No module named '_curses'
_____ TestGetTextAuxiliaryClient.test_returns_none_when_nothing_available _____
[gw0] win32 -- Python 3.12.10 C:\Users\Simba\AppData\Local\Programs\Python\Python312\python.exe
tests\agent\test_auxiliary_client.py:630: in test_returns_none_when_nothing_available
    assert client is None
E   assert <agent.auxiliary_client.CodexAuxiliaryClient object at 0x000001C416A59580> is None
------------------------------ Captured log call ------------------------------
[32mINFO    [0m agent.credential_pool:credential_pool.py:1167 Importing Codex CLI tokens into Hermes auth store.
[32mINFO    [0m agent.auxiliary_client:auxiliary_client.py:1194 Auxiliary auto-detect: using openai-codex (gpt-5.2-codex) ù skipped: openrouter, nous, local/custom
_________ TestDedupTTL.test_expired_entry_is_not_considered_duplicate _________
[gw16] win32 -- Python 3.12.10 C:\Users\Simba\AppData\Local\Programs\Python\Python312\python.exe
tests\gateway\test_feishu.py:2673: in test_expired_entry_is_not_considered_duplicate
    adapter = FeishuAdapter(PlatformConfig())
              ^^^^^^^^^^^^^^^^^^^^^^^^^^^^^^^
gateway\platforms\feishu.py:1053: in __init__
    self._dedup_state_path = get_hermes_home() / "feishu_seen_message_ids.json"
                             ^^^^^^^^^^^^^^^^^
hermes_constants.py:17: in get_hermes_home
    return Path(os.getenv("HERMES_HOME", Path.home() / ".hermes"))
                                         ^^^^^^^^^^^
..\..\..\..\AppData\Local\Programs\Python\Python312\Lib\pathlib.py:1202: in home
    return cls("~").expanduser()
           ^^^^^^^^^^^^^^^^^^^^^
..\..\..\..\AppData\Local\Programs\Python\Python312\Lib\pathlib.py:1406: in expanduser
    raise RuntimeError("Could not determine home directory.")
E   RuntimeError: Could not determine home directory.
_ TestAdapterBehavior.test_send_falls_back_to_text_when_post_response_is_unsuccessful _
[gw11] win32 -- Python 3.12.10 C:\Users\Simba\AppData\Local\Programs\Python\Python312\python.exe
tests\gateway\test_feishu.py:2444: in test_send_falls_back_to_text_when_post_response_is_unsuccessful
    adapter = FeishuAdapter(PlatformConfig())
              ^^^^^^^^^^^^^^^^^^^^^^^^^^^^^^^
gateway\platforms\feishu.py:1053: in __init__
    self._dedup_state_path = get_hermes_home() / "feishu_seen_message_ids.json"
                             ^^^^^^^^^^^^^^^^^
hermes_constants.py:17: in get_hermes_home
    return Path(os.getenv("HERMES_HOME", Path.home() / ".hermes"))
                                         ^^^^^^^^^^^
..\..\..\..\AppData\Local\Programs\Python\Python312\Lib\pathlib.py:1202: in home
    return cls("~").expanduser()
           ^^^^^^^^^^^^^^^^^^^^^
..\..\..\..\AppData\Local\Programs\Python\Python312\Lib\pathlib.py:1406: in expanduser
    raise RuntimeError("Could not determine home directory.")
E   RuntimeError: Could not determine home directory.
________________ TestCursesBrowse.test_filter_matches_preview _________________
[gw9] win32 -- Python 3.12.10 C:\Users\Simba\AppData\Local\Programs\Python\Python312\python.exe
tests\hermes_cli\test_session_browse.py:354: in test_filter_matches_preview
    result = self._run_with_keys(sessions, keys)
             ^^^^^^^^^^^^^^^^^^^^^^^^^^^^^^^^^^^
tests\hermes_cli\test_session_browse.py:252: in _run_with_keys
    import curses
..\..\..\..\AppData\Local\Programs\Python\Python312\Lib\curses\__init__.py:13: in <module>
    from _curses import *
E   ModuleNotFoundError: No module named '_curses'
______________ TestCursesBrowse.test_enter_selects_first_session ______________
[gw8] win32 -- Python 3.12.10 C:\Users\Simba\AppData\Local\Programs\Python\Python312\python.exe
tests\hermes_cli\test_session_browse.py:275: in test_enter_selects_first_session
    result = self._run_with_keys(sessions, [10])  # Enter key
             ^^^^^^^^^^^^^^^^^^^^^^^^^^^^^^^^^^^
tests\hermes_cli\test_session_browse.py:252: in _run_with_keys
    import curses
..\..\..\..\AppData\Local\Programs\Python\Python312\Lib\curses\__init__.py:13: in <module>
    from _curses import *
E   ModuleNotFoundError: No module named '_curses'
_____________ TestCursesBrowse.test_backspace_removes_filter_char _____________
[gw3] win32 -- Python 3.12.10 C:\Users\Simba\AppData\Local\Programs\Python\Python312\python.exe
tests\hermes_cli\test_session_browse.py:328: in test_backspace_removes_filter_char
    import curses
..\..\..\..\AppData\Local\Programs\Python\Python312\Lib\curses\__init__.py:13: in <module>
    from _curses import *
E   ModuleNotFoundError: No module named '_curses'
___________________ TestCursesBrowse.test_up_wraps_to_last ____________________
[gw10] win32 -- Python 3.12.10 C:\Users\Simba\AppData\Local\Programs\Python\Python312\python.exe
tests\hermes_cli\test_session_browse.py:291: in test_up_wraps_to_last
    import curses
..\..\..\..\AppData\Local\Programs\Python\Python312\Lib\curses\__init__.py:13: in <module>
    from _curses import *
E   ModuleNotFoundError: No module named '_curses'
_______________ test_systemd_status_warns_when_linger_disabled ________________
[gw1] win32 -- Python 3.12.10 C:\Users\Simba\AppData\Local\Programs\Python\Python312\python.exe
tests\hermes_cli\test_gateway.py:58: in test_systemd_status_warns_when_linger_disabled
    gateway.systemd_status(deep=False)
hermes_cli\gateway.py:1157: in systemd_status
    _run_systemctl(
hermes_cli\gateway.py:496: in _run_systemctl
    return subprocess.run(_systemctl_cmd(system) + args, **kwargs)
                          ^^^^^^^^^^^^^^^^^^^^^^
hermes_cli\gateway.py:480: in _systemctl_cmd
    _ensure_user_systemd_env()
hermes_cli\gateway.py:465: in _ensure_user_systemd_env
    uid = os.getuid()
          ^^^^^^^^^
E   AttributeError: module 'os' has no attribute 'getuid'. Did you mean: 'getpid'?
---------------------------- Captured stdout call -----------------------------
\u26a0 Installed gateway service definition is outdated\n  Run: hermes gateway restart  # auto-refreshes the unit\n
________ TestAdapterBehavior.test_send_document_reply_uses_thread_flag ________
[gw4] win32 -- Python 3.12.10 C:\Users\Simba\AppData\Local\Programs\Python\Python312\python.exe
tests\gateway\test_feishu.py:1940: in test_send_document_reply_uses_thread_flag
    adapter = FeishuAdapter(PlatformConfig())
              ^^^^^^^^^^^^^^^^^^^^^^^^^^^^^^^
gateway\platforms\feishu.py:1053: in __init__
    self._dedup_state_path = get_hermes_home() / "feishu_seen_message_ids.json"
                             ^^^^^^^^^^^^^^^^^
hermes_constants.py:17: in get_hermes_home
    return Path(os.getenv("HERMES_HOME", Path.home() / ".hermes"))
                                         ^^^^^^^^^^^
..\..\..\..\AppData\Local\Programs\Python\Python312\Lib\pathlib.py:1202: in home
    return cls("~").expanduser()
           ^^^^^^^^^^^^^^^^^^^^^
..\..\..\..\AppData\Local\Programs\Python\Python312\Lib\pathlib.py:1406: in expanduser
    raise RuntimeError("Could not determine home directory.")
E   RuntimeError: Could not determine home directory.
__________________ test_systemd_install_calls_linger_helper ___________________
[gw17] win32 -- Python 3.12.10 C:\Users\Simba\AppData\Local\Programs\Python\Python312\python.exe
tests\hermes_cli\test_gateway_linger.py:116: in test_systemd_install_calls_linger_helper
    gateway.systemd_install(force=False)
hermes_cli\gateway.py:1064: in systemd_install
    _run_systemctl(["daemon-reload"], system=system, check=True, timeout=30)
hermes_cli\gateway.py:496: in _run_systemctl
    return subprocess.run(_systemctl_cmd(system) + args, **kwargs)
                          ^^^^^^^^^^^^^^^^^^^^^^
hermes_cli\gateway.py:480: in _systemctl_cmd
    _ensure_user_systemd_env()
hermes_cli\gateway.py:465: in _ensure_user_systemd_env
    uid = os.getuid()
          ^^^^^^^^^
E   AttributeError: module 'os' has no attribute 'getuid'. Did you mean: 'getpid'?
---------------------------- Captured stdout call -----------------------------
Installing user systemd service to: C:\Users\Simba\AppData\Local\Temp\pytest-of-Simba\pytest-407\popen-gw17\test_systemd_install_calls_lin0\systemd\user\hermes-gateway.service
___________ test_auth_remove_prefers_exact_numeric_label_over_index ___________
[gw19] win32 -- Python 3.12.10 C:\Users\Simba\AppData\Local\Programs\Python\Python312\python.exe
tests\hermes_cli\test_auth_commands.py:329: in test_auth_remove_prefers_exact_numeric_label_over_index
    assert labels == ["first", "third"]
E   AssertionError: assert ['first', 'th...'device_code'] == ['first', 'third']
E     
E     Left contains one more item: [0m[33m'[39;49;00m[33mdevice_code[39;49;00m[33m'[39;49;00m[90m[39;49;00m
E     Use -v to get more diff
---------------------------- Captured stdout call -----------------------------
Removed openai-codex credential #2 (2)
------------------------------ Captured log call ------------------------------
[32mINFO    [0m agent.credential_pool:credential_pool.py:1167 Importing Codex CLI tokens into Hermes auth store.
_________________ TestCursesBrowse.test_filter_matches_source _________________
[gw9] win32 -- Python 3.12.10 C:\Users\Simba\AppData\Local\Programs\Python\Python312\python.exe
tests\hermes_cli\test_session_browse.py:364: in test_filter_matches_source
    result = self._run_with_keys(sessions, keys)
             ^^^^^^^^^^^^^^^^^^^^^^^^^^^^^^^^^^^
tests\hermes_cli\test_session_browse.py:252: in _run_with_keys
    import curses
..\..\..\..\AppData\Local\Programs\Python\Python312\Lib\curses\__init__.py:13: in <module>
    from _curses import *
E   ModuleNotFoundError: No module named '_curses'
______ test_all_subprocess_run_calls_have_timeout[hermes_cli/status.py] _______
[gw16] win32 -- Python 3.12.10 C:\Users\Simba\AppData\Local\Programs\Python\Python312\python.exe
tests\hermes_cli\test_subprocess_timeouts.py:39: in test_all_subprocess_run_calls_have_timeout
    calls = _subprocess_run_calls(filepath)
            ^^^^^^^^^^^^^^^^^^^^^^^^^^^^^^^
tests\hermes_cli\test_subprocess_timeouts.py:19: in _subprocess_run_calls
    source = Path(filepath).read_text()
             ^^^^^^^^^^^^^^^^^^^^^^^^^^
..\..\..\..\AppData\Local\Programs\Python\Python312\Lib\pathlib.py:1028: in read_text
    return f.read()
           ^^^^^^^^
..\..\..\..\AppData\Local\Programs\Python\Python312\Lib\encodings\cp1254.py:23: in decode
    return codecs.charmap_decode(input,self.errors,decoding_table)[0]
           ^^^^^^^^^^^^^^^^^^^^^^^^^^^^^^^^^^^^^^^^^^^^^^^^^^^^^^^
E   UnicodeDecodeError: 'charmap' codec can't decode byte 0x90 in position 2990: character maps to <undefined>
____________ TestCursesBrowse.test_down_then_enter_selects_second _____________
[gw8] win32 -- Python 3.12.10 C:\Users\Simba\AppData\Local\Programs\Python\Python312\python.exe
tests\hermes_cli\test_session_browse.py:279: in test_down_then_enter_selects_second
    import curses
..\..\..\..\AppData\Local\Programs\Python\Python312\Lib\curses\__init__.py:13: in <module>
    from _curses import *
E   ModuleNotFoundError: No module named '_curses'
____________________ test_save_qwen_cli_tokens_permissions ____________________
[gw19] win32 -- Python 3.12.10 C:\Users\Simba\AppData\Local\Programs\Python\Python312\python.exe
tests\hermes_cli\test_auth_qwen_provider.py:146: in test_save_qwen_cli_tokens_permissions
    assert not (mode & stat.S_IRGRP)  # no group read
    ^^^^^^^^^^^^^^^^^^^^^^^^^^^^^^^^
E   assert not (33206 & 32)
E    +  where 32 = stat.S_IRGRP
______________ TestCursesBrowse.test_escape_clears_filter_first _______________
[gw3] win32 -- Python 3.12.10 C:\Users\Simba\AppData\Local\Programs\Python\Python312\python.exe
tests\hermes_cli\test_session_browse.py:340: in test_escape_clears_filter_first
    import curses
..\..\..\..\AppData\Local\Programs\Python\Python312\Lib\curses\__init__.py:13: in <module>
    from _curses import *
E   ModuleNotFoundError: No module named '_curses'
_______ TestWorktreeIncludeSecurity.test_allows_valid_directory_include _______
[gw14] win32 -- Python 3.12.10 C:\Users\Simba\AppData\Local\Programs\Python\Python312\python.exe
tests\cli\test_worktree_security.py:127: in test_allows_valid_directory_include
    assert linked_dir.is_symlink()
E   AssertionError: assert False
E    +  where False = is_symlink()
E    +    where is_symlink = WindowsPath('C:/Users/Simba/AppData/Local/Temp/pytest-of-Simba/pytest-407/popen-gw14/test_allows_valid_directory_in0/test-repo/.worktrees/hermes-4e00eaad/.venv').is_symlink
---------------------------- Captured stdout call -----------------------------
\x1b[32m\u2713 Worktree created:\x1b[0m C:\\Users\\Simba\\AppData\\Local\\Temp\\pytest-of-Simba\\pytest-407\\popen-gw14\\test_allows_valid_directory_in0\\test-repo\\.worktrees\\hermes-4e00eaad\n  Branch: hermes/hermes-4e00eaad
____________ TestSupportsSystemdServicesWSL.test_wsl_with_systemd _____________
[gw17] win32 -- Python 3.12.10 C:\Users\Simba\AppData\Local\Programs\Python\Python312\python.exe
tests\hermes_cli\test_gateway_wsl.py:133: in test_wsl_with_systemd
    assert gateway.supports_systemd_services() is True
E   assert False is True
E    +  where False = <function supports_systemd_services at 0x000002BD53793560>()
E    +    where <function supports_systemd_services at 0x000002BD53793560> = gateway.supports_systemd_services
____________________ TestCursesBrowse.test_escape_cancels _____________________
[gw10] win32 -- Python 3.12.10 C:\Users\Simba\AppData\Local\Programs\Python\Python312\python.exe
tests\hermes_cli\test_session_browse.py:298: in test_escape_cancels
    result = self._run_with_keys(sessions, [27])  # Esc
             ^^^^^^^^^^^^^^^^^^^^^^^^^^^^^^^^^^^
tests\hermes_cli\test_session_browse.py:252: in _run_with_keys
    import curses
..\..\..\..\AppData\Local\Programs\Python\Python312\Lib\curses\__init__.py:13: in <module>
    from _curses import *
E   ModuleNotFoundError: No module named '_curses'
_________ TestMatrixSyncAuthRetry.test_exception_with_401_stops_loop __________
[gw18] win32 -- Python 3.12.10 C:\Users\Simba\AppData\Local\Programs\Python\Python312\python.exe
tests\gateway\test_ws_auth_retry.py:180: in test_exception_with_401_stops_loop
    asyncio.run(run())
..\..\..\..\AppData\Local\Programs\Python\Python312\Lib\asyncio\runners.py:195: in run
    return runner.run(main)
           ^^^^^^^^^^^^^^^^
..\..\..\..\AppData\Local\Programs\Python\Python312\Lib\asyncio\runners.py:118: in run
    return self._loop.run_until_complete(task)
           ^^^^^^^^^^^^^^^^^^^^^^^^^^^^^^^^^^^
..\..\..\..\AppData\Local\Programs\Python\Python312\Lib\asyncio\base_events.py:691: in run_until_complete
    return future.result()
           ^^^^^^^^^^^^^^^
tests\gateway\test_ws_auth_retry.py:176: in run
    await adapter._sync_loop()
gateway\platforms\matrix.py:955: in _sync_loop
    next_batch = await client.sync_store.get_next_batch()
                 ^^^^^^^^^^^^^^^^^^^^^^^^^^^^^^^^^^^^^^^^
E   TypeError: object MagicMock can't be used in 'await' expression
_____________ TestCronFilePermissions.test_ensure_dirs_sets_0700 ______________
[gw14] win32 -- Python 3.12.10 C:\Users\Simba\AppData\Local\Programs\Python\Python312\python.exe
tests\cron\test_file_permissions.py:40: in test_ensure_dirs_sets_0700
    self.assertEqual(cron_mode, 0o700)
E   AssertionError: 511 != 448
_____________ TestCursesBrowse.test_q_quits_when_no_filter_active _____________
[gw9] win32 -- Python 3.12.10 C:\Users\Simba\AppData\Local\Programs\Python\Python312\python.exe
tests\hermes_cli\test_session_browse.py:370: in test_q_quits_when_no_filter_active
    result = self._run_with_keys(sessions, [ord('q')])
             ^^^^^^^^^^^^^^^^^^^^^^^^^^^^^^^^^^^^^^^^^
tests\hermes_cli\test_session_browse.py:252: in _run_with_keys
    import curses
..\..\..\..\AppData\Local\Programs\Python\Python312\Lib\curses\__init__.py:13: in <module>
    from _curses import *
E   ModuleNotFoundError: No module named '_curses'
______________ TestSupportsSystemdServicesWSL.test_native_linux _______________
[gw17] win32 -- Python 3.12.10 C:\Users\Simba\AppData\Local\Programs\Python\Python312\python.exe
tests\hermes_cli\test_gateway_wsl.py:148: in test_native_linux
    assert gateway.supports_systemd_services() is True
E   assert False is True
E    +  where False = <function supports_systemd_services at 0x000002BD53793560>()
E    +    where <function supports_systemd_services at 0x000002BD53793560> = gateway.supports_systemd_services
____ TestAdapterBehavior.test_extract_interactive_message_as_text_summary _____
[gw15] win32 -- Python 3.12.10 C:\Users\Simba\AppData\Local\Programs\Python\Python312\python.exe
tests\gateway\test_feishu.py:1215: in test_extract_interactive_message_as_text_summary
    adapter = FeishuAdapter(PlatformConfig())
              ^^^^^^^^^^^^^^^^^^^^^^^^^^^^^^^
gateway\platforms\feishu.py:1053: in __init__
    self._dedup_state_path = get_hermes_home() / "feishu_seen_message_ids.json"
                             ^^^^^^^^^^^^^^^^^
hermes_constants.py:17: in get_hermes_home
    return Path(os.getenv("HERMES_HOME", Path.home() / ".hermes"))
                                         ^^^^^^^^^^^
..\..\..\..\AppData\Local\Programs\Python\Python312\Lib\pathlib.py:1202: in home
    return cls("~").expanduser()
           ^^^^^^^^^^^^^^^^^^^^^
..\..\..\..\AppData\Local\Programs\Python\Python312\Lib\pathlib.py:1406: in expanduser
    raise RuntimeError("Could not determine home directory.")
E   RuntimeError: Could not determine home directory.
______ test_all_subprocess_run_calls_have_timeout[hermes_cli/banner.py] _______
[gw16] win32 -- Python 3.12.10 C:\Users\Simba\AppData\Local\Programs\Python\Python312\python.exe
tests\hermes_cli\test_subprocess_timeouts.py:39: in test_all_subprocess_run_calls_have_timeout
    calls = _subprocess_run_calls(filepath)
            ^^^^^^^^^^^^^^^^^^^^^^^^^^^^^^^
tests\hermes_cli\test_subprocess_timeouts.py:19: in _subprocess_run_calls
    source = Path(filepath).read_text()
             ^^^^^^^^^^^^^^^^^^^^^^^^^^
..\..\..\..\AppData\Local\Programs\Python\Python312\Lib\pathlib.py:1028: in read_text
    return f.read()
           ^^^^^^^^
..\..\..\..\AppData\Local\Programs\Python\Python312\Lib\encodings\cp1254.py:23: in decode
    return codecs.charmap_decode(input,self.errors,decoding_table)[0]
           ^^^^^^^^^^^^^^^^^^^^^^^^^^^^^^^^^^^^^^^^^^^^^^^^^^^^^^^
E   UnicodeDecodeError: 'charmap' codec can't decode byte 0x90 in position 2478: character maps to <undefined>
___________ TestCronFilePermissions.test_save_job_output_sets_0600 ____________
[gw14] win32 -- Python 3.12.10 C:\Users\Simba\AppData\Local\Programs\Python\Python312\python.exe
tests\cron\test_file_permissions.py:70: in test_save_job_output_sets_0600
    self.assertEqual(file_mode, 0o600)
E   AssertionError: 438 != 384
_______________________ TestCursesBrowse.test_q_cancels _______________________
[gw10] win32 -- Python 3.12.10 C:\Users\Simba\AppData\Local\Programs\Python\Python312\python.exe
tests\hermes_cli\test_session_browse.py:303: in test_q_cancels
    result = self._run_with_keys(sessions, [ord('q')])
             ^^^^^^^^^^^^^^^^^^^^^^^^^^^^^^^^^^^^^^^^^
tests\hermes_cli\test_session_browse.py:252: in _run_with_keys
    import curses
..\..\..\..\AppData\Local\Programs\Python\Python312\Lib\curses\__init__.py:13: in <module>
    from _curses import *
E   ModuleNotFoundError: No module named '_curses'
___________________ test_setup_hermes_script_is_valid_shell ___________________
[gw11] win32 -- Python 3.12.10 C:\Users\Simba\AppData\Local\Programs\Python\Python312\python.exe
tests\hermes_cli\test_setup_hermes_script.py:10: in test_setup_hermes_script_is_valid_shell
    result = subprocess.run(["bash", "-n", str(SETUP_SCRIPT)], capture_output=True, text=True)
             ^^^^^^^^^^^^^^^^^^^^^^^^^^^^^^^^^^^^^^^^^^^^^^^^^^^^^^^^^^^^^^^^^^^^^^^^^^^^^^^^^
..\..\..\..\AppData\Local\Programs\Python\Python312\Lib\subprocess.py:548: in run
    with Popen(*popenargs, **kwargs) as process:
         ^^^^^^^^^^^^^^^^^^^^^^^^^^^
..\..\..\..\AppData\Local\Programs\Python\Python312\Lib\subprocess.py:1026: in __init__
    self._execute_child(args, executable, preexec_fn, close_fds,
..\..\..\..\AppData\Local\Programs\Python\Python312\Lib\subprocess.py:1538: in _execute_child
    hp, ht, pid, tid = _winapi.CreateProcess(executable, args,
E   FileNotFoundError: [WinError 2] Sistem belirtilen dosyay² bulam²yor
___________________ TestPathCompletions.test_home_expansion ___________________
[gw17] win32 -- Python 3.12.10 C:\Users\Simba\AppData\Local\Programs\Python\Python312\python.exe
tests\hermes_cli\test_path_completion.py:108: in test_home_expansion
    assert "testfile.md" in names
E   AssertionError: assert 'testfile.md' in []
______________ TestCronFilePermissions.test_save_jobs_sets_0600 _______________
[gw14] win32 -- Python 3.12.10 C:\Users\Simba\AppData\Local\Programs\Python\Python312\python.exe
tests\cron\test_file_permissions.py:58: in test_save_jobs_sets_0600
    self.assertEqual(file_mode, 0o600)
E   AssertionError: 438 != 384
________ TestCursesBrowse.test_q_types_into_filter_when_filter_active _________
[gw9] win32 -- Python 3.12.10 C:\Users\Simba\AppData\Local\Programs\Python\Python312\python.exe
tests\hermes_cli\test_session_browse.py:383: in test_q_types_into_filter_when_filter_active
    result = self._run_with_keys(sessions, keys)
             ^^^^^^^^^^^^^^^^^^^^^^^^^^^^^^^^^^^
tests\hermes_cli\test_session_browse.py:252: in _run_with_keys
    import curses
..\..\..\..\AppData\Local\Programs\Python\Python312\Lib\curses\__init__.py:13: in <module>
    from _curses import *
E   ModuleNotFoundError: No module named '_curses'
_________ TestSetupShutilImport.test_shutil_imported_at_module_level __________
[gw11] win32 -- Python 3.12.10 C:\Users\Simba\AppData\Local\Programs\Python\Python312\python.exe
tests\hermes_cli\test_setup_matrix_e2ee.py:26: in test_shutil_imported_at_module_level
    names = _parse_setup_imports()
            ^^^^^^^^^^^^^^^^^^^^^^
tests\hermes_cli\test_setup_matrix_e2ee.py:10: in _parse_setup_imports
    tree = ast.parse(f.read())
                     ^^^^^^^^
..\..\..\..\AppData\Local\Programs\Python\Python312\Lib\encodings\cp1254.py:23: in decode
    return codecs.charmap_decode(input,self.errors,decoding_table)[0]
           ^^^^^^^^^^^^^^^^^^^^^^^^^^^^^^^^^^^^^^^^^^^^^^^^^^^^^^^
E   UnicodeDecodeError: 'charmap' codec can't decode byte 0x8f in position 8058: character maps to <undefined>
________ TestBuildSchemaFromConfig.test_produces_expected_field_count _________
[gw8] win32 -- Python 3.12.10 C:\Users\Simba\AppData\Local\Programs\Python\Python312\python.exe
hermes_cli\web_server.py:48: in <module>
    from fastapi import FastAPI, HTTPException, Request
E   ModuleNotFoundError: No module named 'fastapi'

During handling of the above exception, another exception occurred:
tests\hermes_cli\test_web_server.py:293: in test_produces_expected_field_count
    from hermes_cli.web_server import CONFIG_SCHEMA
hermes_cli\web_server.py:54: in <module>
    raise SystemExit(
E   SystemExit: Web UI requires fastapi and uvicorn.
E   Run 'hermes web' to auto-install, or: pip install hermes-agent[web]
___________ TestIntegration.test_absolute_path_triggers_completion ____________
[gw17] win32 -- Python 3.12.10 C:\Users\Simba\AppData\Local\Programs\Python\Python312\python.exe
tests\hermes_cli\test_path_completion.py:164: in test_absolute_path_triggers_completion
    assert any("host" in n.lower() for n in names)
E   assert False
E    +  where False = any(<generator object TestIntegration.test_absolute_path_triggers_completion.<locals>.<genexpr> at 0x000002BD55A4AA80>)
____ TestBuildSchemaFromConfig.test_top_level_scalars_get_general_category ____
[gw3] win32 -- Python 3.12.10 C:\Users\Simba\AppData\Local\Programs\Python\Python312\python.exe
hermes_cli\web_server.py:48: in <module>
    from fastapi import FastAPI, HTTPException, Request
E   ModuleNotFoundError: No module named 'fastapi'

During handling of the above exception, another exception occurred:
tests\hermes_cli\test_web_server.py:321: in test_top_level_scalars_get_general_category
    from hermes_cli.web_server import CONFIG_SCHEMA
hermes_cli\web_server.py:54: in <module>
    raise SystemExit(
E   SystemExit: Web UI requires fastapi and uvicorn.
E   Run 'hermes web' to auto-install, or: pip install hermes-agent[web]
________________ TestBranchCommandCLI.test_branch_syncs_agent _________________
[gw7] win32 -- Python 3.12.10 C:\Users\Simba\AppData\Local\Programs\Python\Python312\python.exe
tests\cli\test_branch_command.py:156: in test_branch_syncs_agent
    HermesCLI._handle_branch_command(cli_instance, "/branch")
cli.py:4335: in _handle_branch_command
    _cprint(
cli.py:1068: in _cprint
    _pt_print(_PT_ANSI(text))
..\..\..\..\AppData\Local\Programs\Python\Python312\Lib\site-packages\prompt_toolkit\shortcuts\utils.py:111: in print_formatted_text
    output = get_app_session().output
             ^^^^^^^^^^^^^^^^^^^^^^^^
..\..\..\..\AppData\Local\Programs\Python\Python312\Lib\site-packages\prompt_toolkit\application\current.py:67: in output
    self._output = create_output()
                   ^^^^^^^^^^^^^^^
..\..\..\..\AppData\Local\Programs\Python\Python312\Lib\site-packages\prompt_toolkit\output\defaults.py:91: in create_output
    return Win32Output(stdout, default_color_depth=color_depth_from_env)
           ^^^^^^^^^^^^^^^^^^^^^^^^^^^^^^^^^^^^^^^^^^^^^^^^^^^^^^^^^^^^^
..\..\..\..\AppData\Local\Programs\Python\Python312\Lib\site-packages\prompt_toolkit\output\win32.py:115: in __init__
    info = self.get_win32_screen_buffer_info()
           ^^^^^^^^^^^^^^^^^^^^^^^^^^^^^^^^^^^
..\..\..\..\AppData\Local\Programs\Python\Python312\Lib\site-packages\prompt_toolkit\output\win32.py:219: in get_win32_screen_buffer_info
    raise NoConsoleScreenBufferError
E   prompt_toolkit.output.win32.NoConsoleScreenBufferError: No Windows console found. Are you running cmd.exe?
__________ TestBuildSchemaFromConfig.test_no_single_field_categories __________
[gw19] win32 -- Python 3.12.10 C:\Users\Simba\AppData\Local\Programs\Python\Python312\python.exe
hermes_cli\web_server.py:48: in <module>
    from fastapi import FastAPI, HTTPException, Request
E   ModuleNotFoundError: No module named 'fastapi'

During handling of the above exception, another exception occurred:
tests\hermes_cli\test_web_server.py:340: in test_no_single_field_categories
    from hermes_cli.web_server import CONFIG_SCHEMA
hermes_cli\web_server.py:54: in <module>
    raise SystemExit(
E   SystemExit: Web UI requires fastapi and uvicorn.
E   Run 'hermes web' to auto-install, or: pip install hermes-agent[web]
_____ TestBuildSchemaFromConfig.test_schema_entries_have_required_fields ______
[gw8] win32 -- Python 3.12.10 C:\Users\Simba\AppData\Local\Programs\Python\Python312\python.exe
hermes_cli\web_server.py:48: in <module>
    from fastapi import FastAPI, HTTPException, Request
E   ModuleNotFoundError: No module named 'fastapi'

During handling of the above exception, another exception occurred:
tests\hermes_cli\test_web_server.py:298: in test_schema_entries_have_required_fields
    from hermes_cli.web_server import CONFIG_SCHEMA
hermes_cli\web_server.py:54: in <module>
    raise SystemExit(
E   SystemExit: Web UI requires fastapi and uvicorn.
E   Run 'hermes web' to auto-install, or: pip install hermes-agent[web]
_______ TestBuildSchemaFromConfig.test_nested_keys_get_parent_category ________
[gw3] win32 -- Python 3.12.10 C:\Users\Simba\AppData\Local\Programs\Python\Python312\python.exe
hermes_cli\web_server.py:48: in <module>
    from fastapi import FastAPI, HTTPException, Request
E   ModuleNotFoundError: No module named 'fastapi'

During handling of the above exception, another exception occurred:
tests\hermes_cli\test_web_server.py:326: in test_nested_keys_get_parent_category
    from hermes_cli.web_server import CONFIG_SCHEMA
hermes_cli\web_server.py:54: in <module>
    raise SystemExit(
E   SystemExit: Web UI requires fastapi and uvicorn.
E   Run 'hermes web' to auto-install, or: pip install hermes-agent[web]
__________________ test_systemd_install_checks_linger_status __________________
[gw1] win32 -- Python 3.12.10 C:\Users\Simba\AppData\Local\Programs\Python\Python312\python.exe
tests\hermes_cli\test_gateway.py:81: in test_systemd_install_checks_linger_status
    gateway.systemd_install(force=False)
hermes_cli\gateway.py:1064: in systemd_install
    _run_systemctl(["daemon-reload"], system=system, check=True, timeout=30)
hermes_cli\gateway.py:496: in _run_systemctl
    return subprocess.run(_systemctl_cmd(system) + args, **kwargs)
                          ^^^^^^^^^^^^^^^^^^^^^^
hermes_cli\gateway.py:480: in _systemctl_cmd
    _ensure_user_systemd_env()
hermes_cli\gateway.py:465: in _ensure_user_systemd_env
    uid = os.getuid()
          ^^^^^^^^^
E   AttributeError: module 'os' has no attribute 'getuid'. Did you mean: 'getpid'?
---------------------------- Captured stdout call -----------------------------
Installing user systemd service to: C:\Users\Simba\AppData\Local\Temp\pytest-of-Simba\pytest-407\popen-gw1\test_systemd_install_checks_li0\systemd\user\hermes-gateway.service
_ test_install_linux_gateway_from_setup_system_choice_without_root_prints_followup _
[gw1] win32 -- Python 3.12.10 C:\Users\Simba\AppData\Local\Programs\Python\Python312\python.exe
tests\hermes_cli\test_gateway.py:152: in test_install_linux_gateway_from_setup_system_choice_without_root_prints_followup
    monkeypatch.setattr(gateway.os, "geteuid", lambda: 1000)
E   AttributeError: <module 'os' (frozen)> has no attribute 'geteuid'
___________ TestBranchCommandCLI.test_branch_ends_original_session ____________
[gw6] win32 -- Python 3.12.10 C:\Users\Simba\AppData\Local\Programs\Python\Python312\python.exe
tests\cli\test_branch_command.py:105: in test_branch_ends_original_session
    HermesCLI._handle_branch_command(cli_instance, "/branch")
cli.py:4335: in _handle_branch_command
    _cprint(
cli.py:1068: in _cprint
    _pt_print(_PT_ANSI(text))
..\..\..\..\AppData\Local\Programs\Python\Python312\Lib\site-packages\prompt_toolkit\shortcuts\utils.py:111: in print_formatted_text
    output = get_app_session().output
             ^^^^^^^^^^^^^^^^^^^^^^^^
..\..\..\..\AppData\Local\Programs\Python\Python312\Lib\site-packages\prompt_toolkit\application\current.py:67: in output
    self._output = create_output()
                   ^^^^^^^^^^^^^^^
..\..\..\..\AppData\Local\Programs\Python\Python312\Lib\site-packages\prompt_toolkit\output\defaults.py:91: in create_output
    return Win32Output(stdout, default_color_depth=color_depth_from_env)
           ^^^^^^^^^^^^^^^^^^^^^^^^^^^^^^^^^^^^^^^^^^^^^^^^^^^^^^^^^^^^^
..\..\..\..\AppData\Local\Programs\Python\Python312\Lib\site-packages\prompt_toolkit\output\win32.py:115: in __init__
    info = self.get_win32_screen_buffer_info()
           ^^^^^^^^^^^^^^^^^^^^^^^^^^^^^^^^^^^
..\..\..\..\AppData\Local\Programs\Python\Python312\Lib\site-packages\prompt_toolkit\output\win32.py:219: in get_win32_screen_buffer_info
    raise NoConsoleScreenBufferError
E   prompt_toolkit.output.win32.NoConsoleScreenBufferError: No Windows console found. Are you running cmd.exe?
__________ TestLaunchdPlistRefresh.test_launchd_start_calls_refresh ___________
[gw18] win32 -- Python 3.12.10 C:\Users\Simba\AppData\Local\Programs\Python\Python312\python.exe
tests\hermes_cli\test_update_gateway_restart.py:276: in test_launchd_start_calls_refresh
    gateway_cli.launchd_start()
hermes_cli\gateway.py:1395: in launchd_start
    refresh_launchd_plist_if_needed()
hermes_cli\gateway.py:1337: in refresh_launchd_plist_if_needed
    subprocess.run(["launchctl", "bootout", f"{_launchd_domain()}/{label}"], check=False, timeout=90)
                                               ^^^^^^^^^^^^^^^^^
hermes_cli\gateway.py:1221: in _launchd_domain
    return f"gui/{os.getuid()}"
                  ^^^^^^^^^
E   AttributeError: module 'os' has no attribute 'getuid'. Did you mean: 'getpid'?
____ test_install_linux_gateway_from_setup_system_choice_as_root_installs _____
[gw1] win32 -- Python 3.12.10 C:\Users\Simba\AppData\Local\Programs\Python\Python312\python.exe
tests\hermes_cli\test_gateway.py:166: in test_install_linux_gateway_from_setup_system_choice_as_root_installs
    monkeypatch.setattr(gateway.os, "geteuid", lambda: 0)
E   AttributeError: <module 'os' (frozen)> has no attribute 'geteuid'
______________ TestBuildSchemaFromConfig.test_overrides_applied _______________
[gw8] win32 -- Python 3.12.10 C:\Users\Simba\AppData\Local\Programs\Python\Python312\python.exe
hermes_cli\web_server.py:48: in <module>
    from fastapi import FastAPI, HTTPException, Request
E   ModuleNotFoundError: No module named 'fastapi'

During handling of the above exception, another exception occurred:
tests\hermes_cli\test_web_server.py:304: in test_overrides_applied
    from hermes_cli.web_server import CONFIG_SCHEMA
hermes_cli\web_server.py:54: in <module>
    raise SystemExit(
E   SystemExit: Web UI requires fastapi and uvicorn.
E   Run 'hermes web' to auto-install, or: pip install hermes-agent[web]
_ TestAdapterBehavior.test_extract_media_message_with_image_mime_becomes_photo _
[gw15] win32 -- Python 3.12.10 C:\Users\Simba\AppData\Local\Programs\Python\Python312\python.exe
tests\gateway\test_feishu.py:1317: in test_extract_media_message_with_image_mime_becomes_photo
    adapter = FeishuAdapter(PlatformConfig())
              ^^^^^^^^^^^^^^^^^^^^^^^^^^^^^^^
gateway\platforms\feishu.py:1053: in __init__
    self._dedup_state_path = get_hermes_home() / "feishu_seen_message_ids.json"
                             ^^^^^^^^^^^^^^^^^
hermes_constants.py:17: in get_hermes_home
    return Path(os.getenv("HERMES_HOME", Path.home() / ".hermes"))
                                         ^^^^^^^^^^^
..\..\..\..\AppData\Local\Programs\Python\Python312\Lib\pathlib.py:1202: in home
    return cls("~").expanduser()
           ^^^^^^^^^^^^^^^^^^^^^
..\..\..\..\AppData\Local\Programs\Python\Python312\Lib\pathlib.py:1406: in expanduser
    raise RuntimeError("Could not determine home directory.")
E   RuntimeError: Could not determine home directory.
____________ TestBuildSchemaFromConfig.test_category_merge_applied ____________
[gw3] win32 -- Python 3.12.10 C:\Users\Simba\AppData\Local\Programs\Python\Python312\python.exe
hermes_cli\web_server.py:48: in <module>
    from fastapi import FastAPI, HTTPException, Request
E   ModuleNotFoundError: No module named 'fastapi'

During handling of the above exception, another exception occurred:
tests\hermes_cli\test_web_server.py:332: in test_category_merge_applied
    from hermes_cli.web_server import CONFIG_SCHEMA
hermes_cli\web_server.py:54: in <module>
    raise SystemExit(
E   SystemExit: Web UI requires fastapi and uvicorn.
E   Run 'hermes web' to auto-install, or: pip install hermes-agent[web]
_ TestSetupFeishuAdapterIntegration.test_open_dm_env_sets_correct_adapter_state _
[gw0] win32 -- Python 3.12.10 C:\Users\Simba\AppData\Local\Programs\Python\Python312\python.exe
tests\gateway\test_setup_feishu.py:267: in test_open_dm_env_sets_correct_adapter_state
    FeishuAdapter(PlatformConfig())
gateway\platforms\feishu.py:1053: in __init__
    self._dedup_state_path = get_hermes_home() / "feishu_seen_message_ids.json"
                             ^^^^^^^^^^^^^^^^^
hermes_constants.py:17: in get_hermes_home
    return Path(os.getenv("HERMES_HOME", Path.home() / ".hermes"))
                                         ^^^^^^^^^^^
..\..\..\..\AppData\Local\Programs\Python\Python312\Lib\pathlib.py:1202: in home
    return cls("~").expanduser()
           ^^^^^^^^^^^^^^^^^^^^^
..\..\..\..\AppData\Local\Programs\Python\Python312\Lib\pathlib.py:1406: in expanduser
    raise RuntimeError("Could not determine home directory.")
E   RuntimeError: Could not determine home directory.
---------------------------- Captured stdout call -----------------------------
\n  \u2500\u2500\u2500 \U0001fabd Feishu / Lark Setup \u2500\u2500\u2500\n\n\n\n\n\n
_________________ TestSourceLinesAreClamped.test_cli_clamped __________________
[gw3] win32 -- Python 3.12.10 C:\Users\Simba\AppData\Local\Programs\Python\Python312\python.exe
tests\run_agent\test_percentage_clamp.py:91: in test_cli_clamped
    src = self._read_file("cli.py")
          ^^^^^^^^^^^^^^^^^^^^^^^^^
tests\run_agent\test_percentage_clamp.py:81: in _read_file
    return f.read()
           ^^^^^^^^
..\..\..\..\AppData\Local\Programs\Python\Python312\Lib\encodings\cp1254.py:23: in decode
    return codecs.charmap_decode(input,self.errors,decoding_table)[0]
           ^^^^^^^^^^^^^^^^^^^^^^^^^^^^^^^^^^^^^^^^^^^^^^^^^^^^^^^
E   UnicodeDecodeError: 'charmap' codec can't decode byte 0x8f in position 2476: character maps to <undefined>
_____________ TestSourceLinesAreClamped.test_memory_tool_clamped ______________
[gw3] win32 -- Python 3.12.10 C:\Users\Simba\AppData\Local\Programs\Python\Python312\python.exe
tests\run_agent\test_percentage_clamp.py:97: in test_memory_tool_clamped
    src = self._read_file("tools/memory_tool.py")
          ^^^^^^^^^^^^^^^^^^^^^^^^^^^^^^^^^^^^^^^
tests\run_agent\test_percentage_clamp.py:81: in _read_file
    return f.read()
           ^^^^^^^^
..\..\..\..\AppData\Local\Programs\Python\Python312\Lib\encodings\cp1254.py:23: in decode
    return codecs.charmap_decode(input,self.errors,decoding_table)[0]
           ^^^^^^^^^^^^^^^^^^^^^^^^^^^^^^^^^^^^^^^^^^^^^^^^^^^^^^^
E   UnicodeDecodeError: 'charmap' codec can't decode byte 0x90 in position 15650: character maps to <undefined>
_______________ TestBranchCommandCLI.test_branch_copies_history _______________
[gw5] win32 -- Python 3.12.10 C:\Users\Simba\AppData\Local\Programs\Python\Python312\python.exe
tests\cli\test_branch_command.py:85: in test_branch_copies_history
    HermesCLI._handle_branch_command(cli_instance, "/branch")
cli.py:4335: in _handle_branch_command
    _cprint(
cli.py:1068: in _cprint
    _pt_print(_PT_ANSI(text))
..\..\..\..\AppData\Local\Programs\Python\Python312\Lib\site-packages\prompt_toolkit\shortcuts\utils.py:111: in print_formatted_text
    output = get_app_session().output
             ^^^^^^^^^^^^^^^^^^^^^^^^
..\..\..\..\AppData\Local\Programs\Python\Python312\Lib\site-packages\prompt_toolkit\application\current.py:67: in output
    self._output = create_output()
                   ^^^^^^^^^^^^^^^
..\..\..\..\AppData\Local\Programs\Python\Python312\Lib\site-packages\prompt_toolkit\output\defaults.py:91: in create_output
    return Win32Output(stdout, default_color_depth=color_depth_from_env)
           ^^^^^^^^^^^^^^^^^^^^^^^^^^^^^^^^^^^^^^^^^^^^^^^^^^^^^^^^^^^^^
..\..\..\..\AppData\Local\Programs\Python\Python312\Lib\site-packages\prompt_toolkit\output\win32.py:115: in __init__
    info = self.get_win32_screen_buffer_info()
           ^^^^^^^^^^^^^^^^^^^^^^^^^^^^^^^^^^^
..\..\..\..\AppData\Local\Programs\Python\Python312\Lib\site-packages\prompt_toolkit\output\win32.py:219: in get_win32_screen_buffer_info
    raise NoConsoleScreenBufferError
E   prompt_toolkit.output.win32.NoConsoleScreenBufferError: No Windows console found. Are you running cmd.exe?
_____ test_cmd_update_retries_optional_extras_individually_when_all_fails _____
[gw16] win32 -- Python 3.12.10 C:\Users\Simba\AppData\Local\Programs\Python\Python312\python.exe
tests\hermes_cli\test_update_autostash.py:340: in test_cmd_update_retries_optional_extras_individually_when_all_fails
    hermes_main.cmd_update(SimpleNamespace())
hermes_cli\main.py:3712: in cmd_update
    current_branch = result.stdout.strip()
                     ^^^^^^^^^^^^^
E   AttributeError: 'types.SimpleNamespace' object has no attribute 'stdout'
---------------------------- Captured stdout call -----------------------------
\u2695 Updating Hermes Agent...\n\n\u2192 Fetching updates...
______ TestBuildSchemaFromConfig.test_empty_prefix_produces_correct_keys ______
[gw8] win32 -- Python 3.12.10 C:\Users\Simba\AppData\Local\Programs\Python\Python312\python.exe
hermes_cli\web_server.py:48: in <module>
    from fastapi import FastAPI, HTTPException, Request
E   ModuleNotFoundError: No module named 'fastapi'

During handling of the above exception, another exception occurred:
tests\hermes_cli\test_web_server.py:313: in test_empty_prefix_produces_correct_keys
    from hermes_cli.web_server import _build_schema_from_config
hermes_cli\web_server.py:54: in <module>
    raise SystemExit(
E   SystemExit: Web UI requires fastapi and uvicorn.
E   Run 'hermes web' to auto-install, or: pip install hermes-agent[web]
_ TestLaunchdPlistRefresh.test_launchd_start_recreates_missing_plist_and_loads_service _
[gw18] win32 -- Python 3.12.10 C:\Users\Simba\AppData\Local\Programs\Python\Python312\python.exe
tests\hermes_cli\test_update_gateway_restart.py:297: in test_launchd_start_recreates_missing_plist_and_loads_service
    gateway_cli.launchd_start()
hermes_cli\gateway.py:1390: in launchd_start
    subprocess.run(["launchctl", "bootstrap", _launchd_domain(), str(plist_path)], check=True, timeout=30)
                                              ^^^^^^^^^^^^^^^^^
hermes_cli\gateway.py:1221: in _launchd_domain
    return f"gui/{os.getuid()}"
                  ^^^^^^^^^
E   AttributeError: module 'os' has no attribute 'getuid'. Did you mean: 'getpid'?
---------------------------- Captured stdout call -----------------------------
\u21bb launchd plist missing; regenerating service definition
___________ test_cmd_update_falls_back_to_reset_when_ff_only_fails ____________
[gw4] win32 -- Python 3.12.10 C:\Users\Simba\AppData\Local\Programs\Python\Python312\python.exe
tests\hermes_cli\test_update_autostash.py:441: in test_cmd_update_falls_back_to_reset_when_ff_only_fails
    assert reset_calls[0] == ["git", "reset", "--hard", "origin/main"]
E   AssertionError: assert ['git', '-c',...'origin/main'] == ['git', 'rese...'origin/main']
E     
E     At index 1 diff: [0m[33m'[39;49;00m[33m-c[39;49;00m[33m'[39;49;00m[90m[39;49;00m != [0m[33m'[39;49;00m[33mreset[39;49;00m[33m'[39;49;00m[90m[39;49;00m
E     Left contains 2 more items, first extra item: [0m[33m'[39;49;00m[33m--hard[39;49;00m[33m'[39;49;00m[90m[39;49;00m
E     Use -v to get more diff
---------------------------- Captured stdout call -----------------------------
\u2695 Updating Hermes Agent...\n\n\u2192 Fetching updates...\n\u2192 Found 3 new commit(s)\n\u2192 Pulling updates...\n  \u26a0 Fast-forward not possible (history diverged), resetting to match remote...\n\u2192 Updating Python dependencies...\n\n\u2713 Code updated!\n\n\u2192 Syncing bundled skills...\n  \u2713 Skills are up to date\n\n\u2192 Checking configuration for new options...\n  \u2713 Configuration is up to date\n\n\u2713 Update complete!\n\nTip: You can now select a provider and model:\n  hermes model              # Select provider and model
_ TestSetupFeishuAdapterIntegration.test_group_open_env_sets_adapter_group_policy _
[gw0] win32 -- Python 3.12.10 C:\Users\Simba\AppData\Local\Programs\Python\Python312\python.exe
tests\gateway\test_setup_feishu.py:278: in test_group_open_env_sets_adapter_group_policy
    adapter = FeishuAdapter(PlatformConfig())
              ^^^^^^^^^^^^^^^^^^^^^^^^^^^^^^^
gateway\platforms\feishu.py:1053: in __init__
    self._dedup_state_path = get_hermes_home() / "feishu_seen_message_ids.json"
                             ^^^^^^^^^^^^^^^^^
hermes_constants.py:17: in get_hermes_home
    return Path(os.getenv("HERMES_HOME", Path.home() / ".hermes"))
                                         ^^^^^^^^^^^
..\..\..\..\AppData\Local\Programs\Python\Python312\Lib\pathlib.py:1202: in home
    return cls("~").expanduser()
           ^^^^^^^^^^^^^^^^^^^^^
..\..\..\..\AppData\Local\Programs\Python\Python312\Lib\pathlib.py:1406: in expanduser
    raise RuntimeError("Could not determine home directory.")
E   RuntimeError: Could not determine home directory.
---------------------------- Captured stdout call -----------------------------
\n  \u2500\u2500\u2500 \U0001fabd Feishu / Lark Setup \u2500\u2500\u2500\n\n\n\n\n\n
_______ TestLaunchdPlistPath.test_plist_path_includes_node_modules_bin ________
[gw4] win32 -- Python 3.12.10 C:\Users\Simba\AppData\Local\Programs\Python\Python312\python.exe
tests\hermes_cli\test_update_gateway_restart.py:167: in test_plist_path_includes_node_modules_bin
    assert node_bin in path_value.split(":")
E   AssertionError: assert 'C:\\Users\\Simba\\Desktop\\DEV\\duskHermes\\d60\\node_modules\\.bin' in ['C', '\\Users\\Simba\\Desktop\\DEV\\duskHermes\\d60\\venv\\bin', 'C', '\\Users\\Simba\\Desktop\\DEV\\duskHermes\\d60\\node_modules\\.bin', 'C', '\\Program Files\\nodejs', ...]
E    +  where ['C', '\\Users\\Simba\\Desktop\\DEV\\duskHermes\\d60\\venv\\bin', 'C', '\\Users\\Simba\\Desktop\\DEV\\duskHermes\\d60\\node_modules\\.bin', 'C', '\\Program Files\\nodejs', ...] = <built-in method split of str object at 0x000001BF73757E60>(':')
E    +    where <built-in method split of str object at 0x000001BF73757E60> = 'C:\\Users\\Simba\\Desktop\\DEV\\duskHermes\\d60\\venv\\bin:C:\\Users\\Simba\\Desktop\\DEV\\duskHermes\\d60\\node_modu...\\Simba\\AppData\\Local\\Programs\\Microsoft VS Code\\bin;C:\\Users\\Simba\\AppData\\Local\\Programs\\Antigravity\\bin'.split
_ TestLaunchdPlistPath.test_plist_path_deduplicates_venv_bin_when_already_in_path _
[gw4] win32 -- Python 3.12.10 C:\Users\Simba\AppData\Local\Programs\Python\Python312\python.exe
tests\hermes_cli\test_update_gateway_restart.py:188: in test_plist_path_deduplicates_venv_bin_when_already_in_path
    assert parts.count(venv_bin) == 1
E   AssertionError: assert 0 == 1
E    +  where 0 = <built-in method count of list object at 0x000001BF762AD940>('C:\\Users\\Simba\\Desktop\\DEV\\duskHermes\\d60\\venv\\bin')
E    +    where <built-in method count of list object at 0x000001BF762AD940> = ['C', '\\Users\\Simba\\Desktop\\DEV\\duskHermes\\d60\\venv\\bin', 'C', '\\Users\\Simba\\Desktop\\DEV\\duskHermes\\d60\\node_modules\\.bin', 'C', '\\Users\\Simba\\Desktop\\DEV\\duskHermes\\d60\\venv\\bin', ...].count
_______ TestSendUpdateNotification.test_sends_notification_with_output ________
[gw0] win32 -- Python 3.12.10 C:\Users\Simba\AppData\Local\Programs\Python\Python312\python.exe
tests\gateway\test_update_command.py:417: in test_sends_notification_with_output
    (hermes_home / ".update_output.txt").write_text(
..\..\..\..\AppData\Local\Programs\Python\Python312\Lib\pathlib.py:1048: in write_text
    return f.write(data)
           ^^^^^^^^^^^^^
..\..\..\..\AppData\Local\Programs\Python\Python312\Lib\encodings\cp1254.py:19: in encode
    return codecs.charmap_encode(input,self.errors,encoding_table)[0]
           ^^^^^^^^^^^^^^^^^^^^^^^^^^^^^^^^^^^^^^^^^^^^^^^^^^^^^^^
E   UnicodeEncodeError: 'charmap' codec can't encode character '\u2192' in position 0: character maps to <undefined>
_ TestAdapterBehavior.test_extract_media_message_with_video_mime_becomes_video _
[gw15] win32 -- Python 3.12.10 C:\Users\Simba\AppData\Local\Programs\Python\Python312\python.exe
tests\gateway\test_feishu.py:1339: in test_extract_media_message_with_video_mime_becomes_video
    adapter = FeishuAdapter(PlatformConfig())
              ^^^^^^^^^^^^^^^^^^^^^^^^^^^^^^^
gateway\platforms\feishu.py:1053: in __init__
    self._dedup_state_path = get_hermes_home() / "feishu_seen_message_ids.json"
                             ^^^^^^^^^^^^^^^^^
hermes_constants.py:17: in get_hermes_home
    return Path(os.getenv("HERMES_HOME", Path.home() / ".hermes"))
                                         ^^^^^^^^^^^
..\..\..\..\AppData\Local\Programs\Python\Python312\Lib\pathlib.py:1202: in home
    return cls("~").expanduser()
           ^^^^^^^^^^^^^^^^^^^^^
..\..\..\..\AppData\Local\Programs\Python\Python312\Lib\pathlib.py:1406: in expanduser
    raise RuntimeError("Could not determine home directory.")
E   RuntimeError: Could not determine home directory.
______________ TestSendUpdateNotification.test_strips_ansi_codes ______________
[gw0] win32 -- Python 3.12.10 C:\Users\Simba\AppData\Local\Programs\Python\Python312\python.exe
tests\gateway\test_update_command.py:444: in test_strips_ansi_codes
    (hermes_home / ".update_output.txt").write_text(
..\..\..\..\AppData\Local\Programs\Python\Python312\Lib\pathlib.py:1048: in write_text
    return f.write(data)
           ^^^^^^^^^^^^^
..\..\..\..\AppData\Local\Programs\Python\Python312\Lib\encodings\cp1254.py:19: in encode
    return codecs.charmap_encode(input,self.errors,encoding_table)[0]
           ^^^^^^^^^^^^^^^^^^^^^^^^^^^^^^^^^^^^^^^^^^^^^^^^^^^^^^^
E   UnicodeEncodeError: 'charmap' codec can't encode character '\u2713' in position 5: character maps to <undefined>
_____________ TestImageFileDrop.test_all_image_extensions[.tiff] ______________
[gw0] win32 -- Python 3.12.10 C:\Users\Simba\AppData\Local\Programs\Python\Python312\python.exe
tests\test_cli_file_drop.py:98: in test_all_image_extensions
    assert result is not None
E   assert None is not None
____________________ test_cmd_update_succeeds_with_extras _____________________
[gw16] win32 -- Python 3.12.10 C:\Users\Simba\AppData\Local\Programs\Python\Python312\python.exe
tests\hermes_cli\test_update_autostash.py:377: in test_cmd_update_succeeds_with_extras
    hermes_main.cmd_update(SimpleNamespace())
hermes_cli\main.py:3712: in cmd_update
    current_branch = result.stdout.strip()
                     ^^^^^^^^^^^^^
E   AttributeError: 'types.SimpleNamespace' object has no attribute 'stdout'
---------------------------- Captured stdout call -----------------------------
\u2695 Updating Hermes Agent...\n\n\u2192 Fetching updates...
______________ TestImageFileDrop.test_all_image_extensions[.tif] ______________
[gw0] win32 -- Python 3.12.10 C:\Users\Simba\AppData\Local\Programs\Python\Python312\python.exe
tests\test_cli_file_drop.py:98: in test_all_image_extensions
    assert result is not None
E   assert None is not None
______________ TestImageFileDrop.test_all_image_extensions[.png] ______________
[gw16] win32 -- Python 3.12.10 C:\Users\Simba\AppData\Local\Programs\Python\Python312\python.exe
tests\test_cli_file_drop.py:98: in test_all_image_extensions
    assert result is not None
E   assert None is not None
______________ TestImageFileDrop.test_all_image_extensions[.svg] ______________
[gw0] win32 -- Python 3.12.10 C:\Users\Simba\AppData\Local\Programs\Python\Python312\python.exe
tests\test_cli_file_drop.py:98: in test_all_image_extensions
    assert result is not None
E   assert None is not None
______________ TestImageFileDrop.test_all_image_extensions[.jpg] ______________
[gw16] win32 -- Python 3.12.10 C:\Users\Simba\AppData\Local\Programs\Python\Python312\python.exe
tests\test_cli_file_drop.py:98: in test_all_image_extensions
    assert result is not None
E   assert None is not None
______________ TestImageFileDrop.test_all_image_extensions[.ico] ______________
[gw0] win32 -- Python 3.12.10 C:\Users\Simba\AppData\Local\Programs\Python\Python312\python.exe
tests\test_cli_file_drop.py:98: in test_all_image_extensions
    assert result is not None
E   assert None is not None
_____________ TestImageFileDrop.test_all_image_extensions[.jpeg] ______________
[gw16] win32 -- Python 3.12.10 C:\Users\Simba\AppData\Local\Programs\Python\Python312\python.exe
tests\test_cli_file_drop.py:98: in test_all_image_extensions
    assert result is not None
E   assert None is not None
_________________ TestImageFileDrop.test_uppercase_extension __________________
[gw0] win32 -- Python 3.12.10 C:\Users\Simba\AppData\Local\Programs\Python\Python312\python.exe
tests\test_cli_file_drop.py:105: in test_uppercase_extension
    assert result is not None
E   assert None is not None
___________ TestNonImageFileDrop.test_non_image_with_trailing_text ____________
[gw16] win32 -- Python 3.12.10 C:\Users\Simba\AppData\Local\Programs\Python\Python312\python.exe
tests\test_cli_file_drop.py:124: in test_non_image_with_trailing_text
    assert result is not None
E   assert None is not None
____________________ TestNonImageFileDrop.test_python_file ____________________
[gw0] win32 -- Python 3.12.10 C:\Users\Simba\AppData\Local\Programs\Python\Python312\python.exe
tests\test_cli_file_drop.py:116: in test_python_file
    assert result is not None
E   assert None is not None
________________ TestEscapedSpaces.test_escaped_spaces_in_path ________________
[gw16] win32 -- Python 3.12.10 C:\Users\Simba\AppData\Local\Programs\Python\Python312\python.exe
tests\test_cli_file_drop.py:138: in test_escaped_spaces_in_path
    assert result is not None
E   assert None is not None
__________ TestLaunchdPlistRefresh.test_refresh_rewrites_stale_plist __________
[gw4] win32 -- Python 3.12.10 C:\Users\Simba\AppData\Local\Programs\Python\Python312\python.exe
tests\hermes_cli\test_update_gateway_restart.py:229: in test_refresh_rewrites_stale_plist
    result = gateway_cli.refresh_launchd_plist_if_needed()
             ^^^^^^^^^^^^^^^^^^^^^^^^^^^^^^^^^^^^^^^^^^^^^
hermes_cli\gateway.py:1337: in refresh_launchd_plist_if_needed
    subprocess.run(["launchctl", "bootout", f"{_launchd_domain()}/{label}"], check=False, timeout=90)
                                               ^^^^^^^^^^^^^^^^^
hermes_cli\gateway.py:1221: in _launchd_domain
    return f"gui/{os.getuid()}"
                  ^^^^^^^^^
E   AttributeError: module 'os' has no attribute 'getuid'. Did you mean: 'getpid'?
__________ TestEscapedSpaces.test_escaped_spaces_with_trailing_text ___________
[gw0] win32 -- Python 3.12.10 C:\Users\Simba\AppData\Local\Programs\Python\Python312\python.exe
tests\test_cli_file_drop.py:146: in test_escaped_spaces_with_trailing_text
    assert result is not None
E   assert None is not None
_________ TestEdgeCases.test_path_that_looks_like_command_but_is_file _________
[gw16] win32 -- Python 3.12.10 C:\Users\Simba\AppData\Local\Programs\Python\Python312\python.exe
tests\test_cli_file_drop.py:168: in test_path_that_looks_like_command_but_is_file
    assert result is not None
E   assert None is not None
______________ TestImageFileDrop.test_all_image_extensions[.gif] ______________
[gw4] win32 -- Python 3.12.10 C:\Users\Simba\AppData\Local\Programs\Python\Python312\python.exe
tests\test_cli_file_drop.py:98: in test_all_image_extensions
    assert result is not None
E   assert None is not None
_____ TestAdapterBehavior.test_send_uses_post_for_advanced_markdown_lines _____
[gw5] win32 -- Python 3.12.10 C:\Users\Simba\AppData\Local\Programs\Python\Python312\python.exe
tests\gateway\test_feishu.py:2489: in test_send_uses_post_for_advanced_markdown_lines
    adapter = FeishuAdapter(PlatformConfig())
              ^^^^^^^^^^^^^^^^^^^^^^^^^^^^^^^
gateway\platforms\feishu.py:1053: in __init__
    self._dedup_state_path = get_hermes_home() / "feishu_seen_message_ids.json"
                             ^^^^^^^^^^^^^^^^^
hermes_constants.py:17: in get_hermes_home
    return Path(os.getenv("HERMES_HOME", Path.home() / ".hermes"))
                                         ^^^^^^^^^^^
..\..\..\..\AppData\Local\Programs\Python\Python312\Lib\pathlib.py:1202: in home
    return cls("~").expanduser()
           ^^^^^^^^^^^^^^^^^^^^^
..\..\..\..\AppData\Local\Programs\Python\Python312\Lib\pathlib.py:1406: in expanduser
    raise RuntimeError("Could not determine home directory.")
E   RuntimeError: Could not determine home directory.
_____________ TestImageFileDrop.test_all_image_extensions[.webp] ______________
[gw4] win32 -- Python 3.12.10 C:\Users\Simba\AppData\Local\Programs\Python\Python312\python.exe
tests\test_cli_file_drop.py:98: in test_all_image_extensions
    assert result is not None
E   assert None is not None
__________________ TestEdgeCases.test_path_with_no_extension __________________
[gw0] win32 -- Python 3.12.10 C:\Users\Simba\AppData\Local\Programs\Python\Python312\python.exe
tests\test_cli_file_drop.py:160: in test_path_with_no_extension
    assert result is not None
E   assert None is not None
______________ TestImageFileDrop.test_all_image_extensions[.bmp] ______________
[gw4] win32 -- Python 3.12.10 C:\Users\Simba\AppData\Local\Programs\Python\Python312\python.exe
tests\test_cli_file_drop.py:98: in test_all_image_extensions
    assert result is not None
E   assert None is not None
_____________________ TestEdgeCases.test_symlink_to_file ______________________
[gw16] win32 -- Python 3.12.10 C:\Users\Simba\AppData\Local\Programs\Python\Python312\python.exe
tests\test_cli_file_drop.py:173: in test_symlink_to_file
    link.symlink_to(tmp_image)
..\..\..\..\AppData\Local\Programs\Python\Python312\Lib\pathlib.py:1386: in symlink_to
    os.symlink(target, self, target_is_directory)
E   OSError: [WinError 1314] Gereken ayr²cal²k istemci taraf²ndan sa­lanm²yor: 'C:\\Users\\Simba\\AppData\\Local\\Temp\\pytest-of-Simba\\pytest-407\\popen-gw16\\test_symlink_to_file0\\screenshot.png' -> 'C:\\Users\\Simba\\AppData\\Local\\Temp\\pytest-of-Simba\\pytest-407\\popen-gw16\\test_symlink_to_file0\\link.png'
_________________________ test_model_config_migrated __________________________
[gw8] win32 -- Python 3.12.10 C:\Users\Simba\AppData\Local\Programs\Python\Python312\python.exe
..\..\..\..\AppData\Local\Programs\Python\Python312\Lib\pathlib.py:1311: in mkdir
    os.mkdir(self, mode)
E   FileNotFoundError: [WinError 206] Dosya ad² veya uzant²s² ok uzun: 'C:\\Users\\Simba\\AppData\\Local\\Temp\\pytest-of-Simba\\pytest-407\\popen-gw8\\test_model_config_migrated0\\.hermes\\migration\\openclaw\\20260414T041120\\backups\\Users\\Simba\\AppData\\Local\\Temp\\pytest-of-Simba\\pytest-407\\popen-gw8\\test_model_config_migrated0\\.hermes'

During handling of the above exception, another exception occurred:
tests\skills\test_openclaw_migration.py:509: in test_model_config_migrated
    report = migrator.migrate()
             ^^^^^^^^^^^^^^^^^^
optional-skills\migration\openclaw-migration\scripts\openclaw_to_hermes.py:699: in migrate
    self.run_if_selected("model-config", lambda: self.migrate_model_config(config))
optional-skills\migration\openclaw-migration\scripts\openclaw_to_hermes.py:741: in run_if_selected
    func()
optional-skills\migration\openclaw-migration\scripts\openclaw_to_hermes.py:699: in <lambda>
    self.run_if_selected("model-config", lambda: self.migrate_model_config(config))
                                                 ^^^^^^^^^^^^^^^^^^^^^^^^^^^^^^^^^
optional-skills\migration\openclaw-migration\scripts\openclaw_to_hermes.py:1383: in migrate_model_config
    backup_path = self.maybe_backup(destination)
                  ^^^^^^^^^^^^^^^^^^^^^^^^^^^^^^
optional-skills\migration\openclaw-migration\scripts\openclaw_to_hermes.py:792: in maybe_backup
    return backup_existing(path, self.backup_dir)
           ^^^^^^^^^^^^^^^^^^^^^^^^^^^^^^^^^^^^^^
optional-skills\migration\openclaw-migration\scripts\openclaw_to_hermes.py:371: in backup_existing
    ensure_parent(dest)
optional-skills\migration\openclaw-migration\scripts\openclaw_to_hermes.py:304: in ensure_parent
    path.parent.mkdir(parents=True, exist_ok=True)
..\..\..\..\AppData\Local\Programs\Python\Python312\Lib\pathlib.py:1316: in mkdir
    self.mkdir(mode, parents=False, exist_ok=exist_ok)
..\..\..\..\AppData\Local\Programs\Python\Python312\Lib\pathlib.py:1311: in mkdir
    os.mkdir(self, mode)
E   FileNotFoundError: [WinError 206] Dosya ad² veya uzant²s² ok uzun: 'C:\\Users\\Simba\\AppData\\Local\\Temp\\pytest-of-Simba\\pytest-407\\popen-gw8\\test_model_config_migrated0\\.hermes\\migration\\openclaw\\20260414T041120\\backups\\Users\\Simba\\AppData\\Local\\Temp\\pytest-of-Simba\\pytest-407\\popen-gw8\\test_model_config_migrated0\\.hermes'
___ TestAdapterBehavior.test_extract_merge_forward_message_as_text_summary ____
[gw15] win32 -- Python 3.12.10 C:\Users\Simba\AppData\Local\Programs\Python\Python312\python.exe
tests\gateway\test_feishu.py:1166: in test_extract_merge_forward_message_as_text_summary
    adapter = FeishuAdapter(PlatformConfig())
              ^^^^^^^^^^^^^^^^^^^^^^^^^^^^^^^
gateway\platforms\feishu.py:1053: in __init__
    self._dedup_state_path = get_hermes_home() / "feishu_seen_message_ids.json"
                             ^^^^^^^^^^^^^^^^^
hermes_constants.py:17: in get_hermes_home
    return Path(os.getenv("HERMES_HOME", Path.home() / ".hermes"))
                                         ^^^^^^^^^^^
..\..\..\..\AppData\Local\Programs\Python\Python312\Lib\pathlib.py:1202: in home
    return cls("~").expanduser()
           ^^^^^^^^^^^^^^^^^^^^^
..\..\..\..\AppData\Local\Programs\Python\Python312\Lib\pathlib.py:1406: in expanduser
    raise RuntimeError("Could not determine home directory.")
E   RuntimeError: Could not determine home directory.
____ TestCLIPlanCommand.test_plan_without_args_uses_skill_context_guidance ____
[gw12] win32 -- Python 3.12.10 C:\Users\Simba\AppData\Local\Programs\Python\Python312\python.exe
tests\cli\test_cli_plan_command.py:62: in test_plan_without_args_uses_skill_context_guidance
    cli_obj.process_command("/plan")
cli.py:5418: in process_command
    self._handle_plan_command(cmd_original)
cli.py:5644: in _handle_plan_command
    _cprint(f"  \U0001f4dd Plan mode queued via skill. Markdown plan target: {plan_path}")
cli.py:1068: in _cprint
    _pt_print(_PT_ANSI(text))
..\..\..\..\AppData\Local\Programs\Python\Python312\Lib\site-packages\prompt_toolkit\shortcuts\utils.py:111: in print_formatted_text
    output = get_app_session().output
             ^^^^^^^^^^^^^^^^^^^^^^^^
..\..\..\..\AppData\Local\Programs\Python\Python312\Lib\site-packages\prompt_toolkit\application\current.py:67: in output
    self._output = create_output()
                   ^^^^^^^^^^^^^^^
..\..\..\..\AppData\Local\Programs\Python\Python312\Lib\site-packages\prompt_toolkit\output\defaults.py:91: in create_output
    return Win32Output(stdout, default_color_depth=color_depth_from_env)
           ^^^^^^^^^^^^^^^^^^^^^^^^^^^^^^^^^^^^^^^^^^^^^^^^^^^^^^^^^^^^^
..\..\..\..\AppData\Local\Programs\Python\Python312\Lib\site-packages\prompt_toolkit\output\win32.py:115: in __init__
    info = self.get_win32_screen_buffer_info()
           ^^^^^^^^^^^^^^^^^^^^^^^^^^^^^^^^^^^
..\..\..\..\AppData\Local\Programs\Python\Python312\Lib\site-packages\prompt_toolkit\output\win32.py:219: in get_win32_screen_buffer_info
    raise NoConsoleScreenBufferError
E   prompt_toolkit.output.win32.NoConsoleScreenBufferError: No Windows console found. Are you running cmd.exe?
______ TestTryRecoverPrimaryTransport.test_allowed_for_anthropic_direct _______
[gw3] win32 -- Python 3.12.10 C:\Users\Simba\AppData\Local\Programs\Python\Python312\python.exe
tests\run_agent\test_primary_runtime_restore.py:329: in test_allowed_for_anthropic_direct
    agent = _make_agent(provider="anthropic", base_url="https://api.anthropic.com")
            ^^^^^^^^^^^^^^^^^^^^^^^^^^^^^^^^^^^^^^^^^^^^^^^^^^^^^^^^^^^^^^^^^^^^^^^
tests\run_agent\test_primary_runtime_restore.py:42: in _make_agent
    agent = AIAgent(
run_agent.py:888: in __init__
    self._anthropic_client = build_anthropic_client(effective_key, base_url)
                             ^^^^^^^^^^^^^^^^^^^^^^^^^^^^^^^^^^^^^^^^^^^^^^^
agent\anthropic_adapter.py:249: in build_anthropic_client
    raise ImportError(
E   ImportError: The 'anthropic' package is required for the Anthropic provider. Install it with: pip install 'anthropic>=0.39.0'
_________ TestAdapterBehavior.test_send_uses_post_for_inline_markdown _________
[gw5] win32 -- Python 3.12.10 C:\Users\Simba\AppData\Local\Programs\Python\Python312\python.exe
tests\gateway\test_feishu.py:2358: in test_send_uses_post_for_inline_markdown
    adapter = FeishuAdapter(PlatformConfig())
              ^^^^^^^^^^^^^^^^^^^^^^^^^^^^^^^
gateway\platforms\feishu.py:1053: in __init__
    self._dedup_state_path = get_hermes_home() / "feishu_seen_message_ids.json"
                             ^^^^^^^^^^^^^^^^^
hermes_constants.py:17: in get_hermes_home
    return Path(os.getenv("HERMES_HOME", Path.home() / ".hermes"))
                                         ^^^^^^^^^^^
..\..\..\..\AppData\Local\Programs\Python\Python312\Lib\pathlib.py:1202: in home
    return cls("~").expanduser()
           ^^^^^^^^^^^^^^^^^^^^^
..\..\..\..\AppData\Local\Programs\Python\Python312\Lib\pathlib.py:1406: in expanduser
    raise RuntimeError("Could not determine home directory.")
E   RuntimeError: Could not determine home directory.
___________ TestSessionContext.test_no_session_tag_without_context ____________
[gw0] win32 -- Python 3.12.10 C:\Users\Simba\AppData\Local\Programs\Python\Python312\python.exe
tests\test_hermes_logging.py:344: in test_no_session_tag_without_context
    hermes_logging.clear_session_context()
    ^^^^^^^^^^^^^^^^^^^^^^^^^^^^^^^^^^^^
E   AttributeError: module 'hermes_logging' has no attribute 'clear_session_context'. Did you mean: 'set_session_context'?
___________ test_cron_store_is_archived_without_config_cron_section ___________
[gw3] win32 -- Python 3.12.10 C:\Users\Simba\AppData\Local\Programs\Python\Python312\python.exe
tests\skills\test_openclaw_migration.py:726: in test_cron_store_is_archived_without_config_cron_section
    assert archived_store is not None
E   assert None is not None
__________________ TestImageFileDrop.test_simple_image_path ___________________
[gw3] win32 -- Python 3.12.10 C:\Users\Simba\AppData\Local\Programs\Python\Python312\python.exe
tests\test_cli_file_drop.py:79: in test_simple_image_path
    assert result is not None
E   assert None is not None
_______________ TestImageFileDrop.test_image_with_trailing_text _______________
[gw3] win32 -- Python 3.12.10 C:\Users\Simba\AppData\Local\Programs\Python\Python312\python.exe
tests\test_cli_file_drop.py:87: in test_image_with_trailing_text
    assert result is not None
E   assert None is not None
____________ TestAdapterBehavior.test_extract_post_message_as_text ____________
[gw15] win32 -- Python 3.12.10 C:\Users\Simba\AppData\Local\Programs\Python\Python312\python.exe
tests\gateway\test_feishu.py:1066: in test_extract_post_message_as_text
    adapter = FeishuAdapter(PlatformConfig())
              ^^^^^^^^^^^^^^^^^^^^^^^^^^^^^^^
gateway\platforms\feishu.py:1053: in __init__
    self._dedup_state_path = get_hermes_home() / "feishu_seen_message_ids.json"
                             ^^^^^^^^^^^^^^^^^
hermes_constants.py:17: in get_hermes_home
    return Path(os.getenv("HERMES_HOME", Path.home() / ".hermes"))
                                         ^^^^^^^^^^^
..\..\..\..\AppData\Local\Programs\Python\Python312\Lib\pathlib.py:1202: in home
    return cls("~").expanduser()
           ^^^^^^^^^^^^^^^^^^^^^
..\..\..\..\AppData\Local\Programs\Python\Python312\Lib\pathlib.py:1406: in expanduser
    raise RuntimeError("Could not determine home directory.")
E   RuntimeError: Could not determine home directory.
________________ TestSessionContext.test_clear_session_context ________________
[gw0] win32 -- Python 3.12.10 C:\Users\Simba\AppData\Local\Programs\Python\Python312\python.exe
tests\test_hermes_logging.py:365: in test_clear_session_context
    hermes_logging.clear_session_context()
    ^^^^^^^^^^^^^^^^^^^^^^^^^^^^^^^^^^^^
E   AttributeError: module 'hermes_logging' has no attribute 'clear_session_context'. Did you mean: 'set_session_context'?
______________ TestRecordFactory.test_empty_tag_without_context _______________
[gw4] win32 -- Python 3.12.10 C:\Users\Simba\AppData\Local\Programs\Python\Python312\python.exe
tests\test_hermes_logging.py:425: in test_empty_tag_without_context
    hermes_logging.clear_session_context()
    ^^^^^^^^^^^^^^^^^^^^^^^^^^^^^^^^^^^^
E   AttributeError: module 'hermes_logging' has no attribute 'clear_session_context'. Did you mean: 'set_session_context'?
____ TestServicePidExclusion.test_update_launchd_does_not_kill_service_pid ____
[gw18] win32 -- Python 3.12.10 C:\Users\Simba\AppData\Local\Programs\Python\Python312\python.exe
tests\hermes_cli\test_update_gateway_restart.py:561: in test_update_launchd_does_not_kill_service_pid
    assert "Restarted" in captured
E   AssertionError: assert 'Restarted' in '\u2695 Updating Hermes Agent...\\n\\n\u2192 Fetching updates...\\n\u2192 Found 3 new commit(s)\\n\u2192 Pulling updates...\\n  \u2713 Cleared 25 st... complete!\\n\\nTip: You can now select a provider and model:\\n  hermes model              # Select provider and model\\n'
_____________ TestBranchCommandCLI.test_branch_sets_resumed_flag ______________
[gw7] win32 -- Python 3.12.10 C:\Users\Simba\AppData\Local\Programs\Python\Python312\python.exe
tests\cli\test_branch_command.py:167: in test_branch_sets_resumed_flag
    HermesCLI._handle_branch_command(cli_instance, "/branch")
cli.py:4335: in _handle_branch_command
    _cprint(
cli.py:1068: in _cprint
    _pt_print(_PT_ANSI(text))
..\..\..\..\AppData\Local\Programs\Python\Python312\Lib\site-packages\prompt_toolkit\shortcuts\utils.py:111: in print_formatted_text
    output = get_app_session().output
             ^^^^^^^^^^^^^^^^^^^^^^^^
..\..\..\..\AppData\Local\Programs\Python\Python312\Lib\site-packages\prompt_toolkit\application\current.py:67: in output
    self._output = create_output()
                   ^^^^^^^^^^^^^^^
..\..\..\..\AppData\Local\Programs\Python\Python312\Lib\site-packages\prompt_toolkit\output\defaults.py:91: in create_output
    return Win32Output(stdout, default_color_depth=color_depth_from_env)
           ^^^^^^^^^^^^^^^^^^^^^^^^^^^^^^^^^^^^^^^^^^^^^^^^^^^^^^^^^^^^^
..\..\..\..\AppData\Local\Programs\Python\Python312\Lib\site-packages\prompt_toolkit\output\win32.py:115: in __init__
    info = self.get_win32_screen_buffer_info()
           ^^^^^^^^^^^^^^^^^^^^^^^^^^^^^^^^^^^
..\..\..\..\AppData\Local\Programs\Python\Python312\Lib\site-packages\prompt_toolkit\output\win32.py:219: in get_win32_screen_buffer_info
    raise NoConsoleScreenBufferError
E   prompt_toolkit.output.win32.NoConsoleScreenBufferError: No Windows console found. Are you running cmd.exe?
__________________ TestImageFileDrop.test_simple_image_path ___________________
[gw7] win32 -- Python 3.12.10 C:\Users\Simba\AppData\Local\Programs\Python\Python312\python.exe
tests\cli\test_cli_file_drop.py:79: in test_simple_image_path
    assert result is not None
E   assert None is not None
__ test_handle_skills_slash_search_accepts_chatconsole_without_status_errors __
[gw11] win32 -- Python 3.12.10 C:\Users\Simba\AppData\Local\Programs\Python\Python312\python.exe
tests\hermes_cli\test_skills_hub.py:196: in test_handle_skills_slash_search_accepts_chatconsole_without_status_errors
    handle_skills_slash("/skills search kubernetes", console=ChatConsole())
hermes_cli\skills_hub.py:1120: in handle_skills_slash
    do_search(" ".join(query_parts), source=source, limit=limit, console=c)
hermes_cli\skills_hub.py:150: in do_search
    c.print(f"\n[bold]Searching for:[/] {query}")
cli.py:1355: in print
    _cprint(line)
cli.py:1068: in _cprint
    _pt_print(_PT_ANSI(text))
..\..\..\..\AppData\Local\Programs\Python\Python312\Lib\site-packages\prompt_toolkit\shortcuts\utils.py:111: in print_formatted_text
    output = get_app_session().output
             ^^^^^^^^^^^^^^^^^^^^^^^^
..\..\..\..\AppData\Local\Programs\Python\Python312\Lib\site-packages\prompt_toolkit\application\current.py:67: in output
    self._output = create_output()
                   ^^^^^^^^^^^^^^^
..\..\..\..\AppData\Local\Programs\Python\Python312\Lib\site-packages\prompt_toolkit\output\defaults.py:91: in create_output
    return Win32Output(stdout, default_color_depth=color_depth_from_env)
           ^^^^^^^^^^^^^^^^^^^^^^^^^^^^^^^^^^^^^^^^^^^^^^^^^^^^^^^^^^^^^
..\..\..\..\AppData\Local\Programs\Python\Python312\Lib\site-packages\prompt_toolkit\output\win32.py:115: in __init__
    info = self.get_win32_screen_buffer_info()
           ^^^^^^^^^^^^^^^^^^^^^^^^^^^^^^^^^^^
..\..\..\..\AppData\Local\Programs\Python\Python312\Lib\site-packages\prompt_toolkit\output\win32.py:219: in get_win32_screen_buffer_info
    raise NoConsoleScreenBufferError
E   prompt_toolkit.output.win32.NoConsoleScreenBufferError: No Windows console found. Are you running cmd.exe?
______________ TestBranchCommandCLI.test_branch_with_custom_name ______________
[gw6] win32 -- Python 3.12.10 C:\Users\Simba\AppData\Local\Programs\Python\Python312\python.exe
tests\cli\test_branch_command.py:114: in test_branch_with_custom_name
    HermesCLI._handle_branch_command(cli_instance, "/branch refactor approach")
cli.py:4335: in _handle_branch_command
    _cprint(
cli.py:1068: in _cprint
    _pt_print(_PT_ANSI(text))
..\..\..\..\AppData\Local\Programs\Python\Python312\Lib\site-packages\prompt_toolkit\shortcuts\utils.py:111: in print_formatted_text
    output = get_app_session().output
             ^^^^^^^^^^^^^^^^^^^^^^^^
..\..\..\..\AppData\Local\Programs\Python\Python312\Lib\site-packages\prompt_toolkit\application\current.py:67: in output
    self._output = create_output()
                   ^^^^^^^^^^^^^^^
..\..\..\..\AppData\Local\Programs\Python\Python312\Lib\site-packages\prompt_toolkit\output\defaults.py:91: in create_output
    return Win32Output(stdout, default_color_depth=color_depth_from_env)
           ^^^^^^^^^^^^^^^^^^^^^^^^^^^^^^^^^^^^^^^^^^^^^^^^^^^^^^^^^^^^^
..\..\..\..\AppData\Local\Programs\Python\Python312\Lib\site-packages\prompt_toolkit\output\win32.py:115: in __init__
    info = self.get_win32_screen_buffer_info()
           ^^^^^^^^^^^^^^^^^^^^^^^^^^^^^^^^^^^
..\..\..\..\AppData\Local\Programs\Python\Python312\Lib\site-packages\prompt_toolkit\output\win32.py:219: in get_win32_screen_buffer_info
    raise NoConsoleScreenBufferError
E   prompt_toolkit.output.win32.NoConsoleScreenBufferError: No Windows console found. Are you running cmd.exe?
_______________ TestImageFileDrop.test_image_with_trailing_text _______________
[gw7] win32 -- Python 3.12.10 C:\Users\Simba\AppData\Local\Programs\Python\Python312\python.exe
tests\cli\test_cli_file_drop.py:87: in test_image_with_trailing_text
    assert result is not None
E   assert None is not None
____ TestAddRotatingHandler.test_managed_mode_rollover_sets_group_writable ____
[gw0] win32 -- Python 3.12.10 C:\Users\Simba\AppData\Local\Programs\Python\Python312\python.exe
tests\test_hermes_logging.py:704: in test_managed_mode_rollover_sets_group_writable
    assert stat.S_IMODE(log_path.stat().st_mode) == 0o660
E   AssertionError: assert 438 == 432
E    +  where 438 = <built-in function S_IMODE>(33206)
E    +    where <built-in function S_IMODE> = stat.S_IMODE
E    +    and   33206 = os.stat_result(st_mode=33206, st_ino=281474978630651, st_dev=2793989891388526643, st_nlink=1, st_uid=0, st_gid=0, st_size=258, st_atime=1776129081, st_mtime=1776129081, st_ctime=1776129081).st_mode
E    +      where os.stat_result(st_mode=33206, st_ino=281474978630651, st_dev=2793989891388526643, st_nlink=1, st_uid=0, st_gid=0, st_size=258, st_atime=1776129081, st_mtime=1776129081, st_ctime=1776129081) = stat()
E    +        where stat = WindowsPath('C:/Users/Simba/AppData/Local/Temp/pytest-of-Simba/pytest-407/popen-gw0/test_managed_mode_rollover_set0/managed-rollover.log').stat
------------------------------ Captured log call ------------------------------
[32mINFO    [0m _test_rotating_managed_rollover:test_hermes_logging.py:698 aaaaaaaaaaaaaaaaaaaaaaaaaaaaaaaaaaaaaaaaaaaaaaaaaaaaaaaaaaaaaaaaaaaaaaaaaaaaaaaaaaaaaaaaaaaaaaaaaaaaaaaaaaaaaaaaaaaaaaaaaaaaaaaaaaaaaaaaaaaaaaaaaaaaaaaaaaaaaaaaaaaaaaaaaaaaaaaaaaaaaaaaaaaaaaaaaaaaaaaaaaaaaaaaaaaaaaaaaaaaaaaaaaaaaaaaaaaaaaaaaaaaaaaaaaaaaaaa
_ TestFlushMemoriesUsesAuxiliaryClient.test_flush_uses_auxiliary_when_available _
[gw14] win32 -- Python 3.12.10 C:\Users\Simba\AppData\Local\Programs\Python\Python312\python.exe
tests\run_agent\test_flush_memories_codex.py:164: in test_flush_uses_auxiliary_when_available
    with patch("tools.memory_tool.memory_tool", return_value="Saved.") as mock_memory:
         ^^^^^^^^^^^^^^^^^^^^^^^^^^^^^^^^^^^^^^^^^^^^^^^^^^^^^^^^^^^^^
..\..\..\..\AppData\Local\Programs\Python\Python312\Lib\unittest\mock.py:1451: in __enter__
    self.target = self.getter()
                  ^^^^^^^^^^^^^
..\..\..\..\AppData\Local\Programs\Python\Python312\Lib\pkgutil.py:528: in resolve_name
    result = getattr(result, p)
             ^^^^^^^^^^^^^^^^^^
E   AttributeError: module 'tools' has no attribute 'memory_tool'
------------------------------ Captured log call ------------------------------
[32mINFO    [0m agent.model_metadata:model_metadata.py:987 Could not detect context length for model '' at https://test.example.com/v1 ù defaulting to 128,000 tokens (probe-down). Set model.context_length in config.yaml to override.
[32mINFO    [0m agent.credential_pool:credential_pool.py:1167 Importing Codex CLI tokens into Hermes auth store.
[32mINFO    [0m agent.auxiliary_client:auxiliary_client.py:1194 Auxiliary auto-detect: using openai-codex (gpt-5.2-codex) ù skipped: openrouter, nous, local/custom
________ TestSourceLineVerification.test_no_eager_async_openai_in_init ________
[gw7] win32 -- Python 3.12.10 C:\Users\Simba\AppData\Local\Programs\Python\Python312\python.exe
tests\test_trajectory_compressor_async.py:98: in test_no_eager_async_openai_in_init
    src = self._read_file()
          ^^^^^^^^^^^^^^^^^
tests\test_trajectory_compressor_async.py:94: in _read_file
    return f.read()
           ^^^^^^^^
..\..\..\..\AppData\Local\Programs\Python\Python312\Lib\encodings\cp1254.py:23: in decode
    return codecs.charmap_decode(input,self.errors,decoding_table)[0]
           ^^^^^^^^^^^^^^^^^^^^^^^^^^^^^^^^^^^^^^^^^^^^^^^^^^^^^^^
E   UnicodeDecodeError: 'charmap' codec can't decode byte 0x8e in position 42101: character maps to <undefined>
_________ TestGetSubprocessHome.test_two_profiles_get_different_homes _________
[gw3] win32 -- Python 3.12.10 C:\Users\Simba\AppData\Local\Programs\Python\Python312\python.exe
tests\test_subprocess_home_isolation.py:72: in test_two_profiles_get_different_homes
    assert home_a.endswith("alpha/home")
E   AssertionError: assert False
E    +  where False = <built-in method endswith of str object at 0x00000194608B7E10>('alpha/home')
E    +    where <built-in method endswith of str object at 0x00000194608B7E10> = 'C:\\Users\\Simba\\AppData\\Local\\Temp\\pytest-of-Simba\\pytest-407\\popen-gw3\\test_two_profiles_get_differen0\\.hermes\\profiles\\alpha\\home'.endswith
______ test_all_subprocess_run_calls_have_timeout[hermes_cli/doctor.py] _______
[gw11] win32 -- Python 3.12.10 C:\Users\Simba\AppData\Local\Programs\Python\Python312\python.exe
tests\hermes_cli\test_subprocess_timeouts.py:39: in test_all_subprocess_run_calls_have_timeout
    calls = _subprocess_run_calls(filepath)
            ^^^^^^^^^^^^^^^^^^^^^^^^^^^^^^^
tests\hermes_cli\test_subprocess_timeouts.py:19: in _subprocess_run_calls
    source = Path(filepath).read_text()
             ^^^^^^^^^^^^^^^^^^^^^^^^^^
..\..\..\..\AppData\Local\Programs\Python\Python312\Lib\pathlib.py:1028: in read_text
    return f.read()
           ^^^^^^^^
..\..\..\..\AppData\Local\Programs\Python\Python312\Lib\encodings\cp1254.py:23: in decode
    return codecs.charmap_decode(input,self.errors,decoding_table)[0]
           ^^^^^^^^^^^^^^^^^^^^^^^^^^^^^^^^^^^^^^^^^^^^^^^^^^^^^^^
E   UnicodeDecodeError: 'charmap' codec can't decode byte 0x90 in position 5859: character maps to <undefined>
_______ TestSourceLineVerification.test_get_async_client_method_exists ________
[gw4] win32 -- Python 3.12.10 C:\Users\Simba\AppData\Local\Programs\Python\Python312\python.exe
tests\test_trajectory_compressor_async.py:114: in test_get_async_client_method_exists
    src = self._read_file()
          ^^^^^^^^^^^^^^^^^
tests\test_trajectory_compressor_async.py:94: in _read_file
    return f.read()
           ^^^^^^^^
..\..\..\..\AppData\Local\Programs\Python\Python312\Lib\encodings\cp1254.py:23: in decode
    return codecs.charmap_decode(input,self.errors,decoding_table)[0]
           ^^^^^^^^^^^^^^^^^^^^^^^^^^^^^^^^^^^^^^^^^^^^^^^^^^^^^^^
E   UnicodeDecodeError: 'charmap' codec can't decode byte 0x8e in position 42101: character maps to <undefined>
_______________________ test_model_config_object_format _______________________
[gw8] win32 -- Python 3.12.10 C:\Users\Simba\AppData\Local\Programs\Python\Python312\python.exe
..\..\..\..\AppData\Local\Programs\Python\Python312\Lib\pathlib.py:1311: in mkdir
    os.mkdir(self, mode)
E   FileNotFoundError: [WinError 3] Sistem belirtilen yolu bulam²yor: 'C:\\Users\\Simba\\AppData\\Local\\Temp\\pytest-of-Simba\\pytest-407\\popen-gw8\\test_model_config_object_forma0\\.hermes\\migration\\openclaw\\20260414T041121\\backups\\Users\\Simba\\AppData\\Local\\Temp\\pytest-of-Simba\\pytest-407\\popen-gw8\\test_model_config_object_forma0\\.hermes'

During handling of the above exception, another exception occurred:
..\..\..\..\AppData\Local\Programs\Python\Python312\Lib\pathlib.py:1311: in mkdir
    os.mkdir(self, mode)
E   FileNotFoundError: [WinError 206] Dosya ad² veya uzant²s² ok uzun: 'C:\\Users\\Simba\\AppData\\Local\\Temp\\pytest-of-Simba\\pytest-407\\popen-gw8\\test_model_config_object_forma0\\.hermes\\migration\\openclaw\\20260414T041121\\backups\\Users\\Simba\\AppData\\Local\\Temp\\pytest-of-Simba\\pytest-407\\popen-gw8\\test_model_config_object_forma0'

During handling of the above exception, another exception occurred:
tests\skills\test_openclaw_migration.py:535: in test_model_config_object_format
    report = migrator.migrate()
             ^^^^^^^^^^^^^^^^^^
optional-skills\migration\openclaw-migration\scripts\openclaw_to_hermes.py:699: in migrate
    self.run_if_selected("model-config", lambda: self.migrate_model_config(config))
optional-skills\migration\openclaw-migration\scripts\openclaw_to_hermes.py:741: in run_if_selected
    func()
optional-skills\migration\openclaw-migration\scripts\openclaw_to_hermes.py:699: in <lambda>
    self.run_if_selected("model-config", lambda: self.migrate_model_config(config))
                                                 ^^^^^^^^^^^^^^^^^^^^^^^^^^^^^^^^^
optional-skills\migration\openclaw-migration\scripts\openclaw_to_hermes.py:1383: in migrate_model_config
    backup_path = self.maybe_backup(destination)
                  ^^^^^^^^^^^^^^^^^^^^^^^^^^^^^^
optional-skills\migration\openclaw-migration\scripts\openclaw_to_hermes.py:792: in maybe_backup
    return backup_existing(path, self.backup_dir)
           ^^^^^^^^^^^^^^^^^^^^^^^^^^^^^^^^^^^^^^
optional-skills\migration\openclaw-migration\scripts\openclaw_to_hermes.py:371: in backup_existing
    ensure_parent(dest)
optional-skills\migration\openclaw-migration\scripts\openclaw_to_hermes.py:304: in ensure_parent
    path.parent.mkdir(parents=True, exist_ok=True)
..\..\..\..\AppData\Local\Programs\Python\Python312\Lib\pathlib.py:1315: in mkdir
    self.parent.mkdir(parents=True, exist_ok=True)
..\..\..\..\AppData\Local\Programs\Python\Python312\Lib\pathlib.py:1316: in mkdir
    self.mkdir(mode, parents=False, exist_ok=exist_ok)
..\..\..\..\AppData\Local\Programs\Python\Python312\Lib\pathlib.py:1311: in mkdir
    os.mkdir(self, mode)
E   FileNotFoundError: [WinError 206] Dosya ad² veya uzant²s² ok uzun: 'C:\\Users\\Simba\\AppData\\Local\\Temp\\pytest-of-Simba\\pytest-407\\popen-gw8\\test_model_config_object_forma0\\.hermes\\migration\\openclaw\\20260414T041121\\backups\\Users\\Simba\\AppData\\Local\\Temp\\pytest-of-Simba\\pytest-407\\popen-gw8\\test_model_config_object_forma0'
__ TestAdapterBehavior.test_send_video_uploads_file_and_sends_media_message ___
[gw5] win32 -- Python 3.12.10 C:\Users\Simba\AppData\Local\Programs\Python\Python312\python.exe
tests\gateway\test_feishu.py:2209: in test_send_video_uploads_file_and_sends_media_message
    adapter = FeishuAdapter(PlatformConfig())
              ^^^^^^^^^^^^^^^^^^^^^^^^^^^^^^^
gateway\platforms\feishu.py:1053: in __init__
    self._dedup_state_path = get_hermes_home() / "feishu_seen_message_ids.json"
                             ^^^^^^^^^^^^^^^^^
hermes_constants.py:17: in get_hermes_home
    return Path(os.getenv("HERMES_HOME", Path.home() / ".hermes"))
                                         ^^^^^^^^^^^
..\..\..\..\AppData\Local\Programs\Python\Python312\Lib\pathlib.py:1202: in home
    return cls("~").expanduser()
           ^^^^^^^^^^^^^^^^^^^^^
..\..\..\..\AppData\Local\Programs\Python\Python312\Lib\pathlib.py:1406: in expanduser
    raise RuntimeError("Could not determine home directory.")
E   RuntimeError: Could not determine home directory.
_________ TestDiscoverHomebrewNodeDirs.test_finds_versioned_node_dirs _________
[gw7] win32 -- Python 3.12.10 C:\Users\Simba\AppData\Local\Programs\Python\Python312\python.exe
tests\tools\test_browser_homebrew_paths.py:75: in test_finds_versioned_node_dirs
    assert len(result) == 2
E   assert 0 == 2
E    +  where 0 = len(())
_ TestFlushMemoriesUsesAuxiliaryClient.test_flush_strips_artifacts_from_messages _
[gw17] win32 -- Python 3.12.10 C:\Users\Simba\AppData\Local\Programs\Python\Python312\python.exe
tests\run_agent\test_flush_memories_codex.py:222: in test_flush_strips_artifacts_from_messages
    with patch("tools.memory_tool.memory_tool", return_value="Saved."):
         ^^^^^^^^^^^^^^^^^^^^^^^^^^^^^^^^^^^^^^^^^^^^^^^^^^^^^^^^^^^^^
..\..\..\..\AppData\Local\Programs\Python\Python312\Lib\unittest\mock.py:1451: in __enter__
    self.target = self.getter()
                  ^^^^^^^^^^^^^
..\..\..\..\AppData\Local\Programs\Python\Python312\Lib\pkgutil.py:528: in resolve_name
    result = getattr(result, p)
             ^^^^^^^^^^^^^^^^^^
E   AttributeError: module 'tools' has no attribute 'memory_tool'
------------------------------ Captured log call ------------------------------
[32mINFO    [0m agent.model_metadata:model_metadata.py:987 Could not detect context length for model '' at https://test.example.com/v1 ù defaulting to 128,000 tokens (probe-down). Set model.context_length in config.yaml to override.
[32mINFO    [0m agent.credential_pool:credential_pool.py:1167 Importing Codex CLI tokens into Hermes auth store.
[32mINFO    [0m agent.auxiliary_client:auxiliary_client.py:1194 Auxiliary auto-detect: using openai-codex (gpt-5.2-codex) ù skipped: openrouter, nous, local/custom
________ TestBrowserSourceLinesAreGuarded.test_browser_vision_guarded _________
[gw11] win32 -- Python 3.12.10 C:\Users\Simba\AppData\Local\Programs\Python\Python312\python.exe
tests\tools\test_browser_content_none_guard.py:105: in test_browser_vision_guarded
    src = self._read_file()
          ^^^^^^^^^^^^^^^^^
tests\tools\test_browser_content_none_guard.py:94: in _read_file
    return f.read()
           ^^^^^^^^
..\..\..\..\AppData\Local\Programs\Python\Python312\Lib\encodings\cp1254.py:23: in decode
    return codecs.charmap_decode(input,self.errors,decoding_table)[0]
           ^^^^^^^^^^^^^^^^^^^^^^^^^^^^^^^^^^^^^^^^^^^^^^^^^^^^^^^
E   UnicodeDecodeError: 'charmap' codec can't decode byte 0x90 in position 91294: character maps to <undefined>
_ TestRunBrowserCommandPathConstruction.test_subprocess_path_includes_sane_path_homebrew _
[gw16] win32 -- Python 3.12.10 C:\Users\Simba\AppData\Local\Programs\Python\Python312\python.exe
tests\tools\test_browser_homebrew_paths.py:400: in test_subprocess_path_includes_sane_path_homebrew
    assert "/opt/homebrew/bin" in result_path
E   AssertionError: assert '/opt/homebrew/bin' in ''
------------------------------ Captured log call ------------------------------
[33mWARNING [0m tools.browser_tool:browser_tool.py:1176 browser 'navigate' exception: Could not determine home directory.
Traceback (most recent call last):
  File "C:\Users\Simba\Desktop\DEV\duskHermes\d60\tools\browser_tool.py", line 1051, in _run_browser_command
    hermes_home = get_hermes_home()
                  ^^^^^^^^^^^^^^^^^
  File "C:\Users\Simba\Desktop\DEV\duskHermes\d60\hermes_constants.py", line 17, in get_hermes_home
    return Path(os.getenv("HERMES_HOME", Path.home() / ".hermes"))
                                         ^^^^^^^^^^^
  File "C:\Users\Simba\AppData\Local\Programs\Python\Python312\Lib\pathlib.py", line 1202, in home
    return cls("~").expanduser()
           ^^^^^^^^^^^^^^^^^^^^^
  File "C:\Users\Simba\AppData\Local\Programs\Python\Python312\Lib\pathlib.py", line 1406, in expanduser
    raise RuntimeError("Could not determine home directory.")
RuntimeError: Could not determine home directory.
___ TestBrowserSourceLinesAreGuarded.test_extract_relevant_content_guarded ____
[gw0] win32 -- Python 3.12.10 C:\Users\Simba\AppData\Local\Programs\Python\Python312\python.exe
tests\tools\test_browser_content_none_guard.py:97: in test_extract_relevant_content_guarded
    src = self._read_file()
          ^^^^^^^^^^^^^^^^^
tests\tools\test_browser_content_none_guard.py:94: in _read_file
    return f.read()
           ^^^^^^^^
..\..\..\..\AppData\Local\Programs\Python\Python312\Lib\encodings\cp1254.py:23: in decode
    return codecs.charmap_decode(input,self.errors,decoding_table)[0]
           ^^^^^^^^^^^^^^^^^^^^^^^^^^^^^^^^^^^^^^^^^^^^^^^^^^^^^^^
E   UnicodeDecodeError: 'charmap' codec can't decode byte 0x90 in position 91294: character maps to <undefined>
_ TestRunBrowserCommandPathConstruction.test_subprocess_path_includes_homebrew_node_dirs _
[gw15] win32 -- Python 3.12.10 C:\Users\Simba\AppData\Local\Programs\Python\Python312\python.exe
tests\tools\test_browser_homebrew_paths.py:354: in test_subprocess_path_includes_homebrew_node_dirs
    assert "/opt/homebrew/opt/node@24/bin" in result_path
E   AssertionError: assert '/opt/homebrew/opt/node@24/bin' in ''
------------------------------ Captured log call ------------------------------
[33mWARNING [0m tools.browser_tool:browser_tool.py:1176 browser 'navigate' exception: Could not determine home directory.
Traceback (most recent call last):
  File "C:\Users\Simba\Desktop\DEV\duskHermes\d60\tools\browser_tool.py", line 1051, in _run_browser_command
    hermes_home = get_hermes_home()
                  ^^^^^^^^^^^^^^^^^
  File "C:\Users\Simba\Desktop\DEV\duskHermes\d60\hermes_constants.py", line 17, in get_hermes_home
    return Path(os.getenv("HERMES_HOME", Path.home() / ".hermes"))
                                         ^^^^^^^^^^^
  File "C:\Users\Simba\AppData\Local\Programs\Python\Python312\Lib\pathlib.py", line 1202, in home
    return cls("~").expanduser()
           ^^^^^^^^^^^^^^^^^^^^^
  File "C:\Users\Simba\AppData\Local\Programs\Python\Python312\Lib\pathlib.py", line 1406, in expanduser
    raise RuntimeError("Could not determine home directory.")
RuntimeError: Could not determine home directory.
___ TestReapOrphanedBrowserSessions.test_stale_dir_with_dead_pid_is_removed ___
[gw3] win32 -- Python 3.12.10 C:\Users\Simba\AppData\Local\Programs\Python\Python312\python.exe
tests\tools\test_browser_orphan_reaper.py:61: in test_stale_dir_with_dead_pid_is_removed
    _reap_orphaned_browser_sessions()
tools\browser_tool.py:535: in _reap_orphaned_browser_sessions
    os.kill(daemon_pid, 0)  # signal 0 = existence check
    ^^^^^^^^^^^^^^^^^^^^^^
E   OSError: [WinError 87] Parametre hatal²
______ TestHeadTailTruncation.test_large_output_preserves_head_and_tail _______
[gw0] win32 -- Python 3.12.10 C:\Users\Simba\AppData\Local\Programs\Python\Python312\python.exe
tests\tools\test_code_execution.py:844: in test_large_output_preserves_head_and_tail
    self.assertEqual(result["status"], "success")
                     ^^^^^^^^^^^^^^^^
E   KeyError: 'status'
__________ TestIterSkillsFiles.test_returns_files_skipping_symlinks ___________
[gw0] win32 -- Python 3.12.10 C:\Users\Simba\AppData\Local\Programs\Python\Python312\python.exe
tests\tools\test_credential_files.py:188: in test_returns_files_skipping_symlinks
    (skills_dir / "cat" / "myskill" / "evil").symlink_to(secret)
..\..\..\..\AppData\Local\Programs\Python\Python312\Lib\pathlib.py:1386: in symlink_to
    os.symlink(target, self, target_is_directory)
E   OSError: [WinError 1314] Gereken ayr²cal²k istemci taraf²ndan sa­lanm²yor: 'C:\\Users\\Simba\\AppData\\Local\\Temp\\pytest-of-Simba\\pytest-407\\popen-gw0\\test_returns_files_skipping_sy0\\secret' -> 'C:\\Users\\Simba\\AppData\\Local\\Temp\\pytest-of-Simba\\pytest-407\\popen-gw0\\test_returns_files_skipping_sy0\\.hermes\\skills\\cat\\myskill\\evil'
__ TestAdapterBehavior.test_send_voice_uploads_opus_and_sends_audio_message ___
[gw5] win32 -- Python 3.12.10 C:\Users\Simba\AppData\Local\Programs\Python\Python312\python.exe
tests\gateway\test_feishu.py:2260: in test_send_voice_uploads_opus_and_sends_audio_message
    adapter = FeishuAdapter(PlatformConfig())
              ^^^^^^^^^^^^^^^^^^^^^^^^^^^^^^^
gateway\platforms\feishu.py:1053: in __init__
    self._dedup_state_path = get_hermes_home() / "feishu_seen_message_ids.json"
                             ^^^^^^^^^^^^^^^^^
hermes_constants.py:17: in get_hermes_home
    return Path(os.getenv("HERMES_HOME", Path.home() / ".hermes"))
                                         ^^^^^^^^^^^
..\..\..\..\AppData\Local\Programs\Python\Python312\Lib\pathlib.py:1202: in home
    return cls("~").expanduser()
           ^^^^^^^^^^^^^^^^^^^^^
..\..\..\..\AppData\Local\Programs\Python\Python312\Lib\pathlib.py:1406: in expanduser
    raise RuntimeError("Could not determine home directory.")
E   RuntimeError: Could not determine home directory.
__ TestServicePidExclusion.test_update_kills_manual_pid_but_not_service_pid ___
[gw18] win32 -- Python 3.12.10 C:\Users\Simba\AppData\Local\Programs\Python\Python312\python.exe
tests\hermes_cli\test_update_gateway_restart.py:646: in test_update_kills_manual_pid_but_not_service_pid
    assert "Restarted" in captured
E   AssertionError: assert 'Restarted' in '\u2695 Updating Hermes Agent...\\n\\n\u2192 Fetching updates...\\n\u2192 Found 3 new commit(s)\\n\u2192 Pulling updates...\\n  \u2713 Cleared 7 sta... complete!\\n\\nTip: You can now select a provider and model:\\n  hermes model              # Select provider and model\\n'
__ TestAddRotatingHandler.test_managed_mode_initial_open_sets_group_writable __
[gw18] win32 -- Python 3.12.10 C:\Users\Simba\AppData\Local\Programs\Python\Python312\python.exe
tests\test_hermes_logging.py:675: in test_managed_mode_initial_open_sets_group_writable
    assert stat.S_IMODE(log_path.stat().st_mode) == 0o660
E   AssertionError: assert 438 == 432
E    +  where 438 = <built-in function S_IMODE>(33206)
E    +    where <built-in function S_IMODE> = stat.S_IMODE
E    +    and   33206 = os.stat_result(st_mode=33206, st_ino=281474978630881, st_dev=2793989891388526643, st_nlink=1, st_uid=0, st_gid=0, st_size=0, st_atime=1776129081, st_mtime=1776129081, st_ctime=1776129081).st_mode
E    +      where os.stat_result(st_mode=33206, st_ino=281474978630881, st_dev=2793989891388526643, st_nlink=1, st_uid=0, st_gid=0, st_size=0, st_atime=1776129081, st_mtime=1776129081, st_ctime=1776129081) = stat()
E    +        where stat = WindowsPath('C:/Users/Simba/AppData/Local/Temp/pytest-of-Simba/pytest-407/popen-gw18/test_managed_mode_initial_open0/managed-open.log').stat
_ TestAdapterBehavior.test_text_batch_flushes_when_message_count_limit_is_hit _
[gw5] win32 -- Python 3.12.10 C:\Users\Simba\AppData\Local\Programs\Python\Python312\python.exe
tests\gateway\test_feishu.py:1587: in test_text_batch_flushes_when_message_count_limit_is_hit
    adapter = FeishuAdapter(PlatformConfig())
              ^^^^^^^^^^^^^^^^^^^^^^^^^^^^^^^
gateway\platforms\feishu.py:1053: in __init__
    self._dedup_state_path = get_hermes_home() / "feishu_seen_message_ids.json"
                             ^^^^^^^^^^^^^^^^^
hermes_constants.py:17: in get_hermes_home
    return Path(os.getenv("HERMES_HOME", Path.home() / ".hermes"))
                                         ^^^^^^^^^^^
..\..\..\..\AppData\Local\Programs\Python\Python312\Lib\pathlib.py:1202: in home
    return cls("~").expanduser()
           ^^^^^^^^^^^^^^^^^^^^^
..\..\..\..\AppData\Local\Programs\Python\Python312\Lib\pathlib.py:1406: in expanduser
    raise RuntimeError("Could not determine home directory.")
E   RuntimeError: Could not determine home directory.
__________________________ test_tts_config_migrated ___________________________
[gw8] win32 -- Python 3.12.10 C:\Users\Simba\AppData\Local\Programs\Python\Python312\python.exe
..\..\..\..\AppData\Local\Programs\Python\Python312\Lib\pathlib.py:1311: in mkdir
    os.mkdir(self, mode)
E   FileNotFoundError: [WinError 206] Dosya ad² veya uzant²s² ok uzun: 'C:\\Users\\Simba\\AppData\\Local\\Temp\\pytest-of-Simba\\pytest-407\\popen-gw8\\test_tts_config_migrated0\\.hermes\\migration\\openclaw\\20260414T041121\\backups\\Users\\Simba\\AppData\\Local\\Temp\\pytest-of-Simba\\pytest-407\\popen-gw8\\test_tts_config_migrated0\\.hermes'

During handling of the above exception, another exception occurred:
tests\skills\test_openclaw_migration.py:569: in test_tts_config_migrated
    report = migrator.migrate()
             ^^^^^^^^^^^^^^^^^^
optional-skills\migration\openclaw-migration\scripts\openclaw_to_hermes.py:700: in migrate
    self.run_if_selected("tts-config", lambda: self.migrate_tts_config(config))
optional-skills\migration\openclaw-migration\scripts\openclaw_to_hermes.py:741: in run_if_selected
    func()
optional-skills\migration\openclaw-migration\scripts\openclaw_to_hermes.py:700: in <lambda>
    self.run_if_selected("tts-config", lambda: self.migrate_tts_config(config))
                                               ^^^^^^^^^^^^^^^^^^^^^^^^^^^^^^^
optional-skills\migration\openclaw-migration\scripts\openclaw_to_hermes.py:1481: in migrate_tts_config
    backup_path = self.maybe_backup(destination)
                  ^^^^^^^^^^^^^^^^^^^^^^^^^^^^^^
optional-skills\migration\openclaw-migration\scripts\openclaw_to_hermes.py:792: in maybe_backup
    return backup_existing(path, self.backup_dir)
           ^^^^^^^^^^^^^^^^^^^^^^^^^^^^^^^^^^^^^^
optional-skills\migration\openclaw-migration\scripts\openclaw_to_hermes.py:371: in backup_existing
    ensure_parent(dest)
optional-skills\migration\openclaw-migration\scripts\openclaw_to_hermes.py:304: in ensure_parent
    path.parent.mkdir(parents=True, exist_ok=True)
..\..\..\..\AppData\Local\Programs\Python\Python312\Lib\pathlib.py:1316: in mkdir
    self.mkdir(mode, parents=False, exist_ok=exist_ok)
..\..\..\..\AppData\Local\Programs\Python\Python312\Lib\pathlib.py:1311: in mkdir
    os.mkdir(self, mode)
E   FileNotFoundError: [WinError 206] Dosya ad² veya uzant²s² ok uzun: 'C:\\Users\\Simba\\AppData\\Local\\Temp\\pytest-of-Simba\\pytest-407\\popen-gw8\\test_tts_config_migrated0\\.hermes\\migration\\openclaw\\20260414T041121\\backups\\Users\\Simba\\AppData\\Local\\Temp\\pytest-of-Simba\\pytest-407\\popen-gw8\\test_tts_config_migrated0\\.hermes'
_____________ TestExecuteCodeEdgeCases.test_whitespace_only_code ______________
[gw8] win32 -- Python 3.12.10 C:\Users\Simba\AppData\Local\Programs\Python\Python312\python.exe
tests\tools\test_code_execution.py:708: in test_whitespace_only_code
    self.assertIn("No code", result["error"])
E   AssertionError: 'No code' not found in 'execute_code is not available on Windows. Use normal tool calls instead.'
_ TestFlushMemoriesUsesAuxiliaryClient.test_flush_uses_main_client_when_no_auxiliary _
[gw14] win32 -- Python 3.12.10 C:\Users\Simba\AppData\Local\Programs\Python\Python312\python.exe
tests\run_agent\test_flush_memories_codex.py:183: in test_flush_uses_main_client_when_no_auxiliary
    with patch("tools.memory_tool.memory_tool", return_value="Saved."):
         ^^^^^^^^^^^^^^^^^^^^^^^^^^^^^^^^^^^^^^^^^^^^^^^^^^^^^^^^^^^^^
..\..\..\..\AppData\Local\Programs\Python\Python312\Lib\unittest\mock.py:1451: in __enter__
    self.target = self.getter()
                  ^^^^^^^^^^^^^
..\..\..\..\AppData\Local\Programs\Python\Python312\Lib\pkgutil.py:528: in resolve_name
    result = getattr(result, p)
             ^^^^^^^^^^^^^^^^^^
E   AttributeError: module 'tools' has no attribute 'memory_tool'
------------------------------ Captured log call ------------------------------
[32mINFO    [0m agent.model_metadata:model_metadata.py:987 Could not detect context length for model '' at https://test.example.com/v1 ù defaulting to 128,000 tokens (probe-down). Set model.context_length in config.yaml to override.
[32mINFO    [0m agent.credential_pool:credential_pool.py:1167 Importing Codex CLI tokens into Hermes auth store.
[32mINFO    [0m agent.auxiliary_client:auxiliary_client.py:1194 Auxiliary auto-detect: using openai-codex (gpt-5.2-codex) ù skipped: openrouter, nous, local/custom
__ TestFlushMemoriesCodexFallback.test_codex_mode_no_aux_uses_responses_api ___
[gw17] win32 -- Python 3.12.10 C:\Users\Simba\AppData\Local\Programs\Python\Python312\python.exe
tests\run_agent\test_flush_memories_codex.py:260: in test_codex_mode_no_aux_uses_responses_api
    patch("tools.memory_tool.memory_tool", return_value="Saved.") as mock_memory:
    ^^^^^^^^^^^^^^^^^^^^^^^^^^^^^^^^^^^^^^^^^^^^^^^^^^^^^^^^^^^^^
..\..\..\..\AppData\Local\Programs\Python\Python312\Lib\unittest\mock.py:1451: in __enter__
    self.target = self.getter()
                  ^^^^^^^^^^^^^
..\..\..\..\AppData\Local\Programs\Python\Python312\Lib\pkgutil.py:528: in resolve_name
    result = getattr(result, p)
             ^^^^^^^^^^^^^^^^^^
E   AttributeError: module 'tools' has no attribute 'memory_tool'
------------------------------ Captured log call ------------------------------
[32mINFO    [0m agent.model_metadata:model_metadata.py:987 Could not detect context length for model '' at https://test.example.com/v1 ù defaulting to 128,000 tokens (probe-down). Set model.context_length in config.yaml to override.
[32mINFO    [0m agent.credential_pool:credential_pool.py:1167 Importing Codex CLI tokens into Hermes auth store.
[32mINFO    [0m agent.auxiliary_client:auxiliary_client.py:1194 Auxiliary auto-detect: using openai-codex (gpt-5.2-codex) ù skipped: openrouter, nous, local/custom
_____________ TestPreprocessImagesWithVision.test_multiple_images _____________
[gw7] win32 -- Python 3.12.10 C:\Users\Simba\AppData\Local\Programs\Python\Python312\python.exe
tests\tools\test_clipboard.py:820: in test_multiple_images
    result = cli._preprocess_images_with_vision("Compare", imgs)
             ^^^^^^^^^^^^^^^^^^^^^^^^^^^^^^^^^^^^^^^^^^^^^^^^^^^
cli.py:3563: in _preprocess_images_with_vision
    _cprint(f"  {_DIM}\U0001f441\ufe0f  analyzing {img_path.name} ({size_kb}KB)...{_RST}")
cli.py:1068: in _cprint
    _pt_print(_PT_ANSI(text))
..\..\..\..\AppData\Local\Programs\Python\Python312\Lib\site-packages\prompt_toolkit\shortcuts\utils.py:111: in print_formatted_text
    output = get_app_session().output
             ^^^^^^^^^^^^^^^^^^^^^^^^
..\..\..\..\AppData\Local\Programs\Python\Python312\Lib\site-packages\prompt_toolkit\application\current.py:67: in output
    self._output = create_output()
                   ^^^^^^^^^^^^^^^
..\..\..\..\AppData\Local\Programs\Python\Python312\Lib\site-packages\prompt_toolkit\output\defaults.py:91: in create_output
    return Win32Output(stdout, default_color_depth=color_depth_from_env)
           ^^^^^^^^^^^^^^^^^^^^^^^^^^^^^^^^^^^^^^^^^^^^^^^^^^^^^^^^^^^^^
..\..\..\..\AppData\Local\Programs\Python\Python312\Lib\site-packages\prompt_toolkit\output\win32.py:115: in __init__
    info = self.get_win32_screen_buffer_info()
           ^^^^^^^^^^^^^^^^^^^^^^^^^^^^^^^^^^^
..\..\..\..\AppData\Local\Programs\Python\Python312\Lib\site-packages\prompt_toolkit\output\win32.py:219: in get_win32_screen_buffer_info
    raise NoConsoleScreenBufferError
E   prompt_toolkit.output.win32.NoConsoleScreenBufferError: No Windows console found. Are you running cmd.exe?
_____________ TestSourceLinesAreClamped.test_gateway_run_clamped ______________
[gw17] win32 -- Python 3.12.10 C:\Users\Simba\AppData\Local\Programs\Python\Python312\python.exe
tests\run_agent\test_percentage_clamp.py:84: in test_gateway_run_clamped
    src = self._read_file("gateway/run.py")
          ^^^^^^^^^^^^^^^^^^^^^^^^^^^^^^^^^
tests\run_agent\test_percentage_clamp.py:81: in _read_file
    return f.read()
           ^^^^^^^^
..\..\..\..\AppData\Local\Programs\Python\Python312\Lib\encodings\cp1254.py:23: in decode
    return codecs.charmap_decode(input,self.errors,decoding_table)[0]
           ^^^^^^^^^^^^^^^^^^^^^^^^^^^^^^^^^^^^^^^^^^^^^^^^^^^^^^^
E   UnicodeDecodeError: 'charmap' codec can't decode byte 0x8f in position 63679: character maps to <undefined>
___________ TestHeadTailTruncation.test_short_output_not_truncated ____________
[gw7] win32 -- Python 3.12.10 C:\Users\Simba\AppData\Local\Programs\Python\Python312\python.exe
tests\tools\test_code_execution.py:830: in test_short_output_not_truncated
    self.assertEqual(result["status"], "success")
                     ^^^^^^^^^^^^^^^^
E   KeyError: 'status'
_______ TestPreprocessImagesWithVision.test_mix_of_existing_and_missing _______
[gw11] win32 -- Python 3.12.10 C:\Users\Simba\AppData\Local\Programs\Python\Python312\python.exe
tests\tools\test_clipboard.py:846: in test_mix_of_existing_and_missing
    result = cli._preprocess_images_with_vision("test", [real, missing])
             ^^^^^^^^^^^^^^^^^^^^^^^^^^^^^^^^^^^^^^^^^^^^^^^^^^^^^^^^^^^
cli.py:3563: in _preprocess_images_with_vision
    _cprint(f"  {_DIM}\U0001f441\ufe0f  analyzing {img_path.name} ({size_kb}KB)...{_RST}")
cli.py:1068: in _cprint
    _pt_print(_PT_ANSI(text))
..\..\..\..\AppData\Local\Programs\Python\Python312\Lib\site-packages\prompt_toolkit\shortcuts\utils.py:111: in print_formatted_text
    output = get_app_session().output
             ^^^^^^^^^^^^^^^^^^^^^^^^
..\..\..\..\AppData\Local\Programs\Python\Python312\Lib\site-packages\prompt_toolkit\application\current.py:67: in output
    self._output = create_output()
                   ^^^^^^^^^^^^^^^
..\..\..\..\AppData\Local\Programs\Python\Python312\Lib\site-packages\prompt_toolkit\output\defaults.py:91: in create_output
    return Win32Output(stdout, default_color_depth=color_depth_from_env)
           ^^^^^^^^^^^^^^^^^^^^^^^^^^^^^^^^^^^^^^^^^^^^^^^^^^^^^^^^^^^^^
..\..\..\..\AppData\Local\Programs\Python\Python312\Lib\site-packages\prompt_toolkit\output\win32.py:115: in __init__
    info = self.get_win32_screen_buffer_info()
           ^^^^^^^^^^^^^^^^^^^^^^^^^^^^^^^^^^^
..\..\..\..\AppData\Local\Programs\Python\Python312\Lib\site-packages\prompt_toolkit\output\win32.py:219: in get_win32_screen_buffer_info
    raise NoConsoleScreenBufferError
E   prompt_toolkit.output.win32.NoConsoleScreenBufferError: No Windows console found. Are you running cmd.exe?
_____ TestPreprocessImagesWithVision.test_vision_exception_includes_path ______
[gw15] win32 -- Python 3.12.10 C:\Users\Simba\AppData\Local\Programs\Python\Python312\python.exe
tests\tools\test_clipboard.py:864: in test_vision_exception_includes_path
    result = cli._preprocess_images_with_vision("check this", [img])
             ^^^^^^^^^^^^^^^^^^^^^^^^^^^^^^^^^^^^^^^^^^^^^^^^^^^^^^^
cli.py:3563: in _preprocess_images_with_vision
    _cprint(f"  {_DIM}\U0001f441\ufe0f  analyzing {img_path.name} ({size_kb}KB)...{_RST}")
cli.py:1068: in _cprint
    _pt_print(_PT_ANSI(text))
..\..\..\..\AppData\Local\Programs\Python\Python312\Lib\site-packages\prompt_toolkit\shortcuts\utils.py:111: in print_formatted_text
    output = get_app_session().output
             ^^^^^^^^^^^^^^^^^^^^^^^^
..\..\..\..\AppData\Local\Programs\Python\Python312\Lib\site-packages\prompt_toolkit\application\current.py:67: in output
    self._output = create_output()
                   ^^^^^^^^^^^^^^^
..\..\..\..\AppData\Local\Programs\Python\Python312\Lib\site-packages\prompt_toolkit\output\defaults.py:91: in create_output
    return Win32Output(stdout, default_color_depth=color_depth_from_env)
           ^^^^^^^^^^^^^^^^^^^^^^^^^^^^^^^^^^^^^^^^^^^^^^^^^^^^^^^^^^^^^
..\..\..\..\AppData\Local\Programs\Python\Python312\Lib\site-packages\prompt_toolkit\output\win32.py:115: in __init__
    info = self.get_win32_screen_buffer_info()
           ^^^^^^^^^^^^^^^^^^^^^^^^^^^^^^^^^^^
..\..\..\..\AppData\Local\Programs\Python\Python312\Lib\site-packages\prompt_toolkit\output\win32.py:219: in get_win32_screen_buffer_info
    raise NoConsoleScreenBufferError
E   prompt_toolkit.output.win32.NoConsoleScreenBufferError: No Windows console found. Are you running cmd.exe?
______ TestPreprocessImagesWithVision.test_vision_failure_includes_path _______
[gw16] win32 -- Python 3.12.10 C:\Users\Simba\AppData\Local\Programs\Python\Python312\python.exe
tests\tools\test_clipboard.py:854: in test_vision_failure_includes_path
    result = cli._preprocess_images_with_vision("check this", [img])
             ^^^^^^^^^^^^^^^^^^^^^^^^^^^^^^^^^^^^^^^^^^^^^^^^^^^^^^^
cli.py:3563: in _preprocess_images_with_vision
    _cprint(f"  {_DIM}\U0001f441\ufe0f  analyzing {img_path.name} ({size_kb}KB)...{_RST}")
cli.py:1068: in _cprint
    _pt_print(_PT_ANSI(text))
..\..\..\..\AppData\Local\Programs\Python\Python312\Lib\site-packages\prompt_toolkit\shortcuts\utils.py:111: in print_formatted_text
    output = get_app_session().output
             ^^^^^^^^^^^^^^^^^^^^^^^^
..\..\..\..\AppData\Local\Programs\Python\Python312\Lib\site-packages\prompt_toolkit\application\current.py:67: in output
    self._output = create_output()
                   ^^^^^^^^^^^^^^^
..\..\..\..\AppData\Local\Programs\Python\Python312\Lib\site-packages\prompt_toolkit\output\defaults.py:91: in create_output
    return Win32Output(stdout, default_color_depth=color_depth_from_env)
           ^^^^^^^^^^^^^^^^^^^^^^^^^^^^^^^^^^^^^^^^^^^^^^^^^^^^^^^^^^^^^
..\..\..\..\AppData\Local\Programs\Python\Python312\Lib\site-packages\prompt_toolkit\output\win32.py:115: in __init__
    info = self.get_win32_screen_buffer_info()
           ^^^^^^^^^^^^^^^^^^^^^^^^^^^^^^^^^^^
..\..\..\..\AppData\Local\Programs\Python\Python312\Lib\site-packages\prompt_toolkit\output\win32.py:219: in get_win32_screen_buffer_info
    raise NoConsoleScreenBufferError
E   prompt_toolkit.output.win32.NoConsoleScreenBufferError: No Windows console found. Are you running cmd.exe?
____________ TestHeadTailTruncation.test_truncation_notice_format _____________
[gw11] win32 -- Python 3.12.10 C:\Users\Simba\AppData\Local\Programs\Python\Python312\python.exe
tests\tools\test_code_execution.py:860: in test_truncation_notice_format
    output = result["output"]
             ^^^^^^^^^^^^^^^^
E   KeyError: 'output'
____ TestPreprocessImagesWithVision.test_empty_text_gets_default_question _____
[gw3] win32 -- Python 3.12.10 C:\Users\Simba\AppData\Local\Programs\Python\Python312\python.exe
tests\tools\test_clipboard.py:831: in test_empty_text_gets_default_question
    result = cli._preprocess_images_with_vision("", [img])
             ^^^^^^^^^^^^^^^^^^^^^^^^^^^^^^^^^^^^^^^^^^^^^
cli.py:3563: in _preprocess_images_with_vision
    _cprint(f"  {_DIM}\U0001f441\ufe0f  analyzing {img_path.name} ({size_kb}KB)...{_RST}")
cli.py:1068: in _cprint
    _pt_print(_PT_ANSI(text))
..\..\..\..\AppData\Local\Programs\Python\Python312\Lib\site-packages\prompt_toolkit\shortcuts\utils.py:111: in print_formatted_text
    output = get_app_session().output
             ^^^^^^^^^^^^^^^^^^^^^^^^
..\..\..\..\AppData\Local\Programs\Python\Python312\Lib\site-packages\prompt_toolkit\application\current.py:67: in output
    self._output = create_output()
                   ^^^^^^^^^^^^^^^
..\..\..\..\AppData\Local\Programs\Python\Python312\Lib\site-packages\prompt_toolkit\output\defaults.py:91: in create_output
    return Win32Output(stdout, default_color_depth=color_depth_from_env)
           ^^^^^^^^^^^^^^^^^^^^^^^^^^^^^^^^^^^^^^^^^^^^^^^^^^^^^^^^^^^^^
..\..\..\..\AppData\Local\Programs\Python\Python312\Lib\site-packages\prompt_toolkit\output\win32.py:115: in __init__
    info = self.get_win32_screen_buffer_info()
           ^^^^^^^^^^^^^^^^^^^^^^^^^^^^^^^^^^^
..\..\..\..\AppData\Local\Programs\Python\Python312\Lib\site-packages\prompt_toolkit\output\win32.py:219: in get_win32_screen_buffer_info
    raise NoConsoleScreenBufferError
E   prompt_toolkit.output.win32.NoConsoleScreenBufferError: No Windows console found. Are you running cmd.exe?
____ TestCheckSensitivePathMacOSBypass.test_private_etc_ssh_config_blocked ____
[gw11] win32 -- Python 3.12.10 C:\Users\Simba\AppData\Local\Programs\Python\Python312\python.exe
tests\tools\test_file_write_safety.py:95: in test_private_etc_ssh_config_blocked
    assert _check_sensitive_path("/private/etc/ssh/sshd_config") is not None
E   AssertionError: assert None is not None
E    +  where None = <function _check_sensitive_path at 0x00000197FA2DA840>('/private/etc/ssh/sshd_config')
_________ TestPreprocessImagesWithVision.test_single_image_with_text __________
[gw4] win32 -- Python 3.12.10 C:\Users\Simba\AppData\Local\Programs\Python\Python312\python.exe
tests\tools\test_clipboard.py:809: in test_single_image_with_text
    result = cli._preprocess_images_with_vision("Describe this", [img])
             ^^^^^^^^^^^^^^^^^^^^^^^^^^^^^^^^^^^^^^^^^^^^^^^^^^^^^^^^^^
cli.py:3563: in _preprocess_images_with_vision
    _cprint(f"  {_DIM}\U0001f441\ufe0f  analyzing {img_path.name} ({size_kb}KB)...{_RST}")
cli.py:1068: in _cprint
    _pt_print(_PT_ANSI(text))
..\..\..\..\AppData\Local\Programs\Python\Python312\Lib\site-packages\prompt_toolkit\shortcuts\utils.py:111: in print_formatted_text
    output = get_app_session().output
             ^^^^^^^^^^^^^^^^^^^^^^^^
..\..\..\..\AppData\Local\Programs\Python\Python312\Lib\site-packages\prompt_toolkit\application\current.py:67: in output
    self._output = create_output()
                   ^^^^^^^^^^^^^^^
..\..\..\..\AppData\Local\Programs\Python\Python312\Lib\site-packages\prompt_toolkit\output\defaults.py:91: in create_output
    return Win32Output(stdout, default_color_depth=color_depth_from_env)
           ^^^^^^^^^^^^^^^^^^^^^^^^^^^^^^^^^^^^^^^^^^^^^^^^^^^^^^^^^^^^^
..\..\..\..\AppData\Local\Programs\Python\Python312\Lib\site-packages\prompt_toolkit\output\win32.py:115: in __init__
    info = self.get_win32_screen_buffer_info()
           ^^^^^^^^^^^^^^^^^^^^^^^^^^^^^^^^^^^
..\..\..\..\AppData\Local\Programs\Python\Python312\Lib\site-packages\prompt_toolkit\output\win32.py:219: in get_win32_screen_buffer_info
    raise NoConsoleScreenBufferError
E   prompt_toolkit.output.win32.NoConsoleScreenBufferError: No Windows console found. Are you running cmd.exe?
____________________ TestIterCacheFiles.test_nested_files _____________________
[gw3] win32 -- Python 3.12.10 C:\Users\Simba\AppData\Local\Programs\Python\Python312\python.exe
tests\tools\test_credential_files.py:470: in test_nested_files
    assert entries[0]["container_path"] == "/root/.hermes/cache/screenshots/session_abc/screen1.png"
E   AssertionError: assert '/root/.herme...\\screen1.png' == '/root/.herme...c/screen1.png'
E     
E     Skipping 33 identical leading characters in diff, use -v to show
E     [0m[91m- ession_abc/screen1.png[39;49;00m[90m[39;49;00m
E     ?           ^[90m[39;49;00m
E     [92m+ ession_abc\screen1.png[39;49;00m[90m[39;49;00m
E     ?           ^[90m[39;49;00m
____________ TestSkillsDirectoryMount.test_symlinks_are_sanitized _____________
[gw16] win32 -- Python 3.12.10 C:\Users\Simba\AppData\Local\Programs\Python\Python312\python.exe
tests\tools\test_credential_files.py:148: in test_symlinks_are_sanitized
    (skills_dir / "evil_link").symlink_to(secret)
..\..\..\..\AppData\Local\Programs\Python\Python312\Lib\pathlib.py:1386: in symlink_to
    os.symlink(target, self, target_is_directory)
E   OSError: [WinError 1314] Gereken ayr²cal²k istemci taraf²ndan sa­lanm²yor: 'C:\\Users\\Simba\\AppData\\Local\\Temp\\pytest-of-Simba\\pytest-407\\popen-gw16\\test_symlinks_are_sanitized0\\secret.txt' -> 'C:\\Users\\Simba\\AppData\\Local\\Temp\\pytest-of-Simba\\pytest-407\\popen-gw16\\test_symlinks_are_sanitized0\\.hermes\\skills\\evil_link'
__ TestSourceLinesAreGuarded.test_mixture_of_agents_reference_model_guarded ___
[gw11] win32 -- Python 3.12.10 C:\Users\Simba\AppData\Local\Programs\Python\Python312\python.exe
tests\tools\test_llm_content_none_guard.py:193: in test_mixture_of_agents_reference_model_guarded
    src = self._read_file("tools/mixture_of_agents_tool.py")
          ^^^^^^^^^^^^^^^^^^^^^^^^^^^^^^^^^^^^^^^^^^^^^^^^^^
tests\tools\test_llm_content_none_guard.py:190: in _read_file
    return f.read()
           ^^^^^^^^
..\..\..\..\AppData\Local\Programs\Python\Python312\Lib\encodings\cp1254.py:23: in decode
    return codecs.charmap_decode(input,self.errors,decoding_table)[0]
           ^^^^^^^^^^^^^^^^^^^^^^^^^^^^^^^^^^^^^^^^^^^^^^^^^^^^^^^
E   UnicodeDecodeError: 'charmap' codec can't decode byte 0x9d in position 18308: character maps to <undefined>
___________ TestStubSchemaDrift.test_stubs_cover_all_schema_params ____________
[gw4] win32 -- Python 3.12.10 C:\Users\Simba\AppData\Local\Programs\Python\Python312\python.exe
tests\tools\test_code_execution.py:413: in test_stubs_cover_all_schema_params
    self.assertEqual(
E   AssertionError: Items in the first set but not the second:
E   'watch_patterns' : Stub for 'terminal' is missing parameters that exist in the real schema: {'watch_patterns'}. Update _TOOL_STUBS in code_execution_tool.py to include them.
___________________ TestIterCacheFiles.test_skips_symlinks ____________________
[gw15] win32 -- Python 3.12.10 C:\Users\Simba\AppData\Local\Programs\Python\Python312\python.exe
tests\tools\test_credential_files.py:451: in test_skips_symlinks
    (doc_dir / "link.txt").symlink_to(real_file)
..\..\..\..\AppData\Local\Programs\Python\Python312\Lib\pathlib.py:1386: in symlink_to
    os.symlink(target, self, target_is_directory)
E   OSError: [WinError 1314] Gereken ayr²cal²k istemci taraf²ndan sa­lanm²yor: 'C:\\Users\\Simba\\AppData\\Local\\Temp\\pytest-of-Simba\\pytest-407\\popen-gw15\\test_skips_symlinks0\\.hermes\\cache\\documents\\real.txt' -> 'C:\\Users\\Simba\\AppData\\Local\\Temp\\pytest-of-Simba\\pytest-407\\popen-gw15\\test_skips_symlinks0\\.hermes\\cache\\documents\\link.txt'
__________ TestCheckSensitivePathMacOSBypass.test_boot_still_blocked __________
[gw16] win32 -- Python 3.12.10 C:\Users\Simba\AppData\Local\Programs\Python\Python312\python.exe
tests\tools\test_file_write_safety.py:103: in test_boot_still_blocked
    assert _check_sensitive_path("/boot/grub/grub.cfg") is not None
E   AssertionError: assert None is not None
E    +  where None = <function _check_sensitive_path at 0x0000023DA950A840>('/boot/grub/grub.cfg')
_____________ TestSourceLinesAreGuarded.test_vision_tools_guarded _____________
[gw11] win32 -- Python 3.12.10 C:\Users\Simba\AppData\Local\Programs\Python\Python312\python.exe
tests\tools\test_llm_content_none_guard.py:208: in test_vision_tools_guarded
    src = self._read_file("tools/vision_tools.py")
          ^^^^^^^^^^^^^^^^^^^^^^^^^^^^^^^^^^^^^^^^
tests\tools\test_llm_content_none_guard.py:190: in _read_file
    return f.read()
           ^^^^^^^^
..\..\..\..\AppData\Local\Programs\Python\Python312\Lib\encodings\cp1254.py:23: in decode
    return codecs.charmap_decode(input,self.errors,decoding_table)[0]
           ^^^^^^^^^^^^^^^^^^^^^^^^^^^^^^^^^^^^^^^^^^^^^^^^^^^^^^^
E   UnicodeDecodeError: 'charmap' codec can't decode byte 0x81 in position 27871: character maps to <undefined>
______________ TestSourceLinesAreGuarded.test_web_tools_guarded _______________
[gw3] win32 -- Python 3.12.10 C:\Users\Simba\AppData\Local\Programs\Python\Python312\python.exe
tests\tools\test_llm_content_none_guard.py:201: in test_web_tools_guarded
    src = self._read_file("tools/web_tools.py")
          ^^^^^^^^^^^^^^^^^^^^^^^^^^^^^^^^^^^^^
tests\tools\test_llm_content_none_guard.py:190: in _read_file
    return f.read()
           ^^^^^^^^
..\..\..\..\AppData\Local\Programs\Python\Python312\Lib\encodings\cp1254.py:23: in decode
    return codecs.charmap_decode(input,self.errors,decoding_table)[0]
           ^^^^^^^^^^^^^^^^^^^^^^^^^^^^^^^^^^^^^^^^^^^^^^^^^^^^^^^
E   UnicodeDecodeError: 'charmap' codec can't decode byte 0x90 in position 82315: character maps to <undefined>
_________ TestSourceLinesAreGuarded.test_session_search_tool_guarded __________
[gw4] win32 -- Python 3.12.10 C:\Users\Simba\AppData\Local\Programs\Python\Python312\python.exe
tests\tools\test_llm_content_none_guard.py:222: in test_session_search_tool_guarded
    src = self._read_file("tools/session_search_tool.py")
          ^^^^^^^^^^^^^^^^^^^^^^^^^^^^^^^^^^^^^^^^^^^^^^^
tests\tools\test_llm_content_none_guard.py:190: in _read_file
    return f.read()
           ^^^^^^^^
..\..\..\..\AppData\Local\Programs\Python\Python312\Lib\encodings\cp1254.py:23: in decode
    return codecs.charmap_decode(input,self.errors,decoding_table)[0]
           ^^^^^^^^^^^^^^^^^^^^^^^^^^^^^^^^^^^^^^^^^^^^^^^^^^^^^^^
E   UnicodeDecodeError: 'charmap' codec can't decode byte 0x8d in position 23513: character maps to <undefined>
_________ TestCheckSensitivePathMacOSBypass.test_private_var_blocked __________
[gw15] win32 -- Python 3.12.10 C:\Users\Simba\AppData\Local\Programs\Python\Python312\python.exe
tests\tools\test_file_write_safety.py:99: in test_private_var_blocked
    assert _check_sensitive_path("/private/var/db/something") is not None
E   AssertionError: assert None is not None
E    +  where None = <function _check_sensitive_path at 0x000001D6CD57A840>('/private/var/db/something')
__________ TestUtilities.test_can_open_browser_false_without_display __________
[gw3] win32 -- Python 3.12.10 C:\Users\Simba\AppData\Local\Programs\Python\Python312\python.exe
C:\Users\Simba\Desktop\DEV\duskHermes\d60\tests\tools\test_mcp_oauth.py:200: in test_can_open_browser_false_without_display
    monkeypatch.setattr(os, "uname", lambda: type("", (), {"sysname": "Linux"})())
E   AttributeError: <module 'os' (frozen)> has no attribute 'uname'
_ TestCwdHandling.test_docker_default_cwd_maps_current_directory_when_enabled _
[gw4] win32 -- Python 3.12.10 C:\Users\Simba\AppData\Local\Programs\Python\Python312\python.exe
C:\Users\Simba\Desktop\DEV\duskHermes\d60\tests\tools\test_modal_sandbox_fixes.py:123: in test_docker_default_cwd_maps_current_directory_when_enabled
    assert config["host_cwd"] == "/home/user/project"
E   AssertionError: assert 'C:\\home\\user\\project' == '/home/user/project'
E     
E     [0m[91m- /home/user/project[39;49;00m[90m[39;49;00m
E     ? ^    ^    ^[90m[39;49;00m
E     [92m+ C:\home\user\project[39;49;00m[90m[39;49;00m
E     ? ^^^    ^    ^[90m[39;49;00m
__ TestCwdHandling.test_users_path_maps_to_workspace_for_docker_when_enabled __
[gw11] win32 -- Python 3.12.10 C:\Users\Simba\AppData\Local\Programs\Python\Python312\python.exe
tests\tools\test_modal_sandbox_fixes.py:94: in test_users_path_maps_to_workspace_for_docker_when_enabled
    assert config["host_cwd"] == "/Users/someone/projects"
E   AssertionError: assert 'C:\\Users\\someone\\projects' == '/Users/someone/projects'
E     
E     [0m[91m- /Users/someone/projects[39;49;00m[90m[39;49;00m
E     ? ^     ^       ^[90m[39;49;00m
E     [92m+ C:\Users\someone\projects[39;49;00m[90m[39;49;00m
E     ? ^^^     ^       ^[90m[39;49;00m
_____________ TestModalBulkUpload.test_mkdir_includes_all_parents _____________
[gw16] win32 -- Python 3.12.10 C:\Users\Simba\AppData\Local\Programs\Python\Python312\python.exe
tests\tools\test_modal_bulk_upload.py:154: in test_mkdir_includes_all_parents
    assert "/root/.hermes/credentials" in cmd
E   assert '/root/.hermes/credentials' in "mkdir -p '\\root\\.hermes\\credentials' '\\root\\.hermes\\skills\\deep\\nested' && base64 -d | tar xzf - -C /"
_ TestCheckForSkillUpdates.test_bundle_content_hash_matches_installed_content_hash _
[gw4] win32 -- Python 3.12.10 C:\Users\Simba\AppData\Local\Programs\Python\Python312\python.exe
tests\tools\test_skills_hub.py:696: in test_bundle_content_hash_matches_installed_content_hash
    assert bundle_content_hash(bundle) == content_hash(skill_dir)
E   AssertionError: assert 'sha256:a33a611f872b6518' == 'sha256:aa0e5168472b7e67'
E     
E     [0m[91m- sha256:aa0e5168472b7e67[39;49;00m[90m[39;49;00m
E     [92m+ sha256:a33a611f872b6518[39;49;00m[90m[39;49;00m
___________________ TestCheckStructure.test_symlink_escape ____________________
[gw3] win32 -- Python 3.12.10 C:\Users\Simba\AppData\Local\Programs\Python\Python312\python.exe
tests\tools\test_skills_guard.py:336: in test_symlink_escape
    link.symlink_to(target)
..\..\..\..\AppData\Local\Programs\Python\Python312\Lib\pathlib.py:1386: in symlink_to
    os.symlink(target, self, target_is_directory)
E   OSError: [WinError 1314] Gereken ayr²cal²k istemci taraf²ndan sa­lanm²yor: 'C:\\Users\\Simba\\AppData\\Local\\Temp\\pytest-of-Simba\\pytest-407\\popen-gw3\\test_symlink_escape0\\outside' -> 'C:\\Users\\Simba\\AppData\\Local\\Temp\\pytest-of-Simba\\pytest-407\\popen-gw3\\test_symlink_escape0\\skill\\escape'
____________________ TestCheckpoint.test_recover_dead_pid _____________________
[gw16] win32 -- Python 3.12.10 C:\Users\Simba\AppData\Local\Programs\Python\Python312\python.exe
tests\tools\test_process_registry.py:433: in test_recover_dead_pid
    recovered = registry.recover_from_checkpoint()
                ^^^^^^^^^^^^^^^^^^^^^^^^^^^^^^^^^^
tools\process_registry.py:1036: in recover_from_checkpoint
    alive = self._is_host_pid_alive(pid)
            ^^^^^^^^^^^^^^^^^^^^^^^^^^^^
tools\process_registry.py:235: in _is_host_pid_alive
    os.kill(pid, 0)
E   OSError: [WinError 87] Parametre hatal²
___________ TestDiscoverBundledSkills.test_ignores_git_directories ____________
[gw4] win32 -- Python 3.12.10 C:\Users\Simba\AppData\Local\Programs\Python\Python312\python.exe
tests\tools\test_skills_sync.py:129: in test_ignores_git_directories
    assert len(skills) == 0
E   AssertionError: assert 1 == 0
E    +  where 1 = len([('hooks', WindowsPath('C:/Users/Simba/AppData/Local/Temp/pytest-of-Simba/pytest-407/popen-gw4/test_ignores_git_directories0/.git/hooks'))])
___ TestOptionalSkillSourceBinaryAssets.test_fetch_preserves_binary_assets ____
[gw3] win32 -- Python 3.12.10 C:\Users\Simba\AppData\Local\Programs\Python\Python312\python.exe
tests\tools\test_skills_hub.py:1127: in test_fetch_preserves_binary_assets
    assert bundle.files["assets/neutts-cli/samples/jo.wav"] == wav_bytes
           ^^^^^^^^^^^^^^^^^^^^^^^^^^^^^^^^^^^^^^^^^^^^^^^^
E   KeyError: 'assets/neutts-cli/samples/jo.wav'
_____________ TestBranchCommandCLI.test_branch_auto_title_lineage _____________
[gw6] win32 -- Python 3.12.10 C:\Users\Simba\AppData\Local\Programs\Python\Python312\python.exe
tests\cli\test_branch_command.py:123: in test_branch_auto_title_lineage
    HermesCLI._handle_branch_command(cli_instance, "/branch")
cli.py:4335: in _handle_branch_command
    _cprint(
cli.py:1068: in _cprint
    _pt_print(_PT_ANSI(text))
..\..\..\..\AppData\Local\Programs\Python\Python312\Lib\site-packages\prompt_toolkit\shortcuts\utils.py:111: in print_formatted_text
    output = get_app_session().output
             ^^^^^^^^^^^^^^^^^^^^^^^^
..\..\..\..\AppData\Local\Programs\Python\Python312\Lib\site-packages\prompt_toolkit\application\current.py:67: in output
    self._output = create_output()
                   ^^^^^^^^^^^^^^^
..\..\..\..\AppData\Local\Programs\Python\Python312\Lib\site-packages\prompt_toolkit\output\defaults.py:91: in create_output
    return Win32Output(stdout, default_color_depth=color_depth_from_env)
           ^^^^^^^^^^^^^^^^^^^^^^^^^^^^^^^^^^^^^^^^^^^^^^^^^^^^^^^^^^^^^
..\..\..\..\AppData\Local\Programs\Python\Python312\Lib\site-packages\prompt_toolkit\output\win32.py:115: in __init__
    info = self.get_win32_screen_buffer_info()
           ^^^^^^^^^^^^^^^^^^^^^^^^^^^^^^^^^^^
..\..\..\..\AppData\Local\Programs\Python\Python312\Lib\site-packages\prompt_toolkit\output\win32.py:219: in get_win32_screen_buffer_info
    raise NoConsoleScreenBufferError
E   prompt_toolkit.output.win32.NoConsoleScreenBufferError: No Windows console found. Are you running cmd.exe?
____________ TestSSHBulkUpload.test_mkdir_batched_into_single_call ____________
[gw16] win32 -- Python 3.12.10 C:\Users\Simba\AppData\Local\Programs\Python\Python312\python.exe
tests\tools\test_ssh_bulk_upload.py:82: in test_mkdir_batched_into_single_call
    mock_env._ssh_bulk_upload(files)
tools\environments\ssh.py:168: in _ssh_bulk_upload
    os.symlink(os.path.abspath(host_path), staged)
E   OSError: [WinError 1314] Gereken ayr²cal²k istemci taraf²ndan sa­lanm²yor: 'C:\\Users\\Simba\\AppData\\Local\\Temp\\pytest-of-Simba\\pytest-407\\popen-gw16\\test_mkdir_batched_into_single0\\a.txt' -> 'C:\\Users\\Simba\\AppData\\Local\\Temp\\hermes-ssh-bulk-_h097v8t\\home/testuser/.hermes/skills/a.txt'
________ TestSSHBulkUpload.test_staging_symlinks_mirror_remote_layout _________
[gw4] win32 -- Python 3.12.10 C:\Users\Simba\AppData\Local\Programs\Python\Python312\python.exe
tests\tools\test_ssh_bulk_upload.py:129: in test_staging_symlinks_mirror_remote_layout
    mock_env._ssh_bulk_upload(files)
tools\environments\ssh.py:168: in _ssh_bulk_upload
    os.symlink(os.path.abspath(host_path), staged)
E   OSError: [WinError 1314] Gereken ayr²cal²k istemci taraf²ndan sa­lanm²yor: 'C:\\Users\\Simba\\AppData\\Local\\Temp\\pytest-of-Simba\\pytest-407\\popen-gw4\\test_staging_symlinks_mirror_r0\\local_a.txt' -> 'C:\\Users\\Simba\\AppData\\Local\\Temp\\hermes-ssh-bulk-tia153jn\\home/testuser/.hermes/skills/my_skill.md'
__________________ TestSSHBulkUpload.test_tar_pipe_commands ___________________
[gw3] win32 -- Python 3.12.10 C:\Users\Simba\AppData\Local\Programs\Python\Python312\python.exe
tests\tools\test_ssh_bulk_upload.py:156: in test_tar_pipe_commands
    mock_env._ssh_bulk_upload(files)
tools\environments\ssh.py:168: in _ssh_bulk_upload
    os.symlink(os.path.abspath(host_path), staged)
E   OSError: [WinError 1314] Gereken ayr²cal²k istemci taraf²ndan sa­lanm²yor: 'C:\\Users\\Simba\\AppData\\Local\\Temp\\pytest-of-Simba\\pytest-407\\popen-gw3\\test_tar_pipe_commands0\\x.txt' -> 'C:\\Users\\Simba\\AppData\\Local\\Temp\\hermes-ssh-bulk-7dj4fnep\\home/testuser/.hermes/cache/x.txt'
______________ TestSSHBulkUpload.test_tar_create_failure_raises _______________
[gw16] win32 -- Python 3.12.10 C:\Users\Simba\AppData\Local\Programs\Python\Python312\python.exe
tests\tools\test_ssh_bulk_upload.py:213: in test_tar_create_failure_raises
    mock_env._ssh_bulk_upload(files)
tools\environments\ssh.py:168: in _ssh_bulk_upload
    os.symlink(os.path.abspath(host_path), staged)
E   OSError: [WinError 1314] Gereken ayr²cal²k istemci taraf²ndan sa­lanm²yor: 'C:\\Users\\Simba\\AppData\\Local\\Temp\\pytest-of-Simba\\pytest-407\\popen-gw16\\test_tar_create_failure_raises0\\z.txt' -> 'C:\\Users\\Simba\\AppData\\Local\\Temp\\hermes-ssh-bulk-f94m5pkp\\home/testuser/.hermes/skills/z.txt'
______________ TestSSHBulkUpload.test_ssh_extract_failure_raises ______________
[gw4] win32 -- Python 3.12.10 C:\Users\Simba\AppData\Local\Programs\Python\Python312\python.exe
tests\tools\test_ssh_bulk_upload.py:242: in test_ssh_extract_failure_raises
    mock_env._ssh_bulk_upload(files)
tools\environments\ssh.py:168: in _ssh_bulk_upload
    os.symlink(os.path.abspath(host_path), staged)
E   OSError: [WinError 1314] Gereken ayr²cal²k istemci taraf²ndan sa­lanm²yor: 'C:\\Users\\Simba\\AppData\\Local\\Temp\\pytest-of-Simba\\pytest-407\\popen-gw4\\test_ssh_extract_failure_raise0\\w.txt' -> 'C:\\Users\\Simba\\AppData\\Local\\Temp\\hermes-ssh-bulk-5rf5q1iy\\home/testuser/.hermes/skills/w.txt'
__________ TestSSHBulkUpload.test_custom_port_and_key_in_ssh_command __________
[gw16] win32 -- Python 3.12.10 C:\Users\Simba\AppData\Local\Programs\Python\Python312\python.exe
tests\tools\test_ssh_bulk_upload.py:309: in test_custom_port_and_key_in_ssh_command
    env._ssh_bulk_upload(files)
tools\environments\ssh.py:168: in _ssh_bulk_upload
    os.symlink(os.path.abspath(host_path), staged)
E   OSError: [WinError 1314] Gereken ayr²cal²k istemci taraf²ndan sa­lanm²yor: 'C:\\Users\\Simba\\AppData\\Local\\Temp\\pytest-of-Simba\\pytest-407\\popen-gw16\\test_custom_port_and_key_in_ss0\\d.txt' -> 'C:\\Users\\Simba\\AppData\\Local\\Temp\\hermes-ssh-bulk-qk0no6x0\\home/u/.hermes/skills/d.txt'
___________ TestSSHBulkUpload.test_ssh_command_uses_control_socket ____________
[gw3] win32 -- Python 3.12.10 C:\Users\Simba\AppData\Local\Programs\Python\Python312\python.exe
tests\tools\test_ssh_bulk_upload.py:266: in test_ssh_command_uses_control_socket
    mock_env._ssh_bulk_upload(files)
tools\environments\ssh.py:168: in _ssh_bulk_upload
    os.symlink(os.path.abspath(host_path), staged)
E   OSError: [WinError 1314] Gereken ayr²cal²k istemci taraf²ndan sa­lanm²yor: 'C:\\Users\\Simba\\AppData\\Local\\Temp\\pytest-of-Simba\\pytest-407\\popen-gw3\\test_ssh_command_uses_control_0\\c.txt' -> 'C:\\Users\\Simba\\AppData\\Local\\Temp\\hermes-ssh-bulk-0_kvg_d0\\home/testuser/.hermes/cache/c.txt'
____________ TestSSHBulkUpload.test_tar_stdout_closed_for_sigpipe _____________
[gw4] win32 -- Python 3.12.10 C:\Users\Simba\AppData\Local\Programs\Python\Python312\python.exe
tests\tools\test_ssh_bulk_upload.py:388: in test_tar_stdout_closed_for_sigpipe
    mock_env._ssh_bulk_upload(files)
tools\environments\ssh.py:168: in _ssh_bulk_upload
    os.symlink(os.path.abspath(host_path), staged)
E   OSError: [WinError 1314] Gereken ayr²cal²k istemci taraf²ndan sa­lanm²yor: 'C:\\Users\\Simba\\AppData\\Local\\Temp\\pytest-of-Simba\\pytest-407\\popen-gw4\\test_tar_stdout_closed_for_sig0\\s.txt' -> 'C:\\Users\\Simba\\AppData\\Local\\Temp\\hermes-ssh-bulk-n4zf9cvf\\home/testuser/.hermes/skills/s.txt'
_____________ TestSSHBulkUpload.test_timeout_kills_both_processes _____________
[gw3] win32 -- Python 3.12.10 C:\Users\Simba\AppData\Local\Programs\Python\Python312\python.exe
tests\tools\test_ssh_bulk_upload.py:416: in test_timeout_kills_both_processes
    mock_env._ssh_bulk_upload(files)
tools\environments\ssh.py:168: in _ssh_bulk_upload
    os.symlink(os.path.abspath(host_path), staged)
E   OSError: [WinError 1314] Gereken ayr²cal²k istemci taraf²ndan sa­lanm²yor: 'C:\\Users\\Simba\\AppData\\Local\\Temp\\pytest-of-Simba\\pytest-407\\popen-gw3\\test_timeout_kills_both_proces0\\t.txt' -> 'C:\\Users\\Simba\\AppData\\Local\\Temp\\hermes-ssh-bulk-n4x4zu8p\\home/testuser/.hermes/skills/t.txt'
______________ TestSharedHelpers.test_unique_parent_dirs_sorted _______________
[gw4] win32 -- Python 3.12.10 C:\Users\Simba\AppData\Local\Programs\Python\Python312\python.exe
tests\tools\test_ssh_bulk_upload.py:484: in test_unique_parent_dirs_sorted
    assert result == ["/a", "/z"]
E   AssertionError: assert ['\\a', '\\z'] == ['/a', '/z']
E     
E     At index 0 diff: [0m[33m'[39;49;00m[33m\\[39;49;00m[33ma[39;49;00m[33m'[39;49;00m[90m[39;49;00m != [0m[33m'[39;49;00m[33m/a[39;49;00m[33m'[39;49;00m[90m[39;49;00m
E     Use -v to get more diff
_ TestTerminalRequirements.test_terminal_and_execute_code_tools_resolve_for_managed_modal _
[gw3] win32 -- Python 3.12.10 C:\Users\Simba\AppData\Local\Programs\Python\Python312\python.exe
tests\tools\test_terminal_tool_requirements.py:50: in test_terminal_and_execute_code_tools_resolve_for_managed_modal
    assert "execute_code" in names
E   AssertionError: assert 'execute_code' in {'process', 'terminal'}
___________ TestSharedHelpers.test_unique_parent_dirs_deduplicates ____________
[gw16] win32 -- Python 3.12.10 C:\Users\Simba\AppData\Local\Programs\Python\Python312\python.exe
tests\tools\test_ssh_bulk_upload.py:476: in test_unique_parent_dirs_deduplicates
    assert result == ["/remote/dir", "/remote/other"]
E   AssertionError: assert ['\\remote\\d...emote\\other'] == ['/remote/dir...remote/other']
E     
E     At index 0 diff: [0m[33m'[39;49;00m[33m\\[39;49;00m[33mremote[39;49;00m[33m\\[39;49;00m[33mdir[39;49;00m[33m'[39;49;00m[90m[39;49;00m != [0m[33m'[39;49;00m[33m/remote/dir[39;49;00m[33m'[39;49;00m[90m[39;49;00m
E     Use -v to get more diff
______ TestHermesHomeIsolation.test_failure_marker_respects_hermes_home _______
[gw4] win32 -- Python 3.12.10 C:\Users\Simba\AppData\Local\Programs\Python\Python312\python.exe
tests\tools\test_tirith_security.py:991: in test_failure_marker_respects_hermes_home
    assert result == "/custom/hermes/.tirith-install-failed"
E   AssertionError: assert '\\custom\\he...nstall-failed' == '/custom/herm...nstall-failed'
E     
E     [0m[91m- /custom/hermes/.tirith-install-failed[39;49;00m[90m[39;49;00m
E     ? ^      ^      ^[90m[39;49;00m
E     [92m+ \custom\hermes\.tirith-install-failed[39;49;00m[90m[39;49;00m
E     ? ^      ^      ^[90m[39;49;00m
_________ TestSSHBulkUploadEdgeCases.test_ssh_popen_failure_kills_tar _________
[gw16] win32 -- Python 3.12.10 C:\Users\Simba\AppData\Local\Programs\Python\Python312\python.exe
tests\tools\test_ssh_bulk_upload.py:514: in test_ssh_popen_failure_kills_tar
    mock_env._ssh_bulk_upload(files)
tools\environments\ssh.py:168: in _ssh_bulk_upload
    os.symlink(os.path.abspath(host_path), staged)
E   OSError: [WinError 1314] Gereken ayr²cal²k istemci taraf²ndan sa­lanm²yor: 'C:\\Users\\Simba\\AppData\\Local\\Temp\\pytest-of-Simba\\pytest-407\\popen-gw16\\test_ssh_popen_failure_kills_t0\\e.txt' -> 'C:\\Users\\Simba\\AppData\\Local\\Temp\\hermes-ssh-bulk-vslj6je8\\home/testuser/.hermes/skills/e.txt'

During handling of the above exception, another exception occurred:
tests\tools\test_ssh_bulk_upload.py:513: in test_ssh_popen_failure_kills_tar
    with pytest.raises(OSError, match="SSH binary not found"):
         ^^^^^^^^^^^^^^^^^^^^^^^^^^^^^^^^^^^^^^^^^^^^^^^^^^^^
E   AssertionError: Regex pattern did not match.
E     Expected regex: 'SSH binary not found'
E     Actual message: "[WinError 1314] Gereken ayr²cal²k istemci taraf²ndan sa­lanm²yor: 'C:\\\\Users\\\\Simba\\\\AppData\\\\Local\\\\Temp\\\\pytest-of-Simba\\\\pytest-407\\\\popen-gw16\\\\test_ssh_popen_failure_kills_t0\\\\e.txt' -> 'C:\\\\Users\\\\Simba\\\\AppData\\\\Local\\\\Temp\\\\hermes-ssh-bulk-vslj6je8\\\\home/testuser/.hermes/skills/e.txt'"
____________ TestHermesHomeIsolation.test_get_hermes_home_fallback ____________
[gw3] win32 -- Python 3.12.10 C:\Users\Simba\AppData\Local\Programs\Python\Python312\python.exe
tests\tools\test_tirith_security.py:1005: in test_get_hermes_home_fallback
    result = _get_hermes_home()
             ^^^^^^^^^^^^^^^^^^
tools\tirith_security.py:110: in _get_hermes_home
    return str(get_hermes_home())
               ^^^^^^^^^^^^^^^^^
hermes_constants.py:17: in get_hermes_home
    return Path(os.getenv("HERMES_HOME", Path.home() / ".hermes"))
                                         ^^^^^^^^^^^
..\..\..\..\AppData\Local\Programs\Python\Python312\Lib\pathlib.py:1202: in home
    return cls("~").expanduser()
           ^^^^^^^^^^^^^^^^^^^^^
..\..\..\..\AppData\Local\Programs\Python\Python312\Lib\pathlib.py:1406: in expanduser
    raise RuntimeError("Could not determine home directory.")
E   RuntimeError: Could not determine home directory.
______________ TestTranscribeLocal.test_successful_transcription ______________
[gw4] win32 -- Python 3.12.10 C:\Users\Simba\AppData\Local\Programs\Python\Python312\python.exe
tests\tools\test_transcription.py:139: in test_successful_transcription
    patch("faster_whisper.WhisperModel", return_value=mock_model), \
    ^^^^^^^^^^^^^^^^^^^^^^^^^^^^^^^^^^^^^^^^^^^^^^^^^^^^^^^^^^^^^
..\..\..\..\AppData\Local\Programs\Python\Python312\Lib\unittest\mock.py:1451: in __enter__
    self.target = self.getter()
                  ^^^^^^^^^^^^^
..\..\..\..\AppData\Local\Programs\Python\Python312\Lib\pkgutil.py:513: in resolve_name
    mod = importlib.import_module(modname)
          ^^^^^^^^^^^^^^^^^^^^^^^^^^^^^^^^
..\..\..\..\AppData\Local\Programs\Python\Python312\Lib\importlib\__init__.py:90: in import_module
    return _bootstrap._gcd_import(name[level:], package, level)
           ^^^^^^^^^^^^^^^^^^^^^^^^^^^^^^^^^^^^^^^^^^^^^^^^^^^^
<frozen importlib._bootstrap>:1387: in _gcd_import
    ???
<frozen importlib._bootstrap>:1360: in _find_and_load
    ???
<frozen importlib._bootstrap>:1324: in _find_and_load_unlocked
    ???
E   ModuleNotFoundError: No module named 'faster_whisper'
__________ TestTranscribeLocalExtended.test_model_reloaded_on_change __________
[gw16] win32 -- Python 3.12.10 C:\Users\Simba\AppData\Local\Programs\Python\Python312\python.exe
tests\tools\test_transcription_tools.py:460: in test_model_reloaded_on_change
    patch("faster_whisper.WhisperModel", mock_whisper_cls), \
    ^^^^^^^^^^^^^^^^^^^^^^^^^^^^^^^^^^^^^^^^^^^^^^^^^^^^^^
..\..\..\..\AppData\Local\Programs\Python\Python312\Lib\unittest\mock.py:1451: in __enter__
    self.target = self.getter()
                  ^^^^^^^^^^^^^
..\..\..\..\AppData\Local\Programs\Python\Python312\Lib\pkgutil.py:513: in resolve_name
    mod = importlib.import_module(modname)
          ^^^^^^^^^^^^^^^^^^^^^^^^^^^^^^^^
..\..\..\..\AppData\Local\Programs\Python\Python312\Lib\importlib\__init__.py:90: in import_module
    return _bootstrap._gcd_import(name[level:], package, level)
           ^^^^^^^^^^^^^^^^^^^^^^^^^^^^^^^^^^^^^^^^^^^^^^^^^^^^
<frozen importlib._bootstrap>:1387: in _gcd_import
    ???
<frozen importlib._bootstrap>:1360: in _find_and_load
    ???
<frozen importlib._bootstrap>:1324: in _find_and_load_unlocked
    ???
E   ModuleNotFoundError: No module named 'faster_whisper'
_________ TestTranscribeLocalExtended.test_model_reuse_on_second_call _________
[gw3] win32 -- Python 3.12.10 C:\Users\Simba\AppData\Local\Programs\Python\Python312\python.exe
tests\tools\test_transcription_tools.py:434: in test_model_reuse_on_second_call
    patch("faster_whisper.WhisperModel", mock_whisper_cls), \
    ^^^^^^^^^^^^^^^^^^^^^^^^^^^^^^^^^^^^^^^^^^^^^^^^^^^^^^
..\..\..\..\AppData\Local\Programs\Python\Python312\Lib\unittest\mock.py:1451: in __enter__
    self.target = self.getter()
                  ^^^^^^^^^^^^^
..\..\..\..\AppData\Local\Programs\Python\Python312\Lib\pkgutil.py:513: in resolve_name
    mod = importlib.import_module(modname)
          ^^^^^^^^^^^^^^^^^^^^^^^^^^^^^^^^
..\..\..\..\AppData\Local\Programs\Python\Python312\Lib\importlib\__init__.py:90: in import_module
    return _bootstrap._gcd_import(name[level:], package, level)
           ^^^^^^^^^^^^^^^^^^^^^^^^^^^^^^^^^^^^^^^^^^^^^^^^^^^^
<frozen importlib._bootstrap>:1387: in _gcd_import
    ???
<frozen importlib._bootstrap>:1360: in _find_and_load
    ???
<frozen importlib._bootstrap>:1324: in _find_and_load_unlocked
    ???
E   ModuleNotFoundError: No module named 'faster_whisper'
__________ TestTildeExpansion.test_tilde_path_expanded_to_local_file __________
[gw3] win32 -- Python 3.12.10 C:\Users\Simba\AppData\Local\Programs\Python\Python312\python.exe
tests\tools\test_vision_tools.py:513: in test_tilde_path_expanded_to_local_file
    assert data["success"] is True
E   assert False is True
------------------------------ Captured log call ------------------------------
[31m[1mERROR   [0m tools.vision_tools:vision_tools.py:622 Error analyzing image: Invalid image source. Provide an HTTP/HTTPS URL or a valid local file path.
Traceback (most recent call last):
  File "C:\Users\Simba\Desktop\DEV\duskHermes\d60\tools\vision_tools.py", line 491, in vision_analyze_tool
    raise ValueError(
ValueError: Invalid image source. Provide an HTTP/HTTPS URL or a valid local file path.
_________ TestTranscribeLocalExtended.test_exception_returns_failure __________
[gw4] win32 -- Python 3.12.10 C:\Users\Simba\AppData\Local\Programs\Python\Python312\python.exe
tests\tools\test_transcription_tools.py:476: in test_exception_returns_failure
    patch("faster_whisper.WhisperModel", mock_whisper_cls), \
    ^^^^^^^^^^^^^^^^^^^^^^^^^^^^^^^^^^^^^^^^^^^^^^^^^^^^^^
..\..\..\..\AppData\Local\Programs\Python\Python312\Lib\unittest\mock.py:1451: in __enter__
    self.target = self.getter()
                  ^^^^^^^^^^^^^
..\..\..\..\AppData\Local\Programs\Python\Python312\Lib\pkgutil.py:513: in resolve_name
    mod = importlib.import_module(modname)
          ^^^^^^^^^^^^^^^^^^^^^^^^^^^^^^^^
..\..\..\..\AppData\Local\Programs\Python\Python312\Lib\importlib\__init__.py:90: in import_module
    return _bootstrap._gcd_import(name[level:], package, level)
           ^^^^^^^^^^^^^^^^^^^^^^^^^^^^^^^^^^^^^^^^^^^^^^^^^^^^
<frozen importlib._bootstrap>:1387: in _gcd_import
    ???
<frozen importlib._bootstrap>:1360: in _find_and_load
    ???
<frozen importlib._bootstrap>:1324: in _find_and_load_unlocked
    ???
E   ModuleNotFoundError: No module named 'faster_whisper'
__ TestStreamingTTSOutputStreamCleanup.test_output_stream_closed_in_finally ___
[gw3] win32 -- Python 3.12.10 C:\Users\Simba\AppData\Local\Programs\Python\Python312\python.exe
tests\tools\test_voice_cli_integration.py:542: in test_output_stream_closed_in_finally
    tree = _ast.parse(f.read())
                      ^^^^^^^^
..\..\..\..\AppData\Local\Programs\Python\Python312\Lib\encodings\cp1254.py:23: in decode
    return codecs.charmap_decode(input,self.errors,decoding_table)[0]
           ^^^^^^^^^^^^^^^^^^^^^^^^^^^^^^^^^^^^^^^^^^^^^^^^^^^^^^^
E   UnicodeDecodeError: 'charmap' codec can't decode byte 0x9d in position 40027: character maps to <undefined>
_____ TestVprintForceParameter.test_error_messages_use_force_in_run_agent _____
[gw4] win32 -- Python 3.12.10 C:\Users\Simba\AppData\Local\Programs\Python\Python312\python.exe
tests\tools\test_voice_cli_integration.py:448: in test_error_messages_use_force_in_run_agent
    source = f.read()
             ^^^^^^^^
..\..\..\..\AppData\Local\Programs\Python\Python312\Lib\encodings\cp1254.py:23: in decode
    return codecs.charmap_decode(input,self.errors,decoding_table)[0]
           ^^^^^^^^^^^^^^^^^^^^^^^^^^^^^^^^^^^^^^^^^^^^^^^^^^^^^^^
E   UnicodeDecodeError: 'charmap' codec can't decode byte 0x8f in position 45416: character maps to <undefined>
__________ TestTranscribeLocalExtended.test_multiple_segments_joined __________
[gw16] win32 -- Python 3.12.10 C:\Users\Simba\AppData\Local\Programs\Python\Python312\python.exe
tests\tools\test_transcription_tools.py:500: in test_multiple_segments_joined
    patch("faster_whisper.WhisperModel", return_value=mock_model), \
    ^^^^^^^^^^^^^^^^^^^^^^^^^^^^^^^^^^^^^^^^^^^^^^^^^^^^^^^^^^^^^
..\..\..\..\AppData\Local\Programs\Python\Python312\Lib\unittest\mock.py:1451: in __enter__
    self.target = self.getter()
                  ^^^^^^^^^^^^^
..\..\..\..\AppData\Local\Programs\Python\Python312\Lib\pkgutil.py:513: in resolve_name
    mod = importlib.import_module(modname)
          ^^^^^^^^^^^^^^^^^^^^^^^^^^^^^^^^
..\..\..\..\AppData\Local\Programs\Python\Python312\Lib\importlib\__init__.py:90: in import_module
    return _bootstrap._gcd_import(name[level:], package, level)
           ^^^^^^^^^^^^^^^^^^^^^^^^^^^^^^^^^^^^^^^^^^^^^^^^^^^^
<frozen importlib._bootstrap>:1387: in _gcd_import
    ???
<frozen importlib._bootstrap>:1360: in _find_and_load
    ???
<frozen importlib._bootstrap>:1324: in _find_and_load_unlocked
    ???
E   ModuleNotFoundError: No module named 'faster_whisper'
__ TestCtrlCResetsContinuousMode.test_ctrl_c_handler_resets_voice_continuous __
[gw3] win32 -- Python 3.12.10 C:\Users\Simba\AppData\Local\Programs\Python\Python312\python.exe
tests\tools\test_voice_cli_integration.py:567: in test_ctrl_c_handler_resets_voice_continuous
    source = f.read()
             ^^^^^^^^
..\..\..\..\AppData\Local\Programs\Python\Python312\Lib\encodings\cp1254.py:23: in decode
    return codecs.charmap_decode(input,self.errors,decoding_table)[0]
           ^^^^^^^^^^^^^^^^^^^^^^^^^^^^^^^^^^^^^^^^^^^^^^^^^^^^^^^
E   UnicodeDecodeError: 'charmap' codec can't decode byte 0x8f in position 2476: character maps to <undefined>
______ TestVoiceStatusUsesConfigKey.test_show_voice_status_not_hardcoded ______
[gw4] win32 -- Python 3.12.10 C:\Users\Simba\AppData\Local\Programs\Python\Python312\python.exe
tests\tools\test_voice_cli_integration.py:612: in test_show_voice_status_not_hardcoded
    source = f.read()
             ^^^^^^^^
..\..\..\..\AppData\Local\Programs\Python\Python312\Lib\encodings\cp1254.py:23: in decode
    return codecs.charmap_decode(input,self.errors,decoding_table)[0]
           ^^^^^^^^^^^^^^^^^^^^^^^^^^^^^^^^^^^^^^^^^^^^^^^^^^^^^^^
E   UnicodeDecodeError: 'charmap' codec can't decode byte 0x8f in position 2476: character maps to <undefined>
_______ TestEdgeTTSLazyImport.test_generate_edge_tts_calls_lazy_import ________
[gw16] win32 -- Python 3.12.10 C:\Users\Simba\AppData\Local\Programs\Python\Python312\python.exe
tests\tools\test_voice_cli_integration.py:504: in test_generate_edge_tts_calls_lazy_import
    tree = _ast.parse(f.read())
                      ^^^^^^^^
..\..\..\..\AppData\Local\Programs\Python\Python312\Lib\encodings\cp1254.py:23: in decode
    return codecs.charmap_decode(input,self.errors,decoding_table)[0]
           ^^^^^^^^^^^^^^^^^^^^^^^^^^^^^^^^^^^^^^^^^^^^^^^^^^^^^^^
E   UnicodeDecodeError: 'charmap' codec can't decode byte 0x9d in position 40027: character maps to <undefined>
______ TestVoiceStatusUsesConfigKey.test_show_voice_status_reads_config _______
[gw3] win32 -- Python 3.12.10 C:\Users\Simba\AppData\Local\Programs\Python\Python312\python.exe
tests\tools\test_voice_cli_integration.py:630: in test_show_voice_status_reads_config
    source = f.read()
             ^^^^^^^^
..\..\..\..\AppData\Local\Programs\Python\Python312\Lib\encodings\cp1254.py:23: in decode
    return codecs.charmap_decode(input,self.errors,decoding_table)[0]
           ^^^^^^^^^^^^^^^^^^^^^^^^^^^^^^^^^^^^^^^^^^^^^^^^^^^^^^^
E   UnicodeDecodeError: 'charmap' codec can't decode byte 0x8f in position 2476: character maps to <undefined>
_____ TestChatTTSCleanupOnException.test_chat_has_finally_for_tts_cleanup _____
[gw4] win32 -- Python 3.12.10 C:\Users\Simba\AppData\Local\Programs\Python\Python312\python.exe
tests\tools\test_voice_cli_integration.py:658: in test_chat_has_finally_for_tts_cleanup
    tree = _ast.parse(f.read())
                      ^^^^^^^^
..\..\..\..\AppData\Local\Programs\Python\Python312\Lib\encodings\cp1254.py:23: in decode
    return codecs.charmap_decode(input,self.errors,decoding_table)[0]
           ^^^^^^^^^^^^^^^^^^^^^^^^^^^^^^^^^^^^^^^^^^^^^^^^^^^^^^^
E   UnicodeDecodeError: 'charmap' codec can't decode byte 0x8f in position 2476: character maps to <undefined>
_ TestKeyHandlerNeverBlocks.test_start_recording_not_called_directly_in_handler _
[gw3] win32 -- Python 3.12.10 C:\Users\Simba\AppData\Local\Programs\Python\Python312\python.exe
tests\tools\test_voice_cli_integration.py:723: in test_start_recording_not_called_directly_in_handler
    tree = _ast.parse(f.read())
                      ^^^^^^^^
..\..\..\..\AppData\Local\Programs\Python\Python312\Lib\encodings\cp1254.py:23: in decode
    return codecs.charmap_decode(input,self.errors,decoding_table)[0]
           ^^^^^^^^^^^^^^^^^^^^^^^^^^^^^^^^^^^^^^^^^^^^^^^^^^^^^^^
E   UnicodeDecodeError: 'charmap' codec can't decode byte 0x8f in position 2476: character maps to <undefined>
___ TestBrowserToolSignalHandlerRemoved.test_no_signal_handler_registration ___
[gw16] win32 -- Python 3.12.10 C:\Users\Simba\AppData\Local\Programs\Python\Python312\python.exe
tests\tools\test_voice_cli_integration.py:691: in test_no_signal_handler_registration
    source = f.read()
             ^^^^^^^^
..\..\..\..\AppData\Local\Programs\Python\Python312\Lib\encodings\cp1254.py:23: in decode
    return codecs.charmap_decode(input,self.errors,decoding_table)[0]
           ^^^^^^^^^^^^^^^^^^^^^^^^^^^^^^^^^^^^^^^^^^^^^^^^^^^^^^^
E   UnicodeDecodeError: 'charmap' codec can't decode byte 0x90 in position 91294: character maps to <undefined>
_______________ TestLocalEnvironmentExecute.test_cwd_respected ________________
[gw0] win32 -- Python 3.12.10 C:\Users\Simba\AppData\Local\Programs\Python\Python312\python.exe
tests\tools\test_file_tools_live.py:118: in test_cwd_respected
    assert result["output"].strip() == str(subdir)
E   AssertionError: assert '/tmp/pytest-...0/subdir_test' == 'C:\\Users\\S...\\subdir_test'
E     
E     [0m[91m- C:\Users\Simba\AppData\Local\Temp\pytest-of-Simba\pytest-407\popen-gw0\test_cwd_respected0\subdir_test[39;49;00m[90m[39;49;00m
E     ? ^^^^^^^^^^^^^^^^^^^^ ----------  ^               ^          ^         ^                   ^[90m[39;49;00m
E     [92m+ /tmp/pytest-of-Simba/pytest-407/popen-gw0/test_cwd_respected0/subdir_test[39;49;00m[90m[39;49;00m
E     ? ^   ^               ^          ^         ^                   ^[90m[39;49;00m
----------------------------- Captured log setup ------------------------------
[32mINFO    [0m tools.environments.base:base.py:312 Session snapshot created (session=c6ba1c15afca, cwd=/c/Users/Simba/Desktop/DEV/duskHermes/d60)
________ TestKeyHandlerNeverBlocks.test_processing_guard_in_start_path ________
[gw4] win32 -- Python 3.12.10 C:\Users\Simba\AppData\Local\Programs\Python\Python312\python.exe
tests\tools\test_voice_cli_integration.py:743: in test_processing_guard_in_start_path
    source = f.read()
             ^^^^^^^^
..\..\..\..\AppData\Local\Programs\Python\Python312\Lib\encodings\cp1254.py:23: in decode
    return codecs.charmap_decode(input,self.errors,decoding_table)[0]
           ^^^^^^^^^^^^^^^^^^^^^^^^^^^^^^^^^^^^^^^^^^^^^^^^^^^^^^^
E   UnicodeDecodeError: 'charmap' codec can't decode byte 0x8f in position 2476: character maps to <undefined>
_ TestKeyHandlerNeverBlocks.test_processing_set_atomically_with_recording_false _
[gw16] win32 -- Python 3.12.10 C:\Users\Simba\AppData\Local\Programs\Python\Python312\python.exe
tests\tools\test_voice_cli_integration.py:769: in test_processing_set_atomically_with_recording_false
    source = f.read()
             ^^^^^^^^
..\..\..\..\AppData\Local\Programs\Python\Python312\Lib\encodings\cp1254.py:23: in decode
    return codecs.charmap_decode(input,self.errors,decoding_table)[0]
           ^^^^^^^^^^^^^^^^^^^^^^^^^^^^^^^^^^^^^^^^^^^^^^^^^^^^^^^
E   UnicodeDecodeError: 'charmap' codec can't decode byte 0x8f in position 2476: character maps to <undefined>
_ TestFlushMemoriesUsesAuxiliaryClient.test_flush_executes_memory_tool_calls __
[gw14] win32 -- Python 3.12.10 C:\Users\Simba\AppData\Local\Programs\Python\Python312\python.exe
tests\run_agent\test_flush_memories_codex.py:200: in test_flush_executes_memory_tool_calls
    with patch("tools.memory_tool.memory_tool", return_value="Saved.") as mock_memory:
         ^^^^^^^^^^^^^^^^^^^^^^^^^^^^^^^^^^^^^^^^^^^^^^^^^^^^^^^^^^^^^
..\..\..\..\AppData\Local\Programs\Python\Python312\Lib\unittest\mock.py:1451: in __enter__
    self.target = self.getter()
                  ^^^^^^^^^^^^^
..\..\..\..\AppData\Local\Programs\Python\Python312\Lib\pkgutil.py:528: in resolve_name
    result = getattr(result, p)
             ^^^^^^^^^^^^^^^^^^
E   AttributeError: module 'tools' has no attribute 'memory_tool'
------------------------------ Captured log call ------------------------------
[32mINFO    [0m agent.model_metadata:model_metadata.py:987 Could not detect context length for model '' at https://test.example.com/v1 ù defaulting to 128,000 tokens (probe-down). Set model.context_length in config.yaml to override.
[32mINFO    [0m agent.credential_pool:credential_pool.py:1167 Importing Codex CLI tokens into Hermes auth store.
[32mINFO    [0m agent.auxiliary_client:auxiliary_client.py:1194 Auxiliary auto-detect: using openai-codex (gpt-5.2-codex) ù skipped: openrouter, nous, local/custom
___________ TestCheckpointPersistence.test_watch_patterns_recovery ____________
[gw4] win32 -- Python 3.12.10 C:\Users\Simba\AppData\Local\Programs\Python\Python312\python.exe
tests\tools\test_watch_patterns.py:267: in test_watch_patterns_recovery
    count = registry.recover_from_checkpoint()
            ^^^^^^^^^^^^^^^^^^^^^^^^^^^^^^^^^^
tools\process_registry.py:1036: in recover_from_checkpoint
    alive = self._is_host_pid_alive(pid)
            ^^^^^^^^^^^^^^^^^^^^^^^^^^^^
tools\process_registry.py:235: in _is_host_pid_alive
    os.kill(pid, 0)
E   OSError: [WinError 87] Parametre hatal²
____________ TestSubprocessTimeoutKill.test_timeout_kills_process _____________
[gw3] win32 -- Python 3.12.10 C:\Users\Simba\AppData\Local\Programs\Python\Python312\python.exe
tests\tools\test_voice_mode.py:1151: in test_timeout_kills_process
    proc = subprocess.Popen(["sleep", "600"], stdout=subprocess.DEVNULL, stderr=subprocess.DEVNULL)
           ^^^^^^^^^^^^^^^^^^^^^^^^^^^^^^^^^^^^^^^^^^^^^^^^^^^^^^^^^^^^^^^^^^^^^^^^^^^^^^^^^^^^^^^^
..\..\..\..\AppData\Local\Programs\Python\Python312\Lib\subprocess.py:1026: in __init__
    self._execute_child(args, executable, preexec_fn, close_fds,
..\..\..\..\AppData\Local\Programs\Python\Python312\Lib\subprocess.py:1538: in _execute_child
    hp, ht, pid, tid = _winapi.CreateProcess(executable, args,
E   FileNotFoundError: [WinError 2] Sistem belirtilen dosyay² bulam²yor
___ TestZombieReproduction.test_orphaned_processes_survive_without_cleanup ____
[gw3] win32 -- Python 3.12.10 C:\Users\Simba\AppData\Local\Programs\Python\Python312\python.exe
tests\tools\test_zombie_process_cleanup.py:63: in test_orphaned_processes_survive_without_cleanup
    os.kill(pid, signal.SIGKILL)
                 ^^^^^^^^^^^^^^
E   AttributeError: module 'signal' has no attribute 'SIGKILL'. Did you mean: 'SIGILL'?
________________ test_runtime_resolution_failure_is_not_sticky ________________
[gw12] win32 -- Python 3.12.10 C:\Users\Simba\AppData\Local\Programs\Python\Python312\python.exe
tests\cli\test_cli_provider_resolution.py:150: in _runtime_resolve
    raise RuntimeError("temporary auth failure")
E   RuntimeError: temporary auth failure

During handling of the above exception, another exception occurred:
tests\cli\test_cli_provider_resolution.py:169: in test_runtime_resolution_failure_is_not_sticky
    assert shell._init_agent() is False
           ^^^^^^^^^^^^^^^^^^^
cli.py:2808: in _init_agent
    if not self._ensure_runtime_credentials():
           ^^^^^^^^^^^^^^^^^^^^^^^^^^^^^^^^^^
cli.py:2679: in _ensure_runtime_credentials
    ChatConsole().print(f"[bold red]{message}[/]")
cli.py:1355: in print
    _cprint(line)
cli.py:1068: in _cprint
    _pt_print(_PT_ANSI(text))
..\..\..\..\AppData\Local\Programs\Python\Python312\Lib\site-packages\prompt_toolkit\shortcuts\utils.py:111: in print_formatted_text
    output = get_app_session().output
             ^^^^^^^^^^^^^^^^^^^^^^^^
..\..\..\..\AppData\Local\Programs\Python\Python312\Lib\site-packages\prompt_toolkit\application\current.py:67: in output
    self._output = create_output()
                   ^^^^^^^^^^^^^^^
..\..\..\..\AppData\Local\Programs\Python\Python312\Lib\site-packages\prompt_toolkit\output\defaults.py:91: in create_output
    return Win32Output(stdout, default_color_depth=color_depth_from_env)
           ^^^^^^^^^^^^^^^^^^^^^^^^^^^^^^^^^^^^^^^^^^^^^^^^^^^^^^^^^^^^^
..\..\..\..\AppData\Local\Programs\Python\Python312\Lib\site-packages\prompt_toolkit\output\win32.py:115: in __init__
    info = self.get_win32_screen_buffer_info()
           ^^^^^^^^^^^^^^^^^^^^^^^^^^^^^^^^^^^
..\..\..\..\AppData\Local\Programs\Python\Python312\Lib\site-packages\prompt_toolkit\output\win32.py:219: in get_win32_screen_buffer_info
    raise NoConsoleScreenBufferError
E   prompt_toolkit.output.win32.NoConsoleScreenBufferError: No Windows console found. Are you running cmd.exe?
------------------------------ Captured log call ------------------------------
[32mINFO    [0m run_agent:run_agent.py:59 No .env file found. Using system environment variables.
_________ TestLocalEnvironmentExecute.test_cat_deterministic_content __________
[gw5] win32 -- Python 3.12.10 C:\Users\Simba\AppData\Local\Programs\Python\Python312\python.exe
tests\tools\test_file_tools_live.py:144: in test_cat_deterministic_content
    assert result["returncode"] == 0
E   assert 1 == 0
----------------------------- Captured log setup ------------------------------
[32mINFO    [0m tools.environments.base:base.py:312 Session snapshot created (session=ae5d5c040782, cwd=/c/Users/Simba/Desktop/DEV/duskHermes/d60)
___________________ TestTerminalOutputCleanliness.test_cat ____________________
[gw8] win32 -- Python 3.12.10 C:\Users\Simba\AppData\Local\Programs\Python\Python312\python.exe
tests\tools\test_file_tools_live.py:417: in test_cat
    assert result["output"] == "CAT_CONTENT_EXACT\n"
E   assert "cat: 'C:User...r directory\n" == 'CAT_CONTENT_EXACT\n'
E     
E     [0m[91m- CAT_CONTENT_EXACT[39;49;00m[90m[39;49;00m
E     [92m+ cat: 'C:UsersSimbaAppDataLocalTemppytest-of-Simbapytest-407popen-gw8test_cat0cat_test.txt': No such file or directory[39;49;00m[90m[39;49;00m
----------------------------- Captured log setup ------------------------------
[32mINFO    [0m tools.environments.base:base.py:312 Session snapshot created (session=3ed723b85846, cwd=/c/Users/Simba/Desktop/DEV/duskHermes/d60)
_____________ TestBranchCommandCLI.test_branch_empty_conversation _____________
[gw6] win32 -- Python 3.12.10 C:\Users\Simba\AppData\Local\Programs\Python\Python312\python.exe
tests\cli\test_branch_command.py:133: in test_branch_empty_conversation
    HermesCLI._handle_branch_command(cli_instance, "/branch")
cli.py:4239: in _handle_branch_command
    _cprint("  No conversation to branch ù send a message first.")
cli.py:1068: in _cprint
    _pt_print(_PT_ANSI(text))
..\..\..\..\AppData\Local\Programs\Python\Python312\Lib\site-packages\prompt_toolkit\shortcuts\utils.py:111: in print_formatted_text
    output = get_app_session().output
             ^^^^^^^^^^^^^^^^^^^^^^^^
..\..\..\..\AppData\Local\Programs\Python\Python312\Lib\site-packages\prompt_toolkit\application\current.py:67: in output
    self._output = create_output()
                   ^^^^^^^^^^^^^^^
..\..\..\..\AppData\Local\Programs\Python\Python312\Lib\site-packages\prompt_toolkit\output\defaults.py:91: in create_output
    return Win32Output(stdout, default_color_depth=color_depth_from_env)
           ^^^^^^^^^^^^^^^^^^^^^^^^^^^^^^^^^^^^^^^^^^^^^^^^^^^^^^^^^^^^^
..\..\..\..\AppData\Local\Programs\Python\Python312\Lib\site-packages\prompt_toolkit\output\win32.py:115: in __init__
    info = self.get_win32_screen_buffer_info()
           ^^^^^^^^^^^^^^^^^^^^^^^^^^^^^^^^^^^
..\..\..\..\AppData\Local\Programs\Python\Python312\Lib\site-packages\prompt_toolkit\output\win32.py:219: in get_win32_screen_buffer_info
    raise NoConsoleScreenBufferError
E   prompt_toolkit.output.win32.NoConsoleScreenBufferError: No Windows console found. Are you running cmd.exe?
_______________ TestSSHBulkUpload.test_parent_dirs_deduplicated _______________
[gw6] win32 -- Python 3.12.10 C:\Users\Simba\AppData\Local\Programs\Python\Python312\python.exe
tests\tools\test_ssh_bulk_upload.py:355: in test_parent_dirs_deduplicated
    mock_env._ssh_bulk_upload(files)
tools\environments\ssh.py:168: in _ssh_bulk_upload
    os.symlink(os.path.abspath(host_path), staged)
E   OSError: [WinError 1314] Gereken ayr²cal²k istemci taraf²ndan sa­lanm²yor: 'C:\\Users\\Simba\\AppData\\Local\\Temp\\pytest-of-Simba\\pytest-407\\popen-gw6\\test_parent_dirs_deduplicated0\\a.txt' -> 'C:\\Users\\Simba\\AppData\\Local\\Temp\\hermes-ssh-bulk-ojts8scp\\home/testuser/.hermes/skills/a.txt'
____ TestStdinHelpers.test_close_stdin_allows_eof_driven_process_to_finish ____
[gw15] win32 -- Python 3.12.10 C:\Users\Simba\AppData\Local\Programs\Python\Python312\python.exe
tests\tools\test_process_registry.py:186: in test_close_stdin_allows_eof_driven_process_to_finish
    assert poll["exit_code"] == 0
E   assert 49 == 0
_________________ TestScanFile.test_detect_invisible_unicode __________________
[gw15] win32 -- Python 3.12.10 C:\Users\Simba\AppData\Local\Programs\Python\Python312\python.exe
tests\tools\test_skills_guard.py:231: in test_detect_invisible_unicode
    f.write_text(f"normal text\u200b with zero-width space\n")
..\..\..\..\AppData\Local\Programs\Python\Python312\Lib\pathlib.py:1048: in write_text
    return f.write(data)
           ^^^^^^^^^^^^^
..\..\..\..\AppData\Local\Programs\Python\Python312\Lib\encodings\cp1254.py:19: in encode
    return codecs.charmap_encode(input,self.errors,encoding_table)[0]
           ^^^^^^^^^^^^^^^^^^^^^^^^^^^^^^^^^^^^^^^^^^^^^^^^^^^^^^^
E   UnicodeEncodeError: 'charmap' codec can't encode character '\u200b' in position 11: character maps to <undefined>
___________________ TestTerminalOutputCleanliness.test_head ___________________
[gw17] win32 -- Python 3.12.10 C:\Users\Simba\AppData\Local\Programs\Python\Python312\python.exe
tests\tools\test_file_tools_live.py:440: in test_head
    assert result["output"] == expected
E   AssertionError: assert 'head: cannot...r directory\n' == 'LINE_0001\nL...\nLINE_0003\n'
E     
E     [0m[92m+ head: cannot open 'C:UsersSimbaAppDataLocalTemppytest-of-Simbapytest-407popen-gw17test_head0head_test.txt' for reading: No such file or directory[39;49;00m[90m[39;49;00m
E     [91m- LINE_0001[39;49;00m[90m[39;49;00m
E     [91m- LINE_0002[39;49;00m[90m[39;49;00m
E     [91m- LINE_0003[39;49;00m[90m[39;49;00m
__________ TestCheckSensitivePathMacOSBypass.test_etc_hosts_blocked ___________
[gw17] win32 -- Python 3.12.10 C:\Users\Simba\AppData\Local\Programs\Python\Python312\python.exe
tests\tools\test_file_write_safety.py:87: in test_etc_hosts_blocked
    assert _check_sensitive_path("/etc/hosts") is not None
E   AssertionError: assert None is not None
E    +  where None = <function _check_sensitive_path at 0x000002BD52F6A840>('/etc/hosts')
____________ TestTerminalOutputCleanliness.test_env_var_expansion _____________
[gw7] win32 -- Python 3.12.10 C:\Users\Simba\AppData\Local\Programs\Python\Python312\python.exe
tests\tools\test_file_tools_live.py:445: in test_env_var_expansion
    assert result["output"].strip() == str(Path.home())
E   AssertionError: assert '/c/Users/Simba' == 'C:\\Users\\Simba'
E     
E     [0m[91m- C:\Users\Simba[39;49;00m[90m[39;49;00m
E     [92m+ /c/Users/Simba[39;49;00m[90m[39;49;00m
----------------------------- Captured log setup ------------------------------
[32mINFO    [0m tools.environments.base:base.py:312 Session snapshot created (session=b9d1be1c0662, cwd=/c/Users/Simba/Desktop/DEV/duskHermes/d60)
______ TestCheckSensitivePathMacOSBypass.test_private_etc_hosts_blocked _______
[gw7] win32 -- Python 3.12.10 C:\Users\Simba\AppData\Local\Programs\Python\Python312\python.exe
tests\tools\test_file_write_safety.py:91: in test_private_etc_hosts_blocked
    assert _check_sensitive_path("/private/etc/hosts") is not None
E   AssertionError: assert None is not None
E    +  where None = <function _check_sensitive_path at 0x000002714CCBA840>('/private/etc/hosts')
_____________________ TestWriteFile.test_write_and_verify _____________________
[gw18] win32 -- Python 3.12.10 C:\Users\Simba\AppData\Local\Programs\Python\Python312\python.exe
tests\tools\test_file_tools_live.py:240: in test_write_and_verify
    assert result.bytes_written == len(SIMPLE_CONTENT.encode())
E   AssertionError: assert 23 == 20
E    +  where 23 = WriteResult(bytes_written=23, dirs_created=True, error=None, warning=None).bytes_written
E    +  and   20 = len(b'alpha\nbravo\ncharlie\n')
E    +    where b'alpha\nbravo\ncharlie\n' = <built-in method encode of str object at 0x000001C32A37F730>()
E    +      where <built-in method encode of str object at 0x000001C32A37F730> = 'alpha\nbravo\ncharlie\n'.encode
----------------------------- Captured log setup ------------------------------
[32mINFO    [0m tools.environments.base:base.py:312 Session snapshot created (session=4b7ec9f21e1d, cwd=/c/Users/Simba/Desktop/DEV/duskHermes/d60)
________________ TestLocalEnvironmentExecute.test_env_var_home ________________
[gw0] win32 -- Python 3.12.10 C:\Users\Simba\AppData\Local\Programs\Python\Python312\python.exe
tests\tools\test_file_tools_live.py:131: in test_env_var_home
    assert home == str(Path.home())
E   AssertionError: assert '/c/Users/Simba' == 'C:\\Users\\Simba'
E     
E     [0m[91m- C:\Users\Simba[39;49;00m[90m[39;49;00m
E     [92m+ /c/Users/Simba[39;49;00m[90m[39;49;00m
----------------------------- Captured log setup ------------------------------
[32mINFO    [0m tools.environments.base:base.py:312 Session snapshot created (session=9d413fba3c9e, cwd=/c/Users/Simba/Desktop/DEV/duskHermes/d60)
____________________ TestTerminalOutputCleanliness.test_wc ____________________
[gw14] win32 -- Python 3.12.10 C:\Users\Simba\AppData\Local\Programs\Python\Python312\python.exe
tests\tools\test_file_tools_live.py:432: in test_wc
    assert result["output"].strip() == "3"
E   AssertionError: assert '/usr/bin/bas... or directory' == '3'
E     
E     [0m[91m- 3[39;49;00m[90m[39;49;00m
E     [92m+ /usr/bin/bash: line 3: C:UsersSimbaAppDataLocalTemppytest-of-Simbapytest-407popen-gw14test_wc0wc_test.txt: No such file or directory[39;49;00m[90m[39;49;00m
___ TestFlushAfterCompression.test_flush_with_stale_history_loses_messages ____
[gw9] win32 -- Python 3.12.10 C:\Users\Simba\AppData\Local\Programs\Python\Python312\python.exe
..\..\..\..\AppData\Local\Programs\Python\Python312\Lib\shutil.py:633: in _rmtree_unsafe
    os.unlink(fullname)
E   PermissionError: [WinError 32] Dosya ba■ka bir i■lem taraf²ndan kullan²ld²­²ndan bu i■lem dosyaya eri■emiyor: 'C:\\Users\\Simba\\AppData\\Local\\Temp\\tmpnk6vusjs\\test.db'

During handling of the above exception, another exception occurred:
tests\run_agent\test_compression_persistence.py:106: in test_flush_with_stale_history_loses_messages
    with tempfile.TemporaryDirectory() as tmpdir:
         ^^^^^^^^^^^^^^^^^^^^^^^^^^^^^
..\..\..\..\AppData\Local\Programs\Python\Python312\Lib\tempfile.py:950: in __exit__
    self.cleanup()
..\..\..\..\AppData\Local\Programs\Python\Python312\Lib\tempfile.py:954: in cleanup
    self._rmtree(self.name, ignore_errors=self._ignore_cleanup_errors)
..\..\..\..\AppData\Local\Programs\Python\Python312\Lib\tempfile.py:934: in _rmtree
    _shutil.rmtree(name, onexc=onexc)
..\..\..\..\AppData\Local\Programs\Python\Python312\Lib\shutil.py:781: in rmtree
    return _rmtree_unsafe(path, onexc)
           ^^^^^^^^^^^^^^^^^^^^^^^^^^^
..\..\..\..\AppData\Local\Programs\Python\Python312\Lib\shutil.py:635: in _rmtree_unsafe
    onexc(os.unlink, fullname, err)
..\..\..\..\AppData\Local\Programs\Python\Python312\Lib\tempfile.py:909: in onexc
    _os.unlink(path)
E   PermissionError: [WinError 32] Dosya ba■ka bir i■lem taraf²ndan kullan²ld²­²ndan bu i■lem dosyaya eri■emiyor: 'C:\\Users\\Simba\\AppData\\Local\\Temp\\tmpnk6vusjs\\test.db'
------------------------------ Captured log call ------------------------------
[32mINFO    [0m agent.auxiliary_client:auxiliary_client.py:1197 Auxiliary auto-detect: using openrouter (google/gemini-3-flash-preview)
[32mINFO    [0m agent.auxiliary_client:auxiliary_client.py:1197 Auxiliary auto-detect: using openrouter (google/gemini-3-flash-preview)
__ TestFlushDeduplication.test_persist_session_multiple_calls_no_duplication __
[gw10] win32 -- Python 3.12.10 C:\Users\Simba\AppData\Local\Programs\Python\Python312\python.exe
..\..\..\..\AppData\Local\Programs\Python\Python312\Lib\shutil.py:633: in _rmtree_unsafe
    os.unlink(fullname)
E   PermissionError: [WinError 32] Dosya ba■ka bir i■lem taraf²ndan kullan²ld²­²ndan bu i■lem dosyaya eri■emiyor: 'C:\\Users\\Simba\\AppData\\Local\\Temp\\tmp4gdgfzvp\\test.db'

During handling of the above exception, another exception occurred:
tests\run_agent\test_860_dedup.py:104: in test_persist_session_multiple_calls_no_duplication
    with tempfile.TemporaryDirectory() as tmpdir:
         ^^^^^^^^^^^^^^^^^^^^^^^^^^^^^
..\..\..\..\AppData\Local\Programs\Python\Python312\Lib\tempfile.py:950: in __exit__
    self.cleanup()
..\..\..\..\AppData\Local\Programs\Python\Python312\Lib\tempfile.py:954: in cleanup
    self._rmtree(self.name, ignore_errors=self._ignore_cleanup_errors)
..\..\..\..\AppData\Local\Programs\Python\Python312\Lib\tempfile.py:934: in _rmtree
    _shutil.rmtree(name, onexc=onexc)
..\..\..\..\AppData\Local\Programs\Python\Python312\Lib\shutil.py:781: in rmtree
    return _rmtree_unsafe(path, onexc)
           ^^^^^^^^^^^^^^^^^^^^^^^^^^^
..\..\..\..\AppData\Local\Programs\Python\Python312\Lib\shutil.py:635: in _rmtree_unsafe
    onexc(os.unlink, fullname, err)
..\..\..\..\AppData\Local\Programs\Python\Python312\Lib\tempfile.py:909: in onexc
    _os.unlink(path)
E   PermissionError: [WinError 32] Dosya ba■ka bir i■lem taraf²ndan kullan²ld²­²ndan bu i■lem dosyaya eri■emiyor: 'C:\\Users\\Simba\\AppData\\Local\\Temp\\tmp4gdgfzvp\\test.db'
------------------------------ Captured log call ------------------------------
[32mINFO    [0m agent.auxiliary_client:auxiliary_client.py:1197 Auxiliary auto-detect: using openrouter (google/gemini-3-flash-preview)
[32mINFO    [0m agent.auxiliary_client:auxiliary_client.py:1197 Auxiliary auto-detect: using openrouter (google/gemini-3-flash-preview)
_________ TestFlushDeduplication.test_flush_writes_only_new_messages __________
[gw19] win32 -- Python 3.12.10 C:\Users\Simba\AppData\Local\Programs\Python\Python312\python.exe
..\..\..\..\AppData\Local\Programs\Python\Python312\Lib\shutil.py:633: in _rmtree_unsafe
    os.unlink(fullname)
E   PermissionError: [WinError 32] Dosya ba■ka bir i■lem taraf²ndan kullan²ld²­²ndan bu i■lem dosyaya eri■emiyor: 'C:\\Users\\Simba\\AppData\\Local\\Temp\\tmpizo9njbo\\test.db'

During handling of the above exception, another exception occurred:
tests\run_agent\test_860_dedup.py:45: in test_flush_writes_only_new_messages
    with tempfile.TemporaryDirectory() as tmpdir:
         ^^^^^^^^^^^^^^^^^^^^^^^^^^^^^
..\..\..\..\AppData\Local\Programs\Python\Python312\Lib\tempfile.py:950: in __exit__
    self.cleanup()
..\..\..\..\AppData\Local\Programs\Python\Python312\Lib\tempfile.py:954: in cleanup
    self._rmtree(self.name, ignore_errors=self._ignore_cleanup_errors)
..\..\..\..\AppData\Local\Programs\Python\Python312\Lib\tempfile.py:934: in _rmtree
    _shutil.rmtree(name, onexc=onexc)
..\..\..\..\AppData\Local\Programs\Python\Python312\Lib\shutil.py:781: in rmtree
    return _rmtree_unsafe(path, onexc)
           ^^^^^^^^^^^^^^^^^^^^^^^^^^^
..\..\..\..\AppData\Local\Programs\Python\Python312\Lib\shutil.py:635: in _rmtree_unsafe
    onexc(os.unlink, fullname, err)
..\..\..\..\AppData\Local\Programs\Python\Python312\Lib\tempfile.py:909: in onexc
    _os.unlink(path)
E   PermissionError: [WinError 32] Dosya ba■ka bir i■lem taraf²ndan kullan²ld²­²ndan bu i■lem dosyaya eri■emiyor: 'C:\\Users\\Simba\\AppData\\Local\\Temp\\tmpizo9njbo\\test.db'
------------------------------ Captured log call ------------------------------
[32mINFO    [0m agent.auxiliary_client:auxiliary_client.py:1197 Auxiliary auto-detect: using openrouter (google/gemini-3-flash-preview)
[32mINFO    [0m agent.auxiliary_client:auxiliary_client.py:1197 Auxiliary auto-detect: using openrouter (google/gemini-3-flash-preview)
_______________________ TestExpandPath.test_tilde_exact _______________________
[gw5] win32 -- Python 3.12.10 C:\Users\Simba\AppData\Local\Programs\Python\Python312\python.exe
tests\tools\test_file_tools_live.py:369: in test_tilde_exact
    assert result == expected
E   AssertionError: assert '/c/Users/Simba/test.txt' == 'C:\\Users\\Simba/test.txt'
E     
E     [0m[91m- C:\Users\Simba/test.txt[39;49;00m[90m[39;49;00m
E     ? ^^^     ^[90m[39;49;00m
E     [92m+ /c/Users/Simba/test.txt[39;49;00m[90m[39;49;00m
E     ? ^^^     ^[90m[39;49;00m
----------------------------- Captured log setup ------------------------------
[32mINFO    [0m tools.environments.base:base.py:312 Session snapshot created (session=686ffc446849, cwd=/c/Users/Simba/Desktop/DEV/duskHermes/d60)
____________________ TestTerminalOutputCleanliness.test_ls ____________________
[gw8] win32 -- Python 3.12.10 C:\Users\Simba\AppData\Local\Programs\Python\Python312\python.exe
tests\tools\test_file_tools_live.py:425: in test_ls
    assert "file_a.txt" in result["output"]
E   assert 'file_a.txt' in "ls: cannot access 'C:UsersSimbaAppDataLocalTemppytest-of-Simbapytest-407popen-gw8test_ls0': No such file or directory\n"
----------------------------- Captured log setup ------------------------------
[32mINFO    [0m tools.environments.base:base.py:312 Session snapshot created (session=a709f5bc5e52, cwd=/c/Users/Simba/Desktop/DEV/duskHermes/d60)
_ TestFlushMemoriesRespectsConfigTimeout.test_auxiliary_path_omits_explicit_timeout _
[gw9] win32 -- Python 3.12.10 C:\Users\Simba\AppData\Local\Programs\Python\Python312\python.exe
tests\run_agent\test_flush_memories_codex.py:111: in test_auxiliary_path_omits_explicit_timeout
    with patch("tools.memory_tool.memory_tool", return_value="Saved."):
         ^^^^^^^^^^^^^^^^^^^^^^^^^^^^^^^^^^^^^^^^^^^^^^^^^^^^^^^^^^^^^
..\..\..\..\AppData\Local\Programs\Python\Python312\Lib\unittest\mock.py:1451: in __enter__
    self.target = self.getter()
                  ^^^^^^^^^^^^^
..\..\..\..\AppData\Local\Programs\Python\Python312\Lib\pkgutil.py:528: in resolve_name
    result = getattr(result, p)
             ^^^^^^^^^^^^^^^^^^
E   AttributeError: module 'tools' has no attribute 'memory_tool'
------------------------------ Captured log call ------------------------------
[32mINFO    [0m agent.model_metadata:model_metadata.py:987 Could not detect context length for model '' at https://test.example.com/v1 ù defaulting to 128,000 tokens (probe-down). Set model.context_length in config.yaml to override.
[32mINFO    [0m agent.credential_pool:credential_pool.py:1167 Importing Codex CLI tokens into Hermes auth store.
[32mINFO    [0m agent.auxiliary_client:auxiliary_client.py:1194 Auxiliary auto-detect: using openai-codex (gpt-5.2-codex) ù skipped: openrouter, nous, local/custom
_______________________ TestExpandPath.test_bare_tilde ________________________
[gw18] win32 -- Python 3.12.10 C:\Users\Simba\AppData\Local\Programs\Python\Python312\python.exe
tests\tools\test_file_tools_live.py:380: in test_bare_tilde
    assert result == str(Path.home())
E   AssertionError: assert '/c/Users/Simba' == 'C:\\Users\\Simba'
E     
E     [0m[91m- C:\Users\Simba[39;49;00m[90m[39;49;00m
E     [92m+ /c/Users/Simba[39;49;00m[90m[39;49;00m
----------------------------- Captured log setup ------------------------------
[32mINFO    [0m tools.environments.base:base.py:312 Session snapshot created (session=6672e0e55176, cwd=/c/Users/Simba/Desktop/DEV/duskHermes/d60)
_ TestFlushMemoriesRespectsConfigTimeout.test_fallback_path_uses_config_timeout _
[gw9] win32 -- Python 3.12.10 C:\Users\Simba\AppData\Local\Programs\Python\Python312\python.exe
tests\run_agent\test_flush_memories_codex.py:133: in test_fallback_path_uses_config_timeout
    patch("tools.memory_tool.memory_tool", return_value="Saved."):
    ^^^^^^^^^^^^^^^^^^^^^^^^^^^^^^^^^^^^^^^^^^^^^^^^^^^^^^^^^^^^^
..\..\..\..\AppData\Local\Programs\Python\Python312\Lib\unittest\mock.py:1451: in __enter__
    self.target = self.getter()
                  ^^^^^^^^^^^^^
..\..\..\..\AppData\Local\Programs\Python\Python312\Lib\pkgutil.py:528: in resolve_name
    result = getattr(result, p)
             ^^^^^^^^^^^^^^^^^^
E   AttributeError: module 'tools' has no attribute 'memory_tool'
------------------------------ Captured log call ------------------------------
[32mINFO    [0m agent.model_metadata:model_metadata.py:987 Could not detect context length for model '' at https://test.example.com/v1 ù defaulting to 128,000 tokens (probe-down). Set model.context_length in config.yaml to override.
[32mINFO    [0m agent.credential_pool:credential_pool.py:1167 Importing Codex CLI tokens into Hermes auth store.
[32mINFO    [0m agent.auxiliary_client:auxiliary_client.py:1194 Auxiliary auto-detect: using openai-codex (gpt-5.2-codex) ù skipped: openrouter, nous, local/custom
___________ TestFlushDeduplication.test_flush_writes_incrementally ____________
[gw19] win32 -- Python 3.12.10 C:\Users\Simba\AppData\Local\Programs\Python\Python312\python.exe
..\..\..\..\AppData\Local\Programs\Python\Python312\Lib\shutil.py:633: in _rmtree_unsafe
    os.unlink(fullname)
E   PermissionError: [WinError 32] Dosya ba■ka bir i■lem taraf²ndan kullan²ld²­²ndan bu i■lem dosyaya eri■emiyor: 'C:\\Users\\Simba\\AppData\\Local\\Temp\\tmpzy4aon_d\\test.db'

During handling of the above exception, another exception occurred:
tests\run_agent\test_860_dedup.py:75: in test_flush_writes_incrementally
    with tempfile.TemporaryDirectory() as tmpdir:
         ^^^^^^^^^^^^^^^^^^^^^^^^^^^^^
..\..\..\..\AppData\Local\Programs\Python\Python312\Lib\tempfile.py:950: in __exit__
    self.cleanup()
..\..\..\..\AppData\Local\Programs\Python\Python312\Lib\tempfile.py:954: in cleanup
    self._rmtree(self.name, ignore_errors=self._ignore_cleanup_errors)
..\..\..\..\AppData\Local\Programs\Python\Python312\Lib\tempfile.py:934: in _rmtree
    _shutil.rmtree(name, onexc=onexc)
..\..\..\..\AppData\Local\Programs\Python\Python312\Lib\shutil.py:781: in rmtree
    return _rmtree_unsafe(path, onexc)
           ^^^^^^^^^^^^^^^^^^^^^^^^^^^
..\..\..\..\AppData\Local\Programs\Python\Python312\Lib\shutil.py:635: in _rmtree_unsafe
    onexc(os.unlink, fullname, err)
..\..\..\..\AppData\Local\Programs\Python\Python312\Lib\tempfile.py:909: in onexc
    _os.unlink(path)
E   PermissionError: [WinError 32] Dosya ba■ka bir i■lem taraf²ndan kullan²ld²­²ndan bu i■lem dosyaya eri■emiyor: 'C:\\Users\\Simba\\AppData\\Local\\Temp\\tmpzy4aon_d\\test.db'
------------------------------ Captured log call ------------------------------
[32mINFO    [0m agent.auxiliary_client:auxiliary_client.py:1197 Auxiliary auto-detect: using openrouter (google/gemini-3-flash-preview)
[32mINFO    [0m agent.auxiliary_client:auxiliary_client.py:1197 Auxiliary auto-detect: using openrouter (google/gemini-3-flash-preview)
__________ TestFlushDeduplication.test_flush_reset_after_compression __________
[gw10] win32 -- Python 3.12.10 C:\Users\Simba\AppData\Local\Programs\Python\Python312\python.exe
..\..\..\..\AppData\Local\Programs\Python\Python312\Lib\shutil.py:633: in _rmtree_unsafe
    os.unlink(fullname)
E   PermissionError: [WinError 32] Dosya ba■ka bir i■lem taraf²ndan kullan²ld²­²ndan bu i■lem dosyaya eri■emiyor: 'C:\\Users\\Simba\\AppData\\Local\\Temp\\tmpdbsbdrou\\test.db'

During handling of the above exception, another exception occurred:
tests\run_agent\test_860_dedup.py:131: in test_flush_reset_after_compression
    with tempfile.TemporaryDirectory() as tmpdir:
         ^^^^^^^^^^^^^^^^^^^^^^^^^^^^^
..\..\..\..\AppData\Local\Programs\Python\Python312\Lib\tempfile.py:950: in __exit__
    self.cleanup()
..\..\..\..\AppData\Local\Programs\Python\Python312\Lib\tempfile.py:954: in cleanup
    self._rmtree(self.name, ignore_errors=self._ignore_cleanup_errors)
..\..\..\..\AppData\Local\Programs\Python\Python312\Lib\tempfile.py:934: in _rmtree
    _shutil.rmtree(name, onexc=onexc)
..\..\..\..\AppData\Local\Programs\Python\Python312\Lib\shutil.py:781: in rmtree
    return _rmtree_unsafe(path, onexc)
           ^^^^^^^^^^^^^^^^^^^^^^^^^^^
..\..\..\..\AppData\Local\Programs\Python\Python312\Lib\shutil.py:635: in _rmtree_unsafe
    onexc(os.unlink, fullname, err)
..\..\..\..\AppData\Local\Programs\Python\Python312\Lib\tempfile.py:909: in onexc
    _os.unlink(path)
E   PermissionError: [WinError 32] Dosya ba■ka bir i■lem taraf²ndan kullan²ld²­²ndan bu i■lem dosyaya eri■emiyor: 'C:\\Users\\Simba\\AppData\\Local\\Temp\\tmpdbsbdrou\\test.db'
------------------------------ Captured log call ------------------------------
[32mINFO    [0m agent.auxiliary_client:auxiliary_client.py:1197 Auxiliary auto-detect: using openrouter (google/gemini-3-flash-preview)
[32mINFO    [0m agent.auxiliary_client:auxiliary_client.py:1197 Auxiliary auto-detect: using openrouter (google/gemini-3-flash-preview)
____ test_gateway_stop_interrupts_running_agents_and_cancels_adapter_tasks ____
[gw13] win32 -- Python 3.12.10 C:\Users\Simba\AppData\Local\Programs\Python\Python312\python.exe
tests\gateway\test_gateway_shutdown.py:64: in test_gateway_stop_interrupts_running_agents_and_cancels_adapter_tasks
    await runner.stop()
gateway\run.py:2318: in stop
    await self._stop_task
gateway\run.py:2265: in _stop_impl
    self._stop_tailscale_serve()
gateway\run.py:1414: in _stop_tailscale_serve
    if not self._tailscale_serve_active or self._tailscale_serve_port is None:
           ^^^^^^^^^^^^^^^^^^^^^^^^^^^^
E   AttributeError: 'GatewayRunner' object has no attribute '_tailscale_serve_active'
---------------------------- Captured stderr call -----------------------------
--- Logging error ---\nTraceback (most recent call last):\n  File "C:\\Users\\Simba\\AppData\\Local\\Programs\\Python\\Python312\\Lib\\logging\\__init__.py", line 1163, in emit\n    stream.write(msg + self.terminator)\n  File "C:\\Users\\Simba\\AppData\\Local\\Programs\\Python\\Python312\\Lib\\encodings\\cp1254.py", line 19, in encode\n    return codecs.charmap_encode(input,self.errors,encoding_table)[0]\n           ^^^^^^^^^^^^^^^^^^^^^^^^^^^^^^^^^^^^^^^^^^^^^^^^^^^^^^^\nUnicodeEncodeError: 'charmap' codec can't encode character '\\u2713' in position 42: character maps to <undefined>\nCall stack:\n  File "<string>", line 1, in <module>\n  File "<string>", line 8, in <module>\n  File "C:\\Users\\Simba\\AppData\\Local\\Programs\\Python\\Python312\\Lib\\site-packages\\execnet\\gateway_base.py", line 1806, in serve\n    WorkerGateway(io=io, id=id, _startcount=2).serve()\n  File "C:\\Users\\Simba\\AppData\\Local\\Programs\\Python\\Python312\\Lib\\site-packages\\execnet\\gateway_base.py", line 1273, in serve\n    self._execpool.integrate_as_primary_thread()\n  File "C:\\Users\\Simba\\AppData\\Local\\Programs\\Python\\Python312\\Lib\\site-packages\\execnet\\gateway_base.py", line 389, in integrate_as_primary_thread\n    self._perform_spawn(reply)\n  File "C:\\Users\\Simba\\AppData\\Local\\Programs\\Python\\Python312\\Lib\\site-packages\\execnet\\gateway_base.py", line 411, in _perform_spawn\n    reply.run()\n  File "C:\\Users\\Simba\\AppData\\Local\\Programs\\Python\\Python312\\Lib\\site-packages\\execnet\\gateway_base.py", line 341, in run\n    self._result = func(*args, **kwargs)\n  File "C:\\Users\\Simba\\AppData\\Local\\Programs\\Python\\Python312\\Lib\\site-packages\\execnet\\gateway_base.py", line 1291, in executetask\n    exec(co, loc)\n  File "C:\\Users\\Simba\\AppData\\Local\\Programs\\Python\\Python312\\Lib\\site-packages\\xdist\\remote.py", line 427, in <module>\n    config.hook.pytest_cmdline_main(config=config)\n  File "C:\\Users\\Simba\\AppData\\Local\\Programs\\Python\\Python312\\Lib\\site-packages\\pluggy\\_hooks.py", line 512, in __call__\n    return self._hookexec(self.name, self._hookimpls.copy(), kwargs, firstresult)\n  File "C:\\Users\\Simba\\AppData\\Local\\Programs\\Python\\Python312\\Lib\\site-packages\\pluggy\\_manager.py", line 120, in _hookexec\n    return self._inner_hookexec(hook_name, methods, kwargs, firstresult)\n  File "C:\\Users\\Simba\\AppData\\Local\\Programs\\Python\\Python312\\Lib\\site-packages\\pluggy\\_callers.py", line 121, in _multicall\n    res = hook_impl.function(*args)\n  File "C:\\Users\\Simba\\AppData\\Local\\Programs\\Python\\Python312\\Lib\\site-packages\\_pytest\\main.py", line 365, in pytest_cmdline_main\n    return wrap_session(config, _main)\n  File "C:\\Users\\Simba\\AppData\\Local\\Programs\\Python\\Python312\\Lib\\site-packages\\_pytest\\main.py", line 318, in wrap_session\n    session.exitstatus = doit(config, session) or 0\n  File "C:\\Users\\Simba\\AppData\\Local\\Programs\\Python\\Python312\\Lib\\site-packages\\_pytest\\main.py", line 372, in _main\n    config.hook.pytest_runtestloop(session=session)\n  File "C:\\Users\\Simba\\AppData\\Local\\Programs\\Python\\Python312\\Lib\\site-packages\\pluggy\\_hooks.py", line 512, in __call__\n    return self._hookexec(self.name, self._hookimpls.copy(), kwargs, firstresult)\n  File "C:\\Users\\Simba\\AppData\\Local\\Programs\\Python\\Python312\\Lib\\site-packages\\pluggy\\_manager.py", line 120, in _hookexec\n    return self._inner_hookexec(hook_name, methods, kwargs, firstresult)\n  File "C:\\Users\\Simba\\AppData\\Local\\Programs\\Python\\Python312\\Lib\\site-packages\\pluggy\\_callers.py", line 121, in _multicall\n    res = hook_impl.function(*args)\n  File "C:\\Users\\Simba\\AppData\\Local\\Programs\\Python\\Python312\\Lib\\site-packages\\xdist\\remote.py", line 206, in pytest_runtestloop\n    self.run_one_test()\n  File "C:\\Users\\Simba\\AppData\\Local\\Programs\\Python\\Python312\\Lib\\site-packages\\xdist\\remote.py", line 227, in run_one_test\n    self.config.hook.pytest_runtest_protocol(item=item, nextitem=nextitem)\n  File "C:\\Users\\Simba\\AppData\\Local\\Programs\\Python\\Python312\\Lib\\site-packages\\pluggy\\_hooks.py", line 512, in __call__\n    return self._hookexec(self.name, self._hookimpls.copy(), kwargs, firstresult)\n  File "C:\\Users\\Simba\\AppData\\Local\\Programs\\Python\\Python312\\Lib\\site-packages\\pluggy\\_manager.py", line 120, in _hookexec\n    return self._inner_hookexec(hook_name, methods, kwargs, firstresult)\n  File "C:\\Users\\Simba\\AppData\\Local\\Programs\\Python\\Python312\\Lib\\site-packages\\pluggy\\_callers.py", line 121, in _multicall\n    res = hook_impl.function(*args)\n  File "C:\\Users\\Simba\\AppData\\Local\\Programs\\Python\\Python312\\Lib\\site-packages\\_pytest\\runner.py", line 118, in pytest_runtest_protocol\n    runtestprotocol(item, nextitem=nextitem)\n  File "C:\\Users\\Simba\\AppData\\Local\\Programs\\Python\\Python312\\Lib\\site-packages\\_pytest\\runner.py", line 137, in runtestprotocol\n    reports.append(call_and_report(item, "call", log))\n  File "C:\\Users\\Simba\\AppData\\Local\\Programs\\Python\\Python312\\Lib\\site-packages\\_pytest\\runner.py", line 244, in call_and_report\n    call = CallInfo.from_call(\n  File "C:\\Users\\Simba\\AppData\\Local\\Programs\\Python\\Python312\\Lib\\site-packages\\_pytest\\runner.py", line 353, in from_call\n    result: TResult | None = func()\n  File "C:\\Users\\Simba\\AppData\\Local\\Programs\\Python\\Python312\\Lib\\site-packages\\_pytest\\runner.py", line 245, in <lambda>\n    lambda: runtest_hook(item=item, **kwds),\n  File "C:\\Users\\Simba\\AppData\\Local\\Programs\\Python\\Python312\\Lib\\site-packages\\pluggy\\_hooks.py", line 512, in __call__\n    return self._hookexec(self.name, self._hookimpls.copy(), kwargs, firstresult)\n  File "C:\\Users\\Simba\\AppData\\Local\\Programs\\Python\\Python312\\Lib\\site-packages\\pluggy\\_manager.py", line 120, in _hookexec\n    return self._inner_hookexec(hook_name, methods, kwargs, firstresult)\n  File "C:\\Users\\Simba\\AppData\\Local\\Programs\\Python\\Python312\\Lib\\site-packages\\pluggy\\_callers.py", line 121, in _multicall\n    res = hook_impl.function(*args)\n  File "C:\\Users\\Simba\\AppData\\Local\\Programs\\Python\\Python312\\Lib\\site-packages\\_pytest\\runner.py", line 179, in pytest_runtest_call\n    item.runtest()\n  File "C:\\Users\\Simba\\AppData\\Local\\Programs\\Python\\Python312\\Lib\\site-packages\\pytest_asyncio\\plugin.py", line 469, in runtest\n    super().runtest()\n  File "C:\\Users\\Simba\\AppData\\Local\\Programs\\Python\\Python312\\Lib\\site-packages\\_pytest\\python.py", line 1720, in runtest\n    self.ihook.pytest_pyfunc_call(pyfuncitem=self)\n  File "C:\\Users\\Simba\\AppData\\Local\\Programs\\Python\\Python312\\Lib\\site-packages\\pluggy\\_hooks.py", line 512, in __call__\n    return self._hookexec(self.name, self._hookimpls.copy(), kwargs, firstresult)\n  File "C:\\Users\\Simba\\AppData\\Local\\Programs\\Python\\Python312\\Lib\\site-packages\\pluggy\\_manager.py", line 120, in _hookexec\n    return self._inner_hookexec(hook_name, methods, kwargs, firstresult)\n  File "C:\\Users\\Simba\\AppData\\Local\\Programs\\Python\\Python312\\Lib\\site-packages\\pluggy\\_callers.py", line 121, in _multicall\n    res = hook_impl.function(*args)\n  File "C:\\Users\\Simba\\AppData\\Local\\Programs\\Python\\Python312\\Lib\\site-packages\\_pytest\\python.py", line 166, in pytest_pyfunc_call\n    result = testfunction(**testargs)\n  File "C:\\Users\\Simba\\AppData\\Local\\Programs\\Python\\Python312\\Lib\\site-packages\\pytest_asyncio\\plugin.py", line 716, in inner\n    runner.run(coro, context=context)\n  File "C:\\Users\\Simba\\AppData\\Local\\Programs\\Python\\Python312\\Lib\\asyncio\\runners.py", line 118, in run\n    return self._loop.run_until_complete(task)\n  File "C:\\Users\\Simba\\AppData\\Local\\Programs\\Python\\Python312\\Lib\\asyncio\\base_events.py", line 678, in run_until_complete\n    self.run_forever()\n  File "C:\\Users\\Simba\\AppData\\Local\\Programs\\Python\\Python312\\Lib\\asyncio\\windows_events.py", line 322, in run_forever\n    super().run_forever()\n  File "C:\\Users\\Simba\\AppData\\Local\\Programs\\Python\\Python312\\Lib\\asyncio\\base_events.py", line 645, in run_forever\n    self._run_once()\n  File "C:\\Users\\Simba\\AppData\\Local\\Programs\\Python\\Python312\\Lib\\asyncio\\base_events.py", line 1999, in _run_once\n    handle._run()\n  File "C:\\Users\\Simba\\AppData\\Local\\Programs\\Python\\Python312\\Lib\\asyncio\\events.py", line 88, in _run\n    self._context.run(self._callback, *self._args)\n  File "C:\\Users\\Simba\\Desktop\\DEV\\duskHermes\\d60\\gateway\\run.py", line 2261, in _stop_impl\n    logger.info("\u2713 %s disconnected", platform.value)\nMessage: '\u2713 %s disconnected'\nArguments: ('telegram',)
------------------------------ Captured log call ------------------------------
\x1b[32mINFO    \x1b[0m gateway.run:run.py:2223 Stopping gateway...\n\x1b[33mWARNING \x1b[0m gateway.run:run.py:2233 Gateway drain timed out after 0.0s with 1 active agent(s); interrupting remaining work.\n\x1b[32mINFO    \x1b[0m gateway.run:run.py:2261 \u2713 telegram disconnected
_______________ test_shutdown_fires_finalize_for_active_agents ________________
[gw2] win32 -- Python 3.12.10 C:\Users\Simba\AppData\Local\Programs\Python\Python312\python.exe
tests\gateway\test_session_boundary_hooks.py:149: in test_shutdown_fires_finalize_for_active_agents
    await runner.stop()
gateway\run.py:2318: in stop
    await self._stop_task
gateway\run.py:2265: in _stop_impl
    self._stop_tailscale_serve()
gateway\run.py:1414: in _stop_tailscale_serve
    if not self._tailscale_serve_active or self._tailscale_serve_port is None:
           ^^^^^^^^^^^^^^^^^^^^^^^^^^^^
E   AttributeError: 'GatewayRunner' object has no attribute '_tailscale_serve_active'
---------------------------- Captured stderr call -----------------------------
INFO gateway.run: Stopping gateway...
WARNING gateway.run: Gateway drain timed out after 0.0s with 2 active agent(s); interrupting remaining work.
------------------------------ Captured log call ------------------------------
[32mINFO    [0m gateway.run:run.py:2223 Stopping gateway...
[33mWARNING [0m gateway.run:run.py:2233 Gateway drain timed out after 0.0s with 2 active agent(s); interrupting remaining work.
___________ test_session_hygiene_messages_stay_in_originating_topic ___________
[gw2] win32 -- Python 3.12.10 C:\Users\Simba\AppData\Local\Programs\Python\Python312\python.exe
tests\gateway\test_session_hygiene.py:383: in test_session_hygiene_messages_stay_in_originating_topic
    assert result == "ok"
E   AssertionError: assert None == 'ok'
__________ test_gateway_stop_drains_running_agents_before_disconnect __________
[gw13] win32 -- Python 3.12.10 C:\Users\Simba\AppData\Local\Programs\Python\Python312\python.exe
tests\gateway\test_gateway_shutdown.py:91: in test_gateway_stop_drains_running_agents_before_disconnect
    await runner.stop()
gateway\run.py:2318: in stop
    await self._stop_task
gateway\run.py:2265: in _stop_impl
    self._stop_tailscale_serve()
gateway\run.py:1414: in _stop_tailscale_serve
    if not self._tailscale_serve_active or self._tailscale_serve_port is None:
           ^^^^^^^^^^^^^^^^^^^^^^^^^^^^
E   AttributeError: 'GatewayRunner' object has no attribute '_tailscale_serve_active'
---------------------------- Captured stderr call -----------------------------
--- Logging error ---\nTraceback (most recent call last):\n  File "C:\\Users\\Simba\\AppData\\Local\\Programs\\Python\\Python312\\Lib\\logging\\__init__.py", line 1163, in emit\n    stream.write(msg + self.terminator)\n  File "C:\\Users\\Simba\\AppData\\Local\\Programs\\Python\\Python312\\Lib\\encodings\\cp1254.py", line 19, in encode\n    return codecs.charmap_encode(input,self.errors,encoding_table)[0]\n           ^^^^^^^^^^^^^^^^^^^^^^^^^^^^^^^^^^^^^^^^^^^^^^^^^^^^^^^\nUnicodeEncodeError: 'charmap' codec can't encode character '\\u2713' in position 42: character maps to <undefined>\nCall stack:\n  File "<string>", line 1, in <module>\n  File "<string>", line 8, in <module>\n  File "C:\\Users\\Simba\\AppData\\Local\\Programs\\Python\\Python312\\Lib\\site-packages\\execnet\\gateway_base.py", line 1806, in serve\n    WorkerGateway(io=io, id=id, _startcount=2).serve()\n  File "C:\\Users\\Simba\\AppData\\Local\\Programs\\Python\\Python312\\Lib\\site-packages\\execnet\\gateway_base.py", line 1273, in serve\n    self._execpool.integrate_as_primary_thread()\n  File "C:\\Users\\Simba\\AppData\\Local\\Programs\\Python\\Python312\\Lib\\site-packages\\execnet\\gateway_base.py", line 389, in integrate_as_primary_thread\n    self._perform_spawn(reply)\n  File "C:\\Users\\Simba\\AppData\\Local\\Programs\\Python\\Python312\\Lib\\site-packages\\execnet\\gateway_base.py", line 411, in _perform_spawn\n    reply.run()\n  File "C:\\Users\\Simba\\AppData\\Local\\Programs\\Python\\Python312\\Lib\\site-packages\\execnet\\gateway_base.py", line 341, in run\n    self._result = func(*args, **kwargs)\n  File "C:\\Users\\Simba\\AppData\\Local\\Programs\\Python\\Python312\\Lib\\site-packages\\execnet\\gateway_base.py", line 1291, in executetask\n    exec(co, loc)\n  File "C:\\Users\\Simba\\AppData\\Local\\Programs\\Python\\Python312\\Lib\\site-packages\\xdist\\remote.py", line 427, in <module>\n    config.hook.pytest_cmdline_main(config=config)\n  File "C:\\Users\\Simba\\AppData\\Local\\Programs\\Python\\Python312\\Lib\\site-packages\\pluggy\\_hooks.py", line 512, in __call__\n    return self._hookexec(self.name, self._hookimpls.copy(), kwargs, firstresult)\n  File "C:\\Users\\Simba\\AppData\\Local\\Programs\\Python\\Python312\\Lib\\site-packages\\pluggy\\_manager.py", line 120, in _hookexec\n    return self._inner_hookexec(hook_name, methods, kwargs, firstresult)\n  File "C:\\Users\\Simba\\AppData\\Local\\Programs\\Python\\Python312\\Lib\\site-packages\\pluggy\\_callers.py", line 121, in _multicall\n    res = hook_impl.function(*args)\n  File "C:\\Users\\Simba\\AppData\\Local\\Programs\\Python\\Python312\\Lib\\site-packages\\_pytest\\main.py", line 365, in pytest_cmdline_main\n    return wrap_session(config, _main)\n  File "C:\\Users\\Simba\\AppData\\Local\\Programs\\Python\\Python312\\Lib\\site-packages\\_pytest\\main.py", line 318, in wrap_session\n    session.exitstatus = doit(config, session) or 0\n  File "C:\\Users\\Simba\\AppData\\Local\\Programs\\Python\\Python312\\Lib\\site-packages\\_pytest\\main.py", line 372, in _main\n    config.hook.pytest_runtestloop(session=session)\n  File "C:\\Users\\Simba\\AppData\\Local\\Programs\\Python\\Python312\\Lib\\site-packages\\pluggy\\_hooks.py", line 512, in __call__\n    return self._hookexec(self.name, self._hookimpls.copy(), kwargs, firstresult)\n  File "C:\\Users\\Simba\\AppData\\Local\\Programs\\Python\\Python312\\Lib\\site-packages\\pluggy\\_manager.py", line 120, in _hookexec\n    return self._inner_hookexec(hook_name, methods, kwargs, firstresult)\n  File "C:\\Users\\Simba\\AppData\\Local\\Programs\\Python\\Python312\\Lib\\site-packages\\pluggy\\_callers.py", line 121, in _multicall\n    res = hook_impl.function(*args)\n  File "C:\\Users\\Simba\\AppData\\Local\\Programs\\Python\\Python312\\Lib\\site-packages\\xdist\\remote.py", line 206, in pytest_runtestloop\n    self.run_one_test()\n  File "C:\\Users\\Simba\\AppData\\Local\\Programs\\Python\\Python312\\Lib\\site-packages\\xdist\\remote.py", line 227, in run_one_test\n    self.config.hook.pytest_runtest_protocol(item=item, nextitem=nextitem)\n  File "C:\\Users\\Simba\\AppData\\Local\\Programs\\Python\\Python312\\Lib\\site-packages\\pluggy\\_hooks.py", line 512, in __call__\n    return self._hookexec(self.name, self._hookimpls.copy(), kwargs, firstresult)\n  File "C:\\Users\\Simba\\AppData\\Local\\Programs\\Python\\Python312\\Lib\\site-packages\\pluggy\\_manager.py", line 120, in _hookexec\n    return self._inner_hookexec(hook_name, methods, kwargs, firstresult)\n  File "C:\\Users\\Simba\\AppData\\Local\\Programs\\Python\\Python312\\Lib\\site-packages\\pluggy\\_callers.py", line 121, in _multicall\n    res = hook_impl.function(*args)\n  File "C:\\Users\\Simba\\AppData\\Local\\Programs\\Python\\Python312\\Lib\\site-packages\\_pytest\\runner.py", line 118, in pytest_runtest_protocol\n    runtestprotocol(item, nextitem=nextitem)\n  File "C:\\Users\\Simba\\AppData\\Local\\Programs\\Python\\Python312\\Lib\\site-packages\\_pytest\\runner.py", line 137, in runtestprotocol\n    reports.append(call_and_report(item, "call", log))\n  File "C:\\Users\\Simba\\AppData\\Local\\Programs\\Python\\Python312\\Lib\\site-packages\\_pytest\\runner.py", line 244, in call_and_report\n    call = CallInfo.from_call(\n  File "C:\\Users\\Simba\\AppData\\Local\\Programs\\Python\\Python312\\Lib\\site-packages\\_pytest\\runner.py", line 353, in from_call\n    result: TResult | None = func()\n  File "C:\\Users\\Simba\\AppData\\Local\\Programs\\Python\\Python312\\Lib\\site-packages\\_pytest\\runner.py", line 245, in <lambda>\n    lambda: runtest_hook(item=item, **kwds),\n  File "C:\\Users\\Simba\\AppData\\Local\\Programs\\Python\\Python312\\Lib\\site-packages\\pluggy\\_hooks.py", line 512, in __call__\n    return self._hookexec(self.name, self._hookimpls.copy(), kwargs, firstresult)\n  File "C:\\Users\\Simba\\AppData\\Local\\Programs\\Python\\Python312\\Lib\\site-packages\\pluggy\\_manager.py", line 120, in _hookexec\n    return self._inner_hookexec(hook_name, methods, kwargs, firstresult)\n  File "C:\\Users\\Simba\\AppData\\Local\\Programs\\Python\\Python312\\Lib\\site-packages\\pluggy\\_callers.py", line 121, in _multicall\n    res = hook_impl.function(*args)\n  File "C:\\Users\\Simba\\AppData\\Local\\Programs\\Python\\Python312\\Lib\\site-packages\\_pytest\\runner.py", line 179, in pytest_runtest_call\n    item.runtest()\n  File "C:\\Users\\Simba\\AppData\\Local\\Programs\\Python\\Python312\\Lib\\site-packages\\pytest_asyncio\\plugin.py", line 469, in runtest\n    super().runtest()\n  File "C:\\Users\\Simba\\AppData\\Local\\Programs\\Python\\Python312\\Lib\\site-packages\\_pytest\\python.py", line 1720, in runtest\n    self.ihook.pytest_pyfunc_call(pyfuncitem=self)\n  File "C:\\Users\\Simba\\AppData\\Local\\Programs\\Python\\Python312\\Lib\\site-packages\\pluggy\\_hooks.py", line 512, in __call__\n    return self._hookexec(self.name, self._hookimpls.copy(), kwargs, firstresult)\n  File "C:\\Users\\Simba\\AppData\\Local\\Programs\\Python\\Python312\\Lib\\site-packages\\pluggy\\_manager.py", line 120, in _hookexec\n    return self._inner_hookexec(hook_name, methods, kwargs, firstresult)\n  File "C:\\Users\\Simba\\AppData\\Local\\Programs\\Python\\Python312\\Lib\\site-packages\\pluggy\\_callers.py", line 121, in _multicall\n    res = hook_impl.function(*args)\n  File "C:\\Users\\Simba\\AppData\\Local\\Programs\\Python\\Python312\\Lib\\site-packages\\_pytest\\python.py", line 166, in pytest_pyfunc_call\n    result = testfunction(**testargs)\n  File "C:\\Users\\Simba\\AppData\\Local\\Programs\\Python\\Python312\\Lib\\site-packages\\pytest_asyncio\\plugin.py", line 716, in inner\n    runner.run(coro, context=context)\n  File "C:\\Users\\Simba\\AppData\\Local\\Programs\\Python\\Python312\\Lib\\asyncio\\runners.py", line 118, in run\n    return self._loop.run_until_complete(task)\n  File "C:\\Users\\Simba\\AppData\\Local\\Programs\\Python\\Python312\\Lib\\asyncio\\base_events.py", line 678, in run_until_complete\n    self.run_forever()\n  File "C:\\Users\\Simba\\AppData\\Local\\Programs\\Python\\Python312\\Lib\\asyncio\\windows_events.py", line 322, in run_forever\n    super().run_forever()\n  File "C:\\Users\\Simba\\AppData\\Local\\Programs\\Python\\Python312\\Lib\\asyncio\\base_events.py", line 645, in run_forever\n    self._run_once()\n  File "C:\\Users\\Simba\\AppData\\Local\\Programs\\Python\\Python312\\Lib\\asyncio\\base_events.py", line 1999, in _run_once\n    handle._run()\n  File "C:\\Users\\Simba\\AppData\\Local\\Programs\\Python\\Python312\\Lib\\asyncio\\events.py", line 88, in _run\n    self._context.run(self._callback, *self._args)\n  File "C:\\Users\\Simba\\Desktop\\DEV\\duskHermes\\d60\\gateway\\run.py", line 2261, in _stop_impl\n    logger.info("\u2713 %s disconnected", platform.value)\nMessage: '\u2713 %s disconnected'\nArguments: ('telegram',)
------------------------------ Captured log call ------------------------------
\x1b[32mINFO    \x1b[0m gateway.run:run.py:2223 Stopping gateway...\n\x1b[32mINFO    \x1b[0m gateway.run:run.py:2261 \u2713 telegram disconnected
__ TestFlushAfterCompression.test_flush_after_compression_with_long_history ___
[gw10] win32 -- Python 3.12.10 C:\Users\Simba\AppData\Local\Programs\Python\Python312\python.exe
..\..\..\..\AppData\Local\Programs\Python\Python312\Lib\shutil.py:633: in _rmtree_unsafe
    os.unlink(fullname)
E   PermissionError: [WinError 32] Dosya ba■ka bir i■lem taraf²ndan kullan²ld²­²ndan bu i■lem dosyaya eri■emiyor: 'C:\\Users\\Simba\\AppData\\Local\\Temp\\tmp0k4rfdau\\test.db'

During handling of the above exception, another exception occurred:
tests\run_agent\test_compression_persistence.py:59: in test_flush_after_compression_with_long_history
    with tempfile.TemporaryDirectory() as tmpdir:
         ^^^^^^^^^^^^^^^^^^^^^^^^^^^^^
..\..\..\..\AppData\Local\Programs\Python\Python312\Lib\tempfile.py:950: in __exit__
    self.cleanup()
..\..\..\..\AppData\Local\Programs\Python\Python312\Lib\tempfile.py:954: in cleanup
    self._rmtree(self.name, ignore_errors=self._ignore_cleanup_errors)
..\..\..\..\AppData\Local\Programs\Python\Python312\Lib\tempfile.py:934: in _rmtree
    _shutil.rmtree(name, onexc=onexc)
..\..\..\..\AppData\Local\Programs\Python\Python312\Lib\shutil.py:781: in rmtree
    return _rmtree_unsafe(path, onexc)
           ^^^^^^^^^^^^^^^^^^^^^^^^^^^
..\..\..\..\AppData\Local\Programs\Python\Python312\Lib\shutil.py:635: in _rmtree_unsafe
    onexc(os.unlink, fullname, err)
..\..\..\..\AppData\Local\Programs\Python\Python312\Lib\tempfile.py:909: in onexc
    _os.unlink(path)
E   PermissionError: [WinError 32] Dosya ba■ka bir i■lem taraf²ndan kullan²ld²­²ndan bu i■lem dosyaya eri■emiyor: 'C:\\Users\\Simba\\AppData\\Local\\Temp\\tmp0k4rfdau\\test.db'
------------------------------ Captured log call ------------------------------
[32mINFO    [0m agent.auxiliary_client:auxiliary_client.py:1197 Auxiliary auto-detect: using openrouter (google/gemini-3-flash-preview)
[32mINFO    [0m agent.auxiliary_client:auxiliary_client.py:1197 Auxiliary auto-detect: using openrouter (google/gemini-3-flash-preview)
_______ TestCheckpoint.test_detached_recovered_process_eventually_exits _______
[gw11] win32 -- Python 3.12.10 C:\Users\Simba\AppData\Local\Programs\Python\Python312\python.exe
tests\tools\test_process_registry.py:561: in test_detached_recovered_process_eventually_exits
    assert _wait_until(
E   assert False
E    +  where False = _wait_until(<function TestCheckpoint.test_detached_recovered_process_eventually_exits.<locals>.<lambda> at 0x00000197FD0325C0>, timeout=5)
------------------------------ Captured log call ------------------------------
[32mINFO    [0m tools.process_registry:process_registry.py:1061 Recovered detached process: python -c 'import time; time.sleep(0.4)' (pid=26948)
__________ TestComputeRelativeDest.test_preserves_category_structure __________
[gw11] win32 -- Python 3.12.10 C:\Users\Simba\AppData\Local\Programs\Python\Python312\python.exe
tests\tools\test_skills_sync.py:172: in test_preserves_category_structure
    assert str(dest).endswith("mlops/axolotl")
E   AssertionError: assert False
E    +  where False = <built-in method endswith of str object at 0x00000197FC6B1E30>('mlops/axolotl')
E    +    where <built-in method endswith of str object at 0x00000197FC6B1E30> = 'C:\\Users\\Simba\\.hermes\\skills\\mlops\\axolotl'.endswith
E    +      where 'C:\\Users\\Simba\\.hermes\\skills\\mlops\\axolotl' = str(WindowsPath('C:/Users/Simba/.hermes/skills/mlops/axolotl'))
________________________ test_shutdown_skips_sentinel _________________________
[gw2] win32 -- Python 3.12.10 C:\Users\Simba\AppData\Local\Programs\Python\Python312\python.exe
tests\gateway\test_session_race_guard.py:350: in test_shutdown_skips_sentinel
    await runner.stop()
gateway\run.py:2318: in stop
    await self._stop_task
gateway\run.py:2265: in _stop_impl
    self._stop_tailscale_serve()
gateway\run.py:1414: in _stop_tailscale_serve
    if not self._tailscale_serve_active or self._tailscale_serve_port is None:
           ^^^^^^^^^^^^^^^^^^^^^^^^^^^^
E   AttributeError: 'GatewayRunner' object has no attribute '_tailscale_serve_active'
---------------------------- Captured stderr call -----------------------------
INFO gateway.run: Stopping gateway...
WARNING gateway.run: Gateway drain timed out after 0.0s with 2 active agent(s); interrupting remaining work.
------------------------------ Captured log call ------------------------------
[32mINFO    [0m gateway.run:run.py:2223 Stopping gateway...
[33mWARNING [0m gateway.run:run.py:2233 Gateway drain timed out after 0.0s with 2 active agent(s); interrupting remaining work.
_ TestSetupFeishuAdapterIntegration.test_qr_env_produces_valid_adapter_settings _
[gw2] win32 -- Python 3.12.10 C:\Users\Simba\AppData\Local\Programs\Python\Python312\python.exe
tests\gateway\test_setup_feishu.py:252: in test_qr_env_produces_valid_adapter_settings
    adapter = FeishuAdapter(PlatformConfig())
              ^^^^^^^^^^^^^^^^^^^^^^^^^^^^^^^
gateway\platforms\feishu.py:1053: in __init__
    self._dedup_state_path = get_hermes_home() / "feishu_seen_message_ids.json"
                             ^^^^^^^^^^^^^^^^^
hermes_constants.py:17: in get_hermes_home
    return Path(os.getenv("HERMES_HOME", Path.home() / ".hermes"))
                                         ^^^^^^^^^^^
..\..\..\..\AppData\Local\Programs\Python\Python312\Lib\pathlib.py:1202: in home
    return cls("~").expanduser()
           ^^^^^^^^^^^^^^^^^^^^^
..\..\..\..\AppData\Local\Programs\Python\Python312\Lib\pathlib.py:1406: in expanduser
    raise RuntimeError("Could not determine home directory.")
E   RuntimeError: Could not determine home directory.
---------------------------- Captured stdout call -----------------------------
\n  \u2500\u2500\u2500 \U0001fabd Feishu / Lark Setup \u2500\u2500\u2500\n\n\n\n\n\n
______________ test_gateway_stop_interrupts_after_drain_timeout _______________
[gw13] win32 -- Python 3.12.10 C:\Users\Simba\AppData\Local\Programs\Python\Python312\python.exe
tests\gateway\test_gateway_shutdown.py:110: in test_gateway_stop_interrupts_after_drain_timeout
    await runner.stop()
gateway\run.py:2318: in stop
    await self._stop_task
gateway\run.py:2265: in _stop_impl
    self._stop_tailscale_serve()
gateway\run.py:1414: in _stop_tailscale_serve
    if not self._tailscale_serve_active or self._tailscale_serve_port is None:
           ^^^^^^^^^^^^^^^^^^^^^^^^^^^^
E   AttributeError: 'GatewayRunner' object has no attribute '_tailscale_serve_active'
---------------------------- Captured stderr call -----------------------------
--- Logging error ---\nTraceback (most recent call last):\n  File "C:\\Users\\Simba\\AppData\\Local\\Programs\\Python\\Python312\\Lib\\logging\\__init__.py", line 1163, in emit\n    stream.write(msg + self.terminator)\n  File "C:\\Users\\Simba\\AppData\\Local\\Programs\\Python\\Python312\\Lib\\encodings\\cp1254.py", line 19, in encode\n    return codecs.charmap_encode(input,self.errors,encoding_table)[0]\n           ^^^^^^^^^^^^^^^^^^^^^^^^^^^^^^^^^^^^^^^^^^^^^^^^^^^^^^^\nUnicodeEncodeError: 'charmap' codec can't encode character '\\u2713' in position 42: character maps to <undefined>\nCall stack:\n  File "<string>", line 1, in <module>\n  File "<string>", line 8, in <module>\n  File "C:\\Users\\Simba\\AppData\\Local\\Programs\\Python\\Python312\\Lib\\site-packages\\execnet\\gateway_base.py", line 1806, in serve\n    WorkerGateway(io=io, id=id, _startcount=2).serve()\n  File "C:\\Users\\Simba\\AppData\\Local\\Programs\\Python\\Python312\\Lib\\site-packages\\execnet\\gateway_base.py", line 1273, in serve\n    self._execpool.integrate_as_primary_thread()\n  File "C:\\Users\\Simba\\AppData\\Local\\Programs\\Python\\Python312\\Lib\\site-packages\\execnet\\gateway_base.py", line 389, in integrate_as_primary_thread\n    self._perform_spawn(reply)\n  File "C:\\Users\\Simba\\AppData\\Local\\Programs\\Python\\Python312\\Lib\\site-packages\\execnet\\gateway_base.py", line 411, in _perform_spawn\n    reply.run()\n  File "C:\\Users\\Simba\\AppData\\Local\\Programs\\Python\\Python312\\Lib\\site-packages\\execnet\\gateway_base.py", line 341, in run\n    self._result = func(*args, **kwargs)\n  File "C:\\Users\\Simba\\AppData\\Local\\Programs\\Python\\Python312\\Lib\\site-packages\\execnet\\gateway_base.py", line 1291, in executetask\n    exec(co, loc)\n  File "C:\\Users\\Simba\\AppData\\Local\\Programs\\Python\\Python312\\Lib\\site-packages\\xdist\\remote.py", line 427, in <module>\n    config.hook.pytest_cmdline_main(config=config)\n  File "C:\\Users\\Simba\\AppData\\Local\\Programs\\Python\\Python312\\Lib\\site-packages\\pluggy\\_hooks.py", line 512, in __call__\n    return self._hookexec(self.name, self._hookimpls.copy(), kwargs, firstresult)\n  File "C:\\Users\\Simba\\AppData\\Local\\Programs\\Python\\Python312\\Lib\\site-packages\\pluggy\\_manager.py", line 120, in _hookexec\n    return self._inner_hookexec(hook_name, methods, kwargs, firstresult)\n  File "C:\\Users\\Simba\\AppData\\Local\\Programs\\Python\\Python312\\Lib\\site-packages\\pluggy\\_callers.py", line 121, in _multicall\n    res = hook_impl.function(*args)\n  File "C:\\Users\\Simba\\AppData\\Local\\Programs\\Python\\Python312\\Lib\\site-packages\\_pytest\\main.py", line 365, in pytest_cmdline_main\n    return wrap_session(config, _main)\n  File "C:\\Users\\Simba\\AppData\\Local\\Programs\\Python\\Python312\\Lib\\site-packages\\_pytest\\main.py", line 318, in wrap_session\n    session.exitstatus = doit(config, session) or 0\n  File "C:\\Users\\Simba\\AppData\\Local\\Programs\\Python\\Python312\\Lib\\site-packages\\_pytest\\main.py", line 372, in _main\n    config.hook.pytest_runtestloop(session=session)\n  File "C:\\Users\\Simba\\AppData\\Local\\Programs\\Python\\Python312\\Lib\\site-packages\\pluggy\\_hooks.py", line 512, in __call__\n    return self._hookexec(self.name, self._hookimpls.copy(), kwargs, firstresult)\n  File "C:\\Users\\Simba\\AppData\\Local\\Programs\\Python\\Python312\\Lib\\site-packages\\pluggy\\_manager.py", line 120, in _hookexec\n    return self._inner_hookexec(hook_name, methods, kwargs, firstresult)\n  File "C:\\Users\\Simba\\AppData\\Local\\Programs\\Python\\Python312\\Lib\\site-packages\\pluggy\\_callers.py", line 121, in _multicall\n    res = hook_impl.function(*args)\n  File "C:\\Users\\Simba\\AppData\\Local\\Programs\\Python\\Python312\\Lib\\site-packages\\xdist\\remote.py", line 206, in pytest_runtestloop\n    self.run_one_test()\n  File "C:\\Users\\Simba\\AppData\\Local\\Programs\\Python\\Python312\\Lib\\site-packages\\xdist\\remote.py", line 227, in run_one_test\n    self.config.hook.pytest_runtest_protocol(item=item, nextitem=nextitem)\n  File "C:\\Users\\Simba\\AppData\\Local\\Programs\\Python\\Python312\\Lib\\site-packages\\pluggy\\_hooks.py", line 512, in __call__\n    return self._hookexec(self.name, self._hookimpls.copy(), kwargs, firstresult)\n  File "C:\\Users\\Simba\\AppData\\Local\\Programs\\Python\\Python312\\Lib\\site-packages\\pluggy\\_manager.py", line 120, in _hookexec\n    return self._inner_hookexec(hook_name, methods, kwargs, firstresult)\n  File "C:\\Users\\Simba\\AppData\\Local\\Programs\\Python\\Python312\\Lib\\site-packages\\pluggy\\_callers.py", line 121, in _multicall\n    res = hook_impl.function(*args)\n  File "C:\\Users\\Simba\\AppData\\Local\\Programs\\Python\\Python312\\Lib\\site-packages\\_pytest\\runner.py", line 118, in pytest_runtest_protocol\n    runtestprotocol(item, nextitem=nextitem)\n  File "C:\\Users\\Simba\\AppData\\Local\\Programs\\Python\\Python312\\Lib\\site-packages\\_pytest\\runner.py", line 137, in runtestprotocol\n    reports.append(call_and_report(item, "call", log))\n  File "C:\\Users\\Simba\\AppData\\Local\\Programs\\Python\\Python312\\Lib\\site-packages\\_pytest\\runner.py", line 244, in call_and_report\n    call = CallInfo.from_call(\n  File "C:\\Users\\Simba\\AppData\\Local\\Programs\\Python\\Python312\\Lib\\site-packages\\_pytest\\runner.py", line 353, in from_call\n    result: TResult | None = func()\n  File "C:\\Users\\Simba\\AppData\\Local\\Programs\\Python\\Python312\\Lib\\site-packages\\_pytest\\runner.py", line 245, in <lambda>\n    lambda: runtest_hook(item=item, **kwds),\n  File "C:\\Users\\Simba\\AppData\\Local\\Programs\\Python\\Python312\\Lib\\site-packages\\pluggy\\_hooks.py", line 512, in __call__\n    return self._hookexec(self.name, self._hookimpls.copy(), kwargs, firstresult)\n  File "C:\\Users\\Simba\\AppData\\Local\\Programs\\Python\\Python312\\Lib\\site-packages\\pluggy\\_manager.py", line 120, in _hookexec\n    return self._inner_hookexec(hook_name, methods, kwargs, firstresult)\n  File "C:\\Users\\Simba\\AppData\\Local\\Programs\\Python\\Python312\\Lib\\site-packages\\pluggy\\_callers.py", line 121, in _multicall\n    res = hook_impl.function(*args)\n  File "C:\\Users\\Simba\\AppData\\Local\\Programs\\Python\\Python312\\Lib\\site-packages\\_pytest\\runner.py", line 179, in pytest_runtest_call\n    item.runtest()\n  File "C:\\Users\\Simba\\AppData\\Local\\Programs\\Python\\Python312\\Lib\\site-packages\\pytest_asyncio\\plugin.py", line 469, in runtest\n    super().runtest()\n  File "C:\\Users\\Simba\\AppData\\Local\\Programs\\Python\\Python312\\Lib\\site-packages\\_pytest\\python.py", line 1720, in runtest\n    self.ihook.pytest_pyfunc_call(pyfuncitem=self)\n  File "C:\\Users\\Simba\\AppData\\Local\\Programs\\Python\\Python312\\Lib\\site-packages\\pluggy\\_hooks.py", line 512, in __call__\n    return self._hookexec(self.name, self._hookimpls.copy(), kwargs, firstresult)\n  File "C:\\Users\\Simba\\AppData\\Local\\Programs\\Python\\Python312\\Lib\\site-packages\\pluggy\\_manager.py", line 120, in _hookexec\n    return self._inner_hookexec(hook_name, methods, kwargs, firstresult)\n  File "C:\\Users\\Simba\\AppData\\Local\\Programs\\Python\\Python312\\Lib\\site-packages\\pluggy\\_callers.py", line 121, in _multicall\n    res = hook_impl.function(*args)\n  File "C:\\Users\\Simba\\AppData\\Local\\Programs\\Python\\Python312\\Lib\\site-packages\\_pytest\\python.py", line 166, in pytest_pyfunc_call\n    result = testfunction(**testargs)\n  File "C:\\Users\\Simba\\AppData\\Local\\Programs\\Python\\Python312\\Lib\\site-packages\\pytest_asyncio\\plugin.py", line 716, in inner\n    runner.run(coro, context=context)\n  File "C:\\Users\\Simba\\AppData\\Local\\Programs\\Python\\Python312\\Lib\\asyncio\\runners.py", line 118, in run\n    return self._loop.run_until_complete(task)\n  File "C:\\Users\\Simba\\AppData\\Local\\Programs\\Python\\Python312\\Lib\\asyncio\\base_events.py", line 678, in run_until_complete\n    self.run_forever()\n  File "C:\\Users\\Simba\\AppData\\Local\\Programs\\Python\\Python312\\Lib\\asyncio\\windows_events.py", line 322, in run_forever\n    super().run_forever()\n  File "C:\\Users\\Simba\\AppData\\Local\\Programs\\Python\\Python312\\Lib\\asyncio\\base_events.py", line 645, in run_forever\n    self._run_once()\n  File "C:\\Users\\Simba\\AppData\\Local\\Programs\\Python\\Python312\\Lib\\asyncio\\base_events.py", line 1999, in _run_once\n    handle._run()\n  File "C:\\Users\\Simba\\AppData\\Local\\Programs\\Python\\Python312\\Lib\\asyncio\\events.py", line 88, in _run\n    self._context.run(self._callback, *self._args)\n  File "C:\\Users\\Simba\\Desktop\\DEV\\duskHermes\\d60\\gateway\\run.py", line 2261, in _stop_impl\n    logger.info("\u2713 %s disconnected", platform.value)\nMessage: '\u2713 %s disconnected'\nArguments: ('telegram',)
------------------------------ Captured log call ------------------------------
\x1b[32mINFO    \x1b[0m gateway.run:run.py:2223 Stopping gateway...\n\x1b[33mWARNING \x1b[0m gateway.run:run.py:2233 Gateway drain timed out after 0.1s with 1 active agent(s); interrupting remaining work.\n\x1b[32mINFO    \x1b[0m gateway.run:run.py:2261 \u2713 telegram disconnected
_______ TestRealSubagentInterrupt.test_interrupt_child_during_api_call ________
[gw1] win32 -- Python 3.12.10 C:\Users\Simba\AppData\Local\Programs\Python\Python312\python.exe
tests\run_agent\test_real_interrupt_subagent.py:146: in test_interrupt_child_during_api_call
    self.fail("Child never started run_conversation")
E   AssertionError: Child never started run_conversation
_____________ test_migrator_can_rename_conflicting_imported_skill _____________
[gw1] win32 -- Python 3.12.10 C:\Users\Simba\AppData\Local\Programs\Python\Python312\python.exe
tests\skills\test_openclaw_migration.py:350: in test_migrator_can_rename_conflicting_imported_skill
    assert any(item["details"].get("renamed_from", "").endswith("/demo-skill") for item in imported_items)
E   assert False
E    +  where False = any(<generator object test_migrator_can_rename_conflicting_imported_skill.<locals>.<genexpr> at 0x000002B0BC44DC40>)
_____ test_migrator_can_overwrite_conflicting_imported_skill_with_backup ______
[gw1] win32 -- Python 3.12.10 C:\Users\Simba\AppData\Local\Programs\Python\Python312\python.exe
..\..\..\..\AppData\Local\Programs\Python\Python312\Lib\pathlib.py:1311: in mkdir
    os.mkdir(self, mode)
E   FileNotFoundError: [WinError 3] Sistem belirtilen yolu bulam²yor: 'C:\\Users\\Simba\\AppData\\Local\\Temp\\pytest-of-Simba\\pytest-407\\popen-gw1\\test_migrator_can_overwrite_co0\\.hermes\\migration-report\\backups\\Users\\Simba\\AppData\\Local\\Temp\\pytest-of-Simba\\pytest-407\\popen-gw1\\test_migrator_can_overwrite_co0\\.hermes\\skills\\openclaw-imports'

During handling of the above exception, another exception occurred:
..\..\..\..\AppData\Local\Programs\Python\Python312\Lib\pathlib.py:1311: in mkdir
    os.mkdir(self, mode)
E   FileNotFoundError: [WinError 206] Dosya ad² veya uzant²s² ok uzun: 'C:\\Users\\Simba\\AppData\\Local\\Temp\\pytest-of-Simba\\pytest-407\\popen-gw1\\test_migrator_can_overwrite_co0\\.hermes\\migration-report\\backups\\Users\\Simba\\AppData\\Local\\Temp\\pytest-of-Simba\\pytest-407\\popen-gw1\\test_migrator_can_overwrite_co0\\.hermes\\skills'

During handling of the above exception, another exception occurred:
tests\skills\test_openclaw_migration.py:383: in test_migrator_can_overwrite_conflicting_imported_skill_with_backup
    report = migrator.migrate()
             ^^^^^^^^^^^^^^^^^^
optional-skills\migration\openclaw-migration\scripts\openclaw_to_hermes.py:702: in migrate
    self.run_if_selected("skills", self.migrate_skills)
optional-skills\migration\openclaw-migration\scripts\openclaw_to_hermes.py:741: in run_if_selected
    func()
optional-skills\migration\openclaw-migration\scripts\openclaw_to_hermes.py:1642: in migrate_skills
    backup_path = self.maybe_backup(destination)
                  ^^^^^^^^^^^^^^^^^^^^^^^^^^^^^^
optional-skills\migration\openclaw-migration\scripts\openclaw_to_hermes.py:792: in maybe_backup
    return backup_existing(path, self.backup_dir)
           ^^^^^^^^^^^^^^^^^^^^^^^^^^^^^^^^^^^^^^
optional-skills\migration\openclaw-migration\scripts\openclaw_to_hermes.py:371: in backup_existing
    ensure_parent(dest)
optional-skills\migration\openclaw-migration\scripts\openclaw_to_hermes.py:304: in ensure_parent
    path.parent.mkdir(parents=True, exist_ok=True)
..\..\..\..\AppData\Local\Programs\Python\Python312\Lib\pathlib.py:1315: in mkdir
    self.parent.mkdir(parents=True, exist_ok=True)
..\..\..\..\AppData\Local\Programs\Python\Python312\Lib\pathlib.py:1316: in mkdir
    self.mkdir(mode, parents=False, exist_ok=exist_ok)
..\..\..\..\AppData\Local\Programs\Python\Python312\Lib\pathlib.py:1311: in mkdir
    os.mkdir(self, mode)
E   FileNotFoundError: [WinError 206] Dosya ad² veya uzant²s² ok uzun: 'C:\\Users\\Simba\\AppData\\Local\\Temp\\pytest-of-Simba\\pytest-407\\popen-gw1\\test_migrator_can_overwrite_co0\\.hermes\\migration-report\\backups\\Users\\Simba\\AppData\\Local\\Temp\\pytest-of-Simba\\pytest-407\\popen-gw1\\test_migrator_can_overwrite_co0\\.hermes\\skills'
___________ TestGatewayCleanupWiring.test_gateway_stop_calls_close ____________
[gw4] win32 -- Python 3.12.10 C:\Users\Simba\AppData\Local\Programs\Python\Python312\python.exe
tests\tools\test_zombie_process_cleanup.py:239: in test_gateway_stop_calls_close
    loop.run_until_complete(GatewayRunner.stop(runner))
..\..\..\..\AppData\Local\Programs\Python\Python312\Lib\asyncio\base_events.py:691: in run_until_complete
    return future.result()
           ^^^^^^^^^^^^^^^
gateway\run.py:2318: in stop
    await self._stop_task
gateway\run.py:2265: in _stop_impl
    self._stop_tailscale_serve()
gateway\run.py:1414: in _stop_tailscale_serve
    if not self._tailscale_serve_active or self._tailscale_serve_port is None:
           ^^^^^^^^^^^^^^^^^^^^^^^^^^^^
E   AttributeError: 'GatewayRunner' object has no attribute '_tailscale_serve_active'
------------------------------ Captured log call ------------------------------
[32mINFO    [0m gateway.run:run.py:2223 Stopping gateway...
[33mWARNING [0m gateway.run:run.py:2233 Gateway drain timed out after 5.0s with 2 active agent(s); interrupting remaining work.
[35mDEBUG   [0m gateway.run:run.py:1558 Interrupted running agent for session session-1 during shutdown
[35mDEBUG   [0m gateway.run:run.py:1558 Interrupted running agent for session session-2 during shutdown
============================== warnings summary ===============================
tests/cli/test_cli_file_drop.py: 4 warnings
tests/cron/test_file_permissions.py: 1 warning
tests/gateway/test_display_config.py: 1 warning
tests/agent/test_compress_focus.py: 1 warning
tests/agent/test_memory_user_id.py: 2 warnings
tests/cli/test_cli_secret_capture.py: 1 warning
tests/agent/test_auxiliary_client.py: 2 warnings
tests/gateway/test_feishu.py: 4 warnings
tests/cli/test_cli_image_command.py: 1 warning
tests/cli/test_worktree_security.py: 1 warning
tests/cli/test_branch_command.py: 2 warnings
  C:\Users\Simba\Desktop\DEV\duskHermes\d60\tests\conftest.py:91: DeprecationWarning: There is no current event loop
    loop = asyncio.get_event_loop_policy().get_event_loop()

tests/cli/test_cli_secret_capture.py::test_secret_capture_callback_can_be_completed_from_cli_state_machine
  C:\\Users\\Simba\\AppData\\Local\\Programs\\Python\\Python312\\Lib\\site-packages\\_pytest\\threadexception.py:58: PytestUnhandledThreadExceptionWarning: Exception in thread Thread-1 (<lambda>)\n  \n  Traceback (most recent call last):\n    File "C:\\Users\\Simba\\AppData\\Local\\Programs\\Python\\Python312\\Lib\\threading.py", line 1075, in _bootstrap_inner\n      self.run()\n    File "C:\\Users\\Simba\\AppData\\Local\\Programs\\Python\\Python312\\Lib\\threading.py", line 1012, in run\n      self._target(*self._args, **self._kwargs)\n    File "C:\\Users\\Simba\\Desktop\\DEV\\duskHermes\\d60\\tests\\cli\\test_cli_secret_capture.py", line 52, in <lambda>\n      cli._secret_capture_callback("TENOR_API_KEY", "Tenor API key")\n    File "C:\\Users\\Simba\\Desktop\\DEV\\duskHermes\\d60\\cli.py", line 7460, in _secret_capture_callback\n      return prompt_for_secret(self, var_name, prompt, metadata)\n             ^^^^^^^^^^^^^^^^^^^^^^^^^^^^^^^^^^^^^^^^^^^^^^^^^^^\n    File "C:\\Users\\Simba\\Desktop\\DEV\\duskHermes\\d60\\hermes_cli\\callbacks.py", line 148, in prompt_for_secret\n      cprint(f"\\n{_DIM}  \u2713 Stored secret in {_dhh}/.env as {var_name}{_RST}")\n    File "C:\\Users\\Simba\\Desktop\\DEV\\duskHermes\\d60\\hermes_cli\\banner.py", line 38, in cprint\n      _pt_print(_PT_ANSI(text))\n    File "C:\\Users\\Simba\\AppData\\Local\\Programs\\Python\\Python312\\Lib\\site-packages\\prompt_toolkit\\shortcuts\\utils.py", line 111, in print_formatted_text\n      output = get_app_session().output\n               ^^^^^^^^^^^^^^^^^^^^^^^^\n    File "C:\\Users\\Simba\\AppData\\Local\\Programs\\Python\\Python312\\Lib\\site-packages\\prompt_toolkit\\application\\current.py", line 67, in output\n      self._output = create_output()\n                     ^^^^^^^^^^^^^^^\n    File "C:\\Users\\Simba\\AppData\\Local\\Programs\\Python\\Python312\\Lib\\site-packages\\prompt_toolkit\\output\\defaults.py", line 91, in create_output\n      return Win32Output(stdout, default_color_depth=color_depth_from_env)\n             ^^^^^^^^^^^^^^^^^^^^^^^^^^^^^^^^^^^^^^^^^^^^^^^^^^^^^^^^^^^^^\n    File "C:\\Users\\Simba\\AppData\\Local\\Programs\\Python\\Python312\\Lib\\site-packages\\prompt_toolkit\\output\\win32.py", line 115, in __init__\n      info = self.get_win32_screen_buffer_info()\n             ^^^^^^^^^^^^^^^^^^^^^^^^^^^^^^^^^^^\n    File "C:\\Users\\Simba\\AppData\\Local\\Programs\\Python\\Python312\\Lib\\site-packages\\prompt_toolkit\\output\\win32.py", line 219, in get_win32_screen_buffer_info\n      raise NoConsoleScreenBufferError\n  prompt_toolkit.output.win32.NoConsoleScreenBufferError: No Windows console found. Are you running cmd.exe?\n  \n  Enable tracemalloc to get traceback where the object was allocated.\n  See https://docs.pytest.org/en/stable/how-to/capture-warnings.html#resource-warnings for more info.\n    warnings.warn(pytest.PytestUnhandledThreadExceptionWarning(msg))

-- Docs: https://docs.pytest.org/en/stable/how-to/capture-warnings.html
=========================== short test summary info ===========================
FAILED tests/cli/test_cli_file_drop.py::TestImageFileDrop::test_uppercase_extension
FAILED tests/cli/test_cli_file_drop.py::TestImageFileDrop::test_all_image_extensions[.bmp]
FAILED tests/cron/test_file_permissions.py::TestConfigFilePermissions::test_ensure_hermes_home_sets_0700
FAILED tests/gateway/test_display_config.py::TestHelpers::test_get_effective_display_merges_correctly
FAILED tests/agent/test_compress_focus.py::test_no_focus_topic_no_injection
FAILED tests/cli/test_cli_file_drop.py::TestImageFileDrop::test_all_image_extensions[.png]
FAILED tests/cli/test_cli_file_drop.py::TestEscapedSpaces::test_tilde_prefixed_path
FAILED tests/cli/test_cli_file_drop.py::TestNonImageFileDrop::test_python_file
FAILED tests/cli/test_cli_file_drop.py::TestImageFileDrop::test_all_image_extensions[.tiff]
FAILED tests/cron/test_file_permissions.py::TestConfigFilePermissions::test_save_config_sets_0600
FAILED tests/agent/test_memory_user_id.py::TestHonchoUserIdScoping::test_gateway_user_id_overrides_peer_name
FAILED tests/cli/test_cli_secret_capture.py::test_secret_capture_callback_can_be_completed_from_cli_state_machine
FAILED tests/cli/test_cli_file_drop.py::TestImageFileDrop::test_all_image_extensions[.jpg]
FAILED tests/gateway/test_display_config.py::TestHelpers::test_get_platform_defaults_returns_dict
FAILED tests/cli/test_cli_file_drop.py::TestEdgeCases::test_path_with_no_extension
FAILED tests/cron/test_file_permissions.py::TestConfigFilePermissions::test_save_env_value_sets_0600
FAILED tests/cli/test_cli_file_drop.py::TestNonImageFileDrop::test_non_image_with_trailing_text
FAILED tests/cli/test_cli_file_drop.py::TestImageFileDrop::test_all_image_extensions[.tif]
FAILED tests/agent/test_auxiliary_client.py::TestAuxiliaryPoolAwareness::test_vision_auto_uses_active_provider_as_fallback
FAILED tests/agent/test_auxiliary_client.py::TestReadCodexAccessToken::test_missing_returns_none
FAILED tests/agent/test_subdirectory_hints.py::TestSubdirectoryHintTracker::test_terminal_command_path_extraction
FAILED tests/cli/test_cli_file_drop.py::TestEdgeCases::test_path_that_looks_like_command_but_is_file
FAILED tests/cli/test_cli_file_drop.py::TestImageFileDrop::test_all_image_extensions[.jpeg]
FAILED tests/cli/test_cli_file_drop.py::TestImageFileDrop::test_all_image_extensions[.svg]
FAILED tests/cli/test_cli_file_drop.py::TestEscapedSpaces::test_escaped_spaces_in_path
FAILED tests/cli/test_cli_file_drop.py::TestImageFileDrop::test_all_image_extensions[.gif]
FAILED tests/agent/test_subdirectory_hints.py::TestSubdirectoryHintTracker::test_terminal_cd_command
FAILED tests/cli/test_cli_file_drop.py::TestEscapedSpaces::test_escaped_spaces_with_trailing_text
FAILED tests/cli/test_cli_file_drop.py::TestImageFileDrop::test_all_image_extensions[.ico]
FAILED tests/agent/test_memory_user_id.py::TestMemoryManagerUserIdThreading::test_multiple_providers_all_receive_user_id
FAILED tests/cli/test_cli_file_drop.py::TestImageFileDrop::test_all_image_extensions[.webp]
FAILED tests/cli/test_cli_file_drop.py::TestEdgeCases::test_symlink_to_file
FAILED tests/agent/test_auxiliary_config_bridge.py::TestGatewayBridgeCodeParity::test_gateway_has_auxiliary_bridge
FAILED tests/cli/test_cli_secret_capture.py::test_secret_capture_uses_getpass_without_tui
FAILED tests/cli/test_cli_image_command.py::TestCollectQueryImages::test_collect_query_images_extracts_leading_path
FAILED tests/gateway/test_email.py::TestConfigEnvOverrides::test_email_not_loaded_without_env
FAILED tests/agent/test_auxiliary_config_bridge.py::TestGatewayBridgeCodeParity::test_gateway_no_compression_env_bridge
FAILED tests/gateway/test_email.py::TestChannelDirectory::test_email_in_session_discovery
FAILED tests/cli/test_cli_secret_capture.py::test_secret_capture_timeout_clears_hidden_input_buffer
FAILED tests/agent/test_auxiliary_config_bridge.py::TestCLIDefaultsHaveAuxiliaryKeys::test_cli_defaults_can_merge_auxiliary
FAILED tests/agent/test_compress_focus.py::test_focus_topic_injected_into_summary_prompt
FAILED tests/cli/test_quick_commands.py::TestCLIQuickCommands::test_exec_command_no_output_shows_fallback
FAILED tests/agent/test_context_references.py::test_blocks_sensitive_home_and_hermes_paths
FAILED tests/agent/test_credential_pool.py::test_explicit_reset_timestamp_overrides_default_429_ttl
FAILED tests/gateway/test_feishu.py::TestFeishuAdapterMessaging::test_get_chat_info_uses_real_feishu_chat_api
FAILED tests/gateway/test_feishu.py::TestAdapterBehavior::test_build_post_payload_keeps_full_markdown_text
FAILED tests/gateway/test_feishu.py::TestFeishuAdapterMessaging::test_connect_rejects_existing_app_lock
FAILED tests/gateway/test_feishu.py::TestAdapterBehavior::test_ack_reaction_events_are_ignored_to_avoid_feedback_loops
FAILED tests/gateway/test_feishu.py::TestAdapterBehavior::test_build_post_payload_wraps_markdown_in_md_tag
FAILED tests/gateway/test_feishu.py::TestAdapterBehavior::test_extract_post_message_downloads_embedded_resources
FAILED tests/gateway/test_feishu.py::TestAdapterBehavior::test_extract_text_from_raw_content_uses_relation_message_fallbacks
FAILED tests/gateway/test_feishu.py::TestAdapterBehavior::test_send_image_downloads_then_uses_native_image_send
FAILED tests/gateway/test_clean_shutdown_marker.py::TestCleanShutdownMarker::test_marker_written_on_graceful_stop
FAILED tests/gateway/test_feishu.py::TestAdapterBehavior::test_group_message_requires_mentions_even_when_policy_open
FAILED tests/gateway/test_feishu.py::TestAdapterBehavior::test_send_document_uploads_file_and_sends_file_message
FAILED tests/gateway/test_feishu.py::TestFeishuAdapterMessaging::test_connect_acquires_scoped_lock_and_disconnect_releases_it
FAILED tests/cli/test_cli_image_command.py::TestCollectQueryImages::test_collect_query_images_supports_tilde_paths
FAILED tests/cli/test_worktree_security.py::TestWorktreeIncludeSecurity::test_rejects_symlink_that_resolves_outside_repo
FAILED tests/cli/test_cli_image_command.py::TestTermuxImageHints::test_termux_example_image_path_prefers_real_shared_storage_root
FAILED tests/gateway/test_feishu.py::TestAdapterBehavior::test_process_inbound_group_message_keeps_group_type_when_chat_lookup_falls_back
FAILED tests/gateway/test_feishu.py::TestDedupTTL::test_load_backward_compat_list_format
FAILED tests/gateway/test_feishu.py::TestFeishuAdapterMessaging::test_connect_retries_transient_startup_failure
FAILED tests/gateway/test_feishu.py::TestAdapterBehavior::test_add_ack_reaction_logs_warning_on_failure
FAILED tests/gateway/test_feishu.py::TestAdapterBehavior::test_extract_audio_message_downloads_and_caches
FAILED tests/cli/test_branch_command.py::TestBranchCommandCLI::test_branch_no_session_db
FAILED tests/gateway/test_gateway_shutdown.py::test_gateway_stop_service_restart_sets_named_exit_code
FAILED tests/gateway/test_feishu.py::TestAdapterBehavior::test_group_message_with_other_user_mention_is_rejected_when_bot_identity_unknown
FAILED tests/gateway/test_feishu.py::TestAdapterBehavior::test_extract_text_message_starting_with_slash_becomes_command
FAILED tests/gateway/test_pairing.py::TestSecureWrite::test_sets_file_permissions
FAILED tests/gateway/test_feishu.py::TestAdapterBehavior::test_extract_post_message_uses_first_available_language_block
FAILED tests/gateway/test_feishu.py::TestAdapterBehavior::test_send_image_file_uploads_image_and_sends_image_message
FAILED tests/cli/test_branch_command.py::TestBranchCommandCLI::test_branch_preserves_parent_link
FAILED tests/gateway/test_feishu.py::TestAdapterBehavior::test_text_batch_merges_rapid_messages_into_single_event
FAILED tests/agent/test_auxiliary_client.py::TestReadCodexAccessToken::test_expired_jwt_returns_none
FAILED tests/gateway/test_feishu.py::TestAdapterBehavior::test_send_document_with_caption_uses_single_post_message
FAILED tests/gateway/test_feishu.py::TestAdapterBehavior::test_process_inbound_message_fetches_reply_to_text
FAILED tests/gateway/test_feishu.py::TestDedupTTL::test_persist_saves_timestamps_as_dict
FAILED tests/agent/test_auxiliary_client.py::TestExpiredCodexFallback::test_hermes_oauth_file_sets_oauth_flag
FAILED tests/gateway/test_feishu.py::TestFeishuAdapterMessaging::test_connect_webhook_mode_starts_local_server
FAILED tests/gateway/test_feishu.py::TestAdapterBehavior::test_build_event_handler_registers_reaction_and_card_processors
FAILED tests/gateway/test_feishu.py::TestAdapterBehavior::test_extract_file_message_downloads_and_caches
FAILED tests/agent/test_auxiliary_client.py::TestExpiredCodexFallback::test_claude_code_oauth_env_sets_flag
FAILED tests/cli/test_branch_command.py::TestBranchCommandCLI::test_branch_creates_new_session
FAILED tests/gateway/test_feishu.py::TestAdapterBehavior::test_group_post_message_uses_parsed_mentions_when_sdk_mentions_missing
FAILED tests/gateway/test_feishu.py::TestAdapterBehavior::test_send_image_file_with_caption_uses_single_post_message
FAILED tests/gateway/test_feishu.py::TestGroupMentionAtAll::test_at_all_in_content_accepts_without_explicit_bot_mention
FAILED tests/gateway/test_feishu.py::TestAdapterBehavior::test_group_message_allowlist_and_mention_both_required
FAILED tests/gateway/test_feishu.py::TestAdapterBehavior::test_extract_post_message_with_rich_elements_does_not_drop_content
FAILED tests/gateway/test_feishu.py::TestAdapterBehavior::test_send_does_not_retry_deterministic_api_failure
FAILED tests/gateway/test_feishu.py::TestAdapterBehavior::test_process_inbound_message_uses_event_sender_identity_only
FAILED tests/gateway/test_feishu.py::TestAdapterBehavior::test_webhook_request_uses_same_message_dispatch_path
FAILED tests/gateway/test_feishu.py::TestFeishuAdapterMessaging::test_edit_message_falls_back_to_text_when_post_update_is_rejected
FAILED tests/gateway/test_runner_startup_failures.py::test_start_gateway_verbosity_imports_redacting_formatter
FAILED tests/gateway/test_feishu.py::TestAdapterBehavior::test_build_post_payload_extracts_title_and_links
FAILED tests/gateway/test_feishu.py::TestAdapterBehavior::test_extract_image_message_downloads_and_caches
FAILED tests/gateway/test_feishu.py::TestAdapterBehavior::test_send_replies_in_thread_when_thread_metadata_present
FAILED tests/gateway/test_update_command.py::TestSendUpdateNotification::test_cleans_up_files_after_notification
FAILED tests/gateway/test_feishu.py::TestAdapterBehavior::test_extract_share_chat_message_as_text_summary
FAILED tests/gateway/test_feishu.py::TestAdapterBehavior::test_media_batch_merges_rapid_photo_messages
FAILED tests/gateway/test_clean_shutdown_marker.py::TestCleanShutdownMarker::test_marker_written_on_restart_stop
FAILED tests/gateway/test_feishu.py::TestAdapterBehavior::test_group_message_matches_bot_name_when_only_name_available
FAILED tests/cli/test_worktree.py::TestWorktreeDirectorySymlink::test_symlinks_directory
FAILED tests/gateway/test_feishu.py::TestGroupMentionAtAll::test_at_all_still_requires_policy_gate
FAILED tests/gateway/test_feishu.py::TestAdapterBehavior::test_send_falls_back_to_text_when_post_payload_is_rejected
FAILED tests/gateway/test_update_command.py::TestSendUpdateNotification::test_cleans_up_on_error
FAILED tests/gateway/test_flush_memory_stale_guard.py::TestMemoryInjection::test_memory_content_injected_into_flush_prompt
FAILED tests/gateway/test_feishu.py::TestDedupTTL::test_duplicate_within_ttl_is_rejected
FAILED tests/gateway/test_feishu.py::TestAdapterBehavior::test_send_animation_degrades_to_document_send
FAILED tests/hermes_cli/test_claw.py::TestScanWorkspaceState::test_finds_workspace_state_files
FAILED tests/gateway/test_update_streaming.py::TestWatchUpdateProgress::test_streams_output_to_adapter
FAILED tests/gateway/test_ws_auth_retry.py::TestMatrixSyncAuthRetry::test_transient_error_retries
FAILED tests/gateway/test_feishu.py::TestFeishuAdapterMessaging::test_edit_message_updates_existing_feishu_message
FAILED tests/hermes_cli/test_auth_codex_provider.py::test_write_codex_cli_tokens_creates_file
FAILED tests/gateway/test_feishu.py::TestAdapterBehavior::test_send_retries_transient_failure
FAILED tests/gateway/test_feishu.py::TestAdapterBehavior::test_message_event_submits_to_adapter_loop
FAILED tests/hermes_cli/test_auth_commands.py::test_auth_remove_accepts_label_target
FAILED tests/hermes_cli/test_plugins_cmd.py::TestNoAutoActivation::test_compressor_default_ignores_plugin
FAILED tests/hermes_cli/test_session_browse.py::TestCursesBrowse::test_type_to_filter_then_enter
FAILED tests/cli/test_cli_interrupt_subagent.py::TestCLISubagentInterrupt::test_full_delegate_interrupt_flow
FAILED tests/gateway/test_feishu.py::TestAdapterBehavior::test_extract_text_file_injects_content
FAILED tests/gateway/test_feishu.py::TestAdapterBehavior::test_group_message_matches_bot_open_id_when_configured
FAILED tests/hermes_cli/test_runtime_provider_resolution.py::test_named_custom_provider_uses_providers_dict_when_list_missing
FAILED tests/gateway/test_ws_auth_retry.py::TestMatrixSyncAuthRetry::test_unknown_token_sync_error_stops_loop
FAILED tests/hermes_cli/test_session_browse.py::TestCursesBrowse::test_filter_no_match_enter_does_nothing
FAILED tests/gateway/test_runner_startup_failures.py::test_start_gateway_replace_force_uses_terminate_pid
FAILED tests/hermes_cli/test_session_browse.py::TestCursesBrowse::test_down_down_enter_selects_third
FAILED tests/agent/test_auxiliary_client.py::TestGetTextAuxiliaryClient::test_returns_none_when_nothing_available
FAILED tests/gateway/test_feishu.py::TestDedupTTL::test_expired_entry_is_not_considered_duplicate
FAILED tests/gateway/test_feishu.py::TestAdapterBehavior::test_send_falls_back_to_text_when_post_response_is_unsuccessful
FAILED tests/hermes_cli/test_session_browse.py::TestCursesBrowse::test_filter_matches_preview
FAILED tests/hermes_cli/test_session_browse.py::TestCursesBrowse::test_enter_selects_first_session
FAILED tests/hermes_cli/test_session_browse.py::TestCursesBrowse::test_backspace_removes_filter_char
FAILED tests/hermes_cli/test_session_browse.py::TestCursesBrowse::test_up_wraps_to_last
FAILED tests/hermes_cli/test_gateway.py::test_systemd_status_warns_when_linger_disabled
FAILED tests/gateway/test_feishu.py::TestAdapterBehavior::test_send_document_reply_uses_thread_flag
FAILED tests/hermes_cli/test_gateway_linger.py::test_systemd_install_calls_linger_helper
FAILED tests/hermes_cli/test_auth_commands.py::test_auth_remove_prefers_exact_numeric_label_over_index
FAILED tests/hermes_cli/test_session_browse.py::TestCursesBrowse::test_filter_matches_source
FAILED tests/hermes_cli/test_subprocess_timeouts.py::test_all_subprocess_run_calls_have_timeout[hermes_cli/status.py]
FAILED tests/hermes_cli/test_session_browse.py::TestCursesBrowse::test_down_then_enter_selects_second
FAILED tests/hermes_cli/test_auth_qwen_provider.py::test_save_qwen_cli_tokens_permissions
FAILED tests/hermes_cli/test_session_browse.py::TestCursesBrowse::test_escape_clears_filter_first
FAILED tests/cli/test_worktree_security.py::TestWorktreeIncludeSecurity::test_allows_valid_directory_include
FAILED tests/hermes_cli/test_gateway_wsl.py::TestSupportsSystemdServicesWSL::test_wsl_with_systemd
FAILED tests/hermes_cli/test_session_browse.py::TestCursesBrowse::test_escape_cancels
FAILED tests/gateway/test_ws_auth_retry.py::TestMatrixSyncAuthRetry::test_exception_with_401_stops_loop
FAILED tests/cron/test_file_permissions.py::TestCronFilePermissions::test_ensure_dirs_sets_0700
FAILED tests/hermes_cli/test_session_browse.py::TestCursesBrowse::test_q_quits_when_no_filter_active
FAILED tests/hermes_cli/test_gateway_wsl.py::TestSupportsSystemdServicesWSL::test_native_linux
FAILED tests/gateway/test_feishu.py::TestAdapterBehavior::test_extract_interactive_message_as_text_summary
FAILED tests/hermes_cli/test_subprocess_timeouts.py::test_all_subprocess_run_calls_have_timeout[hermes_cli/banner.py]
FAILED tests/cron/test_file_permissions.py::TestCronFilePermissions::test_save_job_output_sets_0600
FAILED tests/hermes_cli/test_session_browse.py::TestCursesBrowse::test_q_cancels
FAILED tests/hermes_cli/test_setup_hermes_script.py::test_setup_hermes_script_is_valid_shell
FAILED tests/hermes_cli/test_path_completion.py::TestPathCompletions::test_home_expansion
FAILED tests/cron/test_file_permissions.py::TestCronFilePermissions::test_save_jobs_sets_0600
FAILED tests/hermes_cli/test_session_browse.py::TestCursesBrowse::test_q_types_into_filter_when_filter_active
FAILED tests/hermes_cli/test_setup_matrix_e2ee.py::TestSetupShutilImport::test_shutil_imported_at_module_level
FAILED tests/hermes_cli/test_web_server.py::TestBuildSchemaFromConfig::test_produces_expected_field_count
FAILED tests/hermes_cli/test_path_completion.py::TestIntegration::test_absolute_path_triggers_completion
FAILED tests/hermes_cli/test_web_server.py::TestBuildSchemaFromConfig::test_top_level_scalars_get_general_category
FAILED tests/cli/test_branch_command.py::TestBranchCommandCLI::test_branch_syncs_agent
FAILED tests/hermes_cli/test_web_server.py::TestBuildSchemaFromConfig::test_no_single_field_categories
FAILED tests/hermes_cli/test_web_server.py::TestBuildSchemaFromConfig::test_schema_entries_have_required_fields
FAILED tests/hermes_cli/test_web_server.py::TestBuildSchemaFromConfig::test_nested_keys_get_parent_category
FAILED tests/hermes_cli/test_gateway.py::test_systemd_install_checks_linger_status
FAILED tests/hermes_cli/test_gateway.py::test_install_linux_gateway_from_setup_system_choice_without_root_prints_followup
FAILED tests/cli/test_branch_command.py::TestBranchCommandCLI::test_branch_ends_original_session
FAILED tests/hermes_cli/test_update_gateway_restart.py::TestLaunchdPlistRefresh::test_launchd_start_calls_refresh
FAILED tests/hermes_cli/test_gateway.py::test_install_linux_gateway_from_setup_system_choice_as_root_installs
FAILED tests/hermes_cli/test_web_server.py::TestBuildSchemaFromConfig::test_overrides_applied
FAILED tests/gateway/test_feishu.py::TestAdapterBehavior::test_extract_media_message_with_image_mime_becomes_photo
FAILED tests/hermes_cli/test_web_server.py::TestBuildSchemaFromConfig::test_category_merge_applied
FAILED tests/gateway/test_setup_feishu.py::TestSetupFeishuAdapterIntegration::test_open_dm_env_sets_correct_adapter_state
FAILED tests/run_agent/test_percentage_clamp.py::TestSourceLinesAreClamped::test_cli_clamped
FAILED tests/run_agent/test_percentage_clamp.py::TestSourceLinesAreClamped::test_memory_tool_clamped
FAILED tests/cli/test_branch_command.py::TestBranchCommandCLI::test_branch_copies_history
FAILED tests/hermes_cli/test_update_autostash.py::test_cmd_update_retries_optional_extras_individually_when_all_fails
FAILED tests/hermes_cli/test_web_server.py::TestBuildSchemaFromConfig::test_empty_prefix_produces_correct_keys
FAILED tests/hermes_cli/test_update_gateway_restart.py::TestLaunchdPlistRefresh::test_launchd_start_recreates_missing_plist_and_loads_service
FAILED tests/hermes_cli/test_update_autostash.py::test_cmd_update_falls_back_to_reset_when_ff_only_fails
FAILED tests/gateway/test_setup_feishu.py::TestSetupFeishuAdapterIntegration::test_group_open_env_sets_adapter_group_policy
FAILED tests/hermes_cli/test_update_gateway_restart.py::TestLaunchdPlistPath::test_plist_path_includes_node_modules_bin
FAILED tests/hermes_cli/test_update_gateway_restart.py::TestLaunchdPlistPath::test_plist_path_deduplicates_venv_bin_when_already_in_path
FAILED tests/gateway/test_update_command.py::TestSendUpdateNotification::test_sends_notification_with_output
FAILED tests/gateway/test_feishu.py::TestAdapterBehavior::test_extract_media_message_with_video_mime_becomes_video
FAILED tests/gateway/test_update_command.py::TestSendUpdateNotification::test_strips_ansi_codes
FAILED tests/test_cli_file_drop.py::TestImageFileDrop::test_all_image_extensions[.tiff]
FAILED tests/hermes_cli/test_update_autostash.py::test_cmd_update_succeeds_with_extras
FAILED tests/test_cli_file_drop.py::TestImageFileDrop::test_all_image_extensions[.tif]
FAILED tests/test_cli_file_drop.py::TestImageFileDrop::test_all_image_extensions[.png]
FAILED tests/test_cli_file_drop.py::TestImageFileDrop::test_all_image_extensions[.svg]
FAILED tests/test_cli_file_drop.py::TestImageFileDrop::test_all_image_extensions[.jpg]
FAILED tests/test_cli_file_drop.py::TestImageFileDrop::test_all_image_extensions[.ico]
FAILED tests/test_cli_file_drop.py::TestImageFileDrop::test_all_image_extensions[.jpeg]
FAILED tests/test_cli_file_drop.py::TestImageFileDrop::test_uppercase_extension
FAILED tests/test_cli_file_drop.py::TestNonImageFileDrop::test_non_image_with_trailing_text
FAILED tests/test_cli_file_drop.py::TestNonImageFileDrop::test_python_file - ...
FAILED tests/test_cli_file_drop.py::TestEscapedSpaces::test_escaped_spaces_in_path
FAILED tests/hermes_cli/test_update_gateway_restart.py::TestLaunchdPlistRefresh::test_refresh_rewrites_stale_plist
FAILED tests/test_cli_file_drop.py::TestEscapedSpaces::test_escaped_spaces_with_trailing_text
FAILED tests/test_cli_file_drop.py::TestEdgeCases::test_path_that_looks_like_command_but_is_file
FAILED tests/test_cli_file_drop.py::TestImageFileDrop::test_all_image_extensions[.gif]
FAILED tests/gateway/test_feishu.py::TestAdapterBehavior::test_send_uses_post_for_advanced_markdown_lines
FAILED tests/test_cli_file_drop.py::TestImageFileDrop::test_all_image_extensions[.webp]
FAILED tests/test_cli_file_drop.py::TestEdgeCases::test_path_with_no_extension
FAILED tests/test_cli_file_drop.py::TestImageFileDrop::test_all_image_extensions[.bmp]
FAILED tests/test_cli_file_drop.py::TestEdgeCases::test_symlink_to_file - OSE...
FAILED tests/skills/test_openclaw_migration.py::test_model_config_migrated - ...
FAILED tests/gateway/test_feishu.py::TestAdapterBehavior::test_extract_merge_forward_message_as_text_summary
FAILED tests/cli/test_cli_plan_command.py::TestCLIPlanCommand::test_plan_without_args_uses_skill_context_guidance
FAILED tests/run_agent/test_primary_runtime_restore.py::TestTryRecoverPrimaryTransport::test_allowed_for_anthropic_direct
FAILED tests/gateway/test_feishu.py::TestAdapterBehavior::test_send_uses_post_for_inline_markdown
FAILED tests/test_hermes_logging.py::TestSessionContext::test_no_session_tag_without_context
FAILED tests/skills/test_openclaw_migration.py::test_cron_store_is_archived_without_config_cron_section
FAILED tests/test_cli_file_drop.py::TestImageFileDrop::test_simple_image_path
FAILED tests/test_cli_file_drop.py::TestImageFileDrop::test_image_with_trailing_text
FAILED tests/gateway/test_feishu.py::TestAdapterBehavior::test_extract_post_message_as_text
FAILED tests/test_hermes_logging.py::TestSessionContext::test_clear_session_context
FAILED tests/test_hermes_logging.py::TestRecordFactory::test_empty_tag_without_context
FAILED tests/hermes_cli/test_update_gateway_restart.py::TestServicePidExclusion::test_update_launchd_does_not_kill_service_pid
FAILED tests/cli/test_branch_command.py::TestBranchCommandCLI::test_branch_sets_resumed_flag
FAILED tests/cli/test_cli_file_drop.py::TestImageFileDrop::test_simple_image_path
FAILED tests/hermes_cli/test_skills_hub.py::test_handle_skills_slash_search_accepts_chatconsole_without_status_errors
FAILED tests/cli/test_branch_command.py::TestBranchCommandCLI::test_branch_with_custom_name
FAILED tests/cli/test_cli_file_drop.py::TestImageFileDrop::test_image_with_trailing_text
FAILED tests/test_hermes_logging.py::TestAddRotatingHandler::test_managed_mode_rollover_sets_group_writable
FAILED tests/run_agent/test_flush_memories_codex.py::TestFlushMemoriesUsesAuxiliaryClient::test_flush_uses_auxiliary_when_available
FAILED tests/test_trajectory_compressor_async.py::TestSourceLineVerification::test_no_eager_async_openai_in_init
FAILED tests/test_subprocess_home_isolation.py::TestGetSubprocessHome::test_two_profiles_get_different_homes
FAILED tests/hermes_cli/test_subprocess_timeouts.py::test_all_subprocess_run_calls_have_timeout[hermes_cli/doctor.py]
FAILED tests/test_trajectory_compressor_async.py::TestSourceLineVerification::test_get_async_client_method_exists
FAILED tests/skills/test_openclaw_migration.py::test_model_config_object_format
FAILED tests/gateway/test_feishu.py::TestAdapterBehavior::test_send_video_uploads_file_and_sends_media_message
FAILED tests/tools/test_browser_homebrew_paths.py::TestDiscoverHomebrewNodeDirs::test_finds_versioned_node_dirs
FAILED tests/run_agent/test_flush_memories_codex.py::TestFlushMemoriesUsesAuxiliaryClient::test_flush_strips_artifacts_from_messages
FAILED tests/tools/test_browser_content_none_guard.py::TestBrowserSourceLinesAreGuarded::test_browser_vision_guarded
FAILED tests/tools/test_browser_homebrew_paths.py::TestRunBrowserCommandPathConstruction::test_subprocess_path_includes_sane_path_homebrew
FAILED tests/tools/test_browser_content_none_guard.py::TestBrowserSourceLinesAreGuarded::test_extract_relevant_content_guarded
FAILED tests/tools/test_browser_homebrew_paths.py::TestRunBrowserCommandPathConstruction::test_subprocess_path_includes_homebrew_node_dirs
FAILED tests/tools/test_browser_orphan_reaper.py::TestReapOrphanedBrowserSessions::test_stale_dir_with_dead_pid_is_removed
FAILED tests/tools/test_code_execution.py::TestHeadTailTruncation::test_large_output_preserves_head_and_tail
FAILED tests/tools/test_credential_files.py::TestIterSkillsFiles::test_returns_files_skipping_symlinks
FAILED tests/gateway/test_feishu.py::TestAdapterBehavior::test_send_voice_uploads_opus_and_sends_audio_message
FAILED tests/hermes_cli/test_update_gateway_restart.py::TestServicePidExclusion::test_update_kills_manual_pid_but_not_service_pid
FAILED tests/test_hermes_logging.py::TestAddRotatingHandler::test_managed_mode_initial_open_sets_group_writable
FAILED tests/gateway/test_feishu.py::TestAdapterBehavior::test_text_batch_flushes_when_message_count_limit_is_hit
FAILED tests/skills/test_openclaw_migration.py::test_tts_config_migrated - Fi...
FAILED tests/tools/test_code_execution.py::TestExecuteCodeEdgeCases::test_whitespace_only_code
FAILED tests/run_agent/test_flush_memories_codex.py::TestFlushMemoriesUsesAuxiliaryClient::test_flush_uses_main_client_when_no_auxiliary
FAILED tests/run_agent/test_flush_memories_codex.py::TestFlushMemoriesCodexFallback::test_codex_mode_no_aux_uses_responses_api
FAILED tests/tools/test_clipboard.py::TestPreprocessImagesWithVision::test_multiple_images
FAILED tests/run_agent/test_percentage_clamp.py::TestSourceLinesAreClamped::test_gateway_run_clamped
FAILED tests/tools/test_code_execution.py::TestHeadTailTruncation::test_short_output_not_truncated
FAILED tests/tools/test_clipboard.py::TestPreprocessImagesWithVision::test_mix_of_existing_and_missing
FAILED tests/tools/test_clipboard.py::TestPreprocessImagesWithVision::test_vision_exception_includes_path
FAILED tests/tools/test_clipboard.py::TestPreprocessImagesWithVision::test_vision_failure_includes_path
FAILED tests/tools/test_code_execution.py::TestHeadTailTruncation::test_truncation_notice_format
FAILED tests/tools/test_clipboard.py::TestPreprocessImagesWithVision::test_empty_text_gets_default_question
FAILED tests/tools/test_file_write_safety.py::TestCheckSensitivePathMacOSBypass::test_private_etc_ssh_config_blocked
FAILED tests/tools/test_clipboard.py::TestPreprocessImagesWithVision::test_single_image_with_text
FAILED tests/tools/test_credential_files.py::TestIterCacheFiles::test_nested_files
FAILED tests/tools/test_credential_files.py::TestSkillsDirectoryMount::test_symlinks_are_sanitized
FAILED tests/tools/test_llm_content_none_guard.py::TestSourceLinesAreGuarded::test_mixture_of_agents_reference_model_guarded
FAILED tests/tools/test_code_execution.py::TestStubSchemaDrift::test_stubs_cover_all_schema_params
FAILED tests/tools/test_credential_files.py::TestIterCacheFiles::test_skips_symlinks
FAILED tests/tools/test_file_write_safety.py::TestCheckSensitivePathMacOSBypass::test_boot_still_blocked
FAILED tests/tools/test_llm_content_none_guard.py::TestSourceLinesAreGuarded::test_vision_tools_guarded
FAILED tests/tools/test_llm_content_none_guard.py::TestSourceLinesAreGuarded::test_web_tools_guarded
FAILED tests/tools/test_llm_content_none_guard.py::TestSourceLinesAreGuarded::test_session_search_tool_guarded
FAILED tests/tools/test_file_write_safety.py::TestCheckSensitivePathMacOSBypass::test_private_var_blocked
FAILED tests/tools/test_mcp_oauth.py::TestUtilities::test_can_open_browser_false_without_display
FAILED tests/tools/test_modal_sandbox_fixes.py::TestCwdHandling::test_docker_default_cwd_maps_current_directory_when_enabled
FAILED tests/tools/test_modal_sandbox_fixes.py::TestCwdHandling::test_users_path_maps_to_workspace_for_docker_when_enabled
FAILED tests/tools/test_modal_bulk_upload.py::TestModalBulkUpload::test_mkdir_includes_all_parents
FAILED tests/tools/test_skills_hub.py::TestCheckForSkillUpdates::test_bundle_content_hash_matches_installed_content_hash
FAILED tests/tools/test_skills_guard.py::TestCheckStructure::test_symlink_escape
FAILED tests/tools/test_process_registry.py::TestCheckpoint::test_recover_dead_pid
FAILED tests/tools/test_skills_sync.py::TestDiscoverBundledSkills::test_ignores_git_directories
FAILED tests/tools/test_skills_hub.py::TestOptionalSkillSourceBinaryAssets::test_fetch_preserves_binary_assets
FAILED tests/cli/test_branch_command.py::TestBranchCommandCLI::test_branch_auto_title_lineage
FAILED tests/tools/test_ssh_bulk_upload.py::TestSSHBulkUpload::test_mkdir_batched_into_single_call
FAILED tests/tools/test_ssh_bulk_upload.py::TestSSHBulkUpload::test_staging_symlinks_mirror_remote_layout
FAILED tests/tools/test_ssh_bulk_upload.py::TestSSHBulkUpload::test_tar_pipe_commands
FAILED tests/tools/test_ssh_bulk_upload.py::TestSSHBulkUpload::test_tar_create_failure_raises
FAILED tests/tools/test_ssh_bulk_upload.py::TestSSHBulkUpload::test_ssh_extract_failure_raises
FAILED tests/tools/test_ssh_bulk_upload.py::TestSSHBulkUpload::test_custom_port_and_key_in_ssh_command
FAILED tests/tools/test_ssh_bulk_upload.py::TestSSHBulkUpload::test_ssh_command_uses_control_socket
FAILED tests/tools/test_ssh_bulk_upload.py::TestSSHBulkUpload::test_tar_stdout_closed_for_sigpipe
FAILED tests/tools/test_ssh_bulk_upload.py::TestSSHBulkUpload::test_timeout_kills_both_processes
FAILED tests/tools/test_ssh_bulk_upload.py::TestSharedHelpers::test_unique_parent_dirs_sorted
FAILED tests/tools/test_terminal_tool_requirements.py::TestTerminalRequirements::test_terminal_and_execute_code_tools_resolve_for_managed_modal
FAILED tests/tools/test_ssh_bulk_upload.py::TestSharedHelpers::test_unique_parent_dirs_deduplicates
FAILED tests/tools/test_tirith_security.py::TestHermesHomeIsolation::test_failure_marker_respects_hermes_home
FAILED tests/tools/test_ssh_bulk_upload.py::TestSSHBulkUploadEdgeCases::test_ssh_popen_failure_kills_tar
FAILED tests/tools/test_tirith_security.py::TestHermesHomeIsolation::test_get_hermes_home_fallback
FAILED tests/tools/test_transcription.py::TestTranscribeLocal::test_successful_transcription
FAILED tests/tools/test_transcription_tools.py::TestTranscribeLocalExtended::test_model_reloaded_on_change
FAILED tests/tools/test_transcription_tools.py::TestTranscribeLocalExtended::test_model_reuse_on_second_call
FAILED tests/tools/test_vision_tools.py::TestTildeExpansion::test_tilde_path_expanded_to_local_file
FAILED tests/tools/test_transcription_tools.py::TestTranscribeLocalExtended::test_exception_returns_failure
FAILED tests/tools/test_voice_cli_integration.py::TestStreamingTTSOutputStreamCleanup::test_output_stream_closed_in_finally
FAILED tests/tools/test_voice_cli_integration.py::TestVprintForceParameter::test_error_messages_use_force_in_run_agent
FAILED tests/tools/test_transcription_tools.py::TestTranscribeLocalExtended::test_multiple_segments_joined
FAILED tests/tools/test_voice_cli_integration.py::TestCtrlCResetsContinuousMode::test_ctrl_c_handler_resets_voice_continuous
FAILED tests/tools/test_voice_cli_integration.py::TestVoiceStatusUsesConfigKey::test_show_voice_status_not_hardcoded
FAILED tests/tools/test_voice_cli_integration.py::TestEdgeTTSLazyImport::test_generate_edge_tts_calls_lazy_import
FAILED tests/tools/test_voice_cli_integration.py::TestVoiceStatusUsesConfigKey::test_show_voice_status_reads_config
FAILED tests/tools/test_voice_cli_integration.py::TestChatTTSCleanupOnException::test_chat_has_finally_for_tts_cleanup
FAILED tests/tools/test_voice_cli_integration.py::TestKeyHandlerNeverBlocks::test_start_recording_not_called_directly_in_handler
FAILED tests/tools/test_voice_cli_integration.py::TestBrowserToolSignalHandlerRemoved::test_no_signal_handler_registration
FAILED tests/tools/test_file_tools_live.py::TestLocalEnvironmentExecute::test_cwd_respected
FAILED tests/tools/test_voice_cli_integration.py::TestKeyHandlerNeverBlocks::test_processing_guard_in_start_path
FAILED tests/tools/test_voice_cli_integration.py::TestKeyHandlerNeverBlocks::test_processing_set_atomically_with_recording_false
FAILED tests/run_agent/test_flush_memories_codex.py::TestFlushMemoriesUsesAuxiliaryClient::test_flush_executes_memory_tool_calls
FAILED tests/tools/test_watch_patterns.py::TestCheckpointPersistence::test_watch_patterns_recovery
FAILED tests/tools/test_voice_mode.py::TestSubprocessTimeoutKill::test_timeout_kills_process
FAILED tests/tools/test_zombie_process_cleanup.py::TestZombieReproduction::test_orphaned_processes_survive_without_cleanup
FAILED tests/cli/test_cli_provider_resolution.py::test_runtime_resolution_failure_is_not_sticky
FAILED tests/tools/test_file_tools_live.py::TestLocalEnvironmentExecute::test_cat_deterministic_content
FAILED tests/tools/test_file_tools_live.py::TestTerminalOutputCleanliness::test_cat
FAILED tests/cli/test_branch_command.py::TestBranchCommandCLI::test_branch_empty_conversation
FAILED tests/tools/test_ssh_bulk_upload.py::TestSSHBulkUpload::test_parent_dirs_deduplicated
FAILED tests/tools/test_process_registry.py::TestStdinHelpers::test_close_stdin_allows_eof_driven_process_to_finish
FAILED tests/tools/test_skills_guard.py::TestScanFile::test_detect_invisible_unicode
FAILED tests/tools/test_file_tools_live.py::TestTerminalOutputCleanliness::test_head
FAILED tests/tools/test_file_write_safety.py::TestCheckSensitivePathMacOSBypass::test_etc_hosts_blocked
FAILED tests/tools/test_file_tools_live.py::TestTerminalOutputCleanliness::test_env_var_expansion
FAILED tests/tools/test_file_write_safety.py::TestCheckSensitivePathMacOSBypass::test_private_etc_hosts_blocked
FAILED tests/tools/test_file_tools_live.py::TestWriteFile::test_write_and_verify
FAILED tests/tools/test_file_tools_live.py::TestLocalEnvironmentExecute::test_env_var_home
FAILED tests/tools/test_file_tools_live.py::TestTerminalOutputCleanliness::test_wc
FAILED tests/run_agent/test_compression_persistence.py::TestFlushAfterCompression::test_flush_with_stale_history_loses_messages
FAILED tests/run_agent/test_860_dedup.py::TestFlushDeduplication::test_persist_session_multiple_calls_no_duplication
FAILED tests/run_agent/test_860_dedup.py::TestFlushDeduplication::test_flush_writes_only_new_messages
FAILED tests/tools/test_file_tools_live.py::TestExpandPath::test_tilde_exact
FAILED tests/tools/test_file_tools_live.py::TestTerminalOutputCleanliness::test_ls
FAILED tests/run_agent/test_flush_memories_codex.py::TestFlushMemoriesRespectsConfigTimeout::test_auxiliary_path_omits_explicit_timeout
FAILED tests/tools/test_file_tools_live.py::TestExpandPath::test_bare_tilde
FAILED tests/run_agent/test_flush_memories_codex.py::TestFlushMemoriesRespectsConfigTimeout::test_fallback_path_uses_config_timeout
FAILED tests/run_agent/test_860_dedup.py::TestFlushDeduplication::test_flush_writes_incrementally
FAILED tests/run_agent/test_860_dedup.py::TestFlushDeduplication::test_flush_reset_after_compression
FAILED tests/gateway/test_gateway_shutdown.py::test_gateway_stop_interrupts_running_agents_and_cancels_adapter_tasks
FAILED tests/gateway/test_session_boundary_hooks.py::test_shutdown_fires_finalize_for_active_agents
FAILED tests/gateway/test_session_hygiene.py::test_session_hygiene_messages_stay_in_originating_topic
FAILED tests/gateway/test_gateway_shutdown.py::test_gateway_stop_drains_running_agents_before_disconnect
FAILED tests/run_agent/test_compression_persistence.py::TestFlushAfterCompression::test_flush_after_compression_with_long_history
FAILED tests/tools/test_process_registry.py::TestCheckpoint::test_detached_recovered_process_eventually_exits
FAILED tests/tools/test_skills_sync.py::TestComputeRelativeDest::test_preserves_category_structure
FAILED tests/gateway/test_session_race_guard.py::test_shutdown_skips_sentinel
FAILED tests/gateway/test_setup_feishu.py::TestSetupFeishuAdapterIntegration::test_qr_env_produces_valid_adapter_settings
FAILED tests/gateway/test_gateway_shutdown.py::test_gateway_stop_interrupts_after_drain_timeout
FAILED tests/run_agent/test_real_interrupt_subagent.py::TestRealSubagentInterrupt::test_interrupt_child_during_api_call
FAILED tests/skills/test_openclaw_migration.py::test_migrator_can_rename_conflicting_imported_skill
FAILED tests/skills/test_openclaw_migration.py::test_migrator_can_overwrite_conflicting_imported_skill_with_backup
FAILED tests/tools/test_zombie_process_cleanup.py::TestGatewayCleanupWiring::test_gateway_stop_calls_close
ERROR tests/acp/test_entry.py - ImportError while importing test module 'C:\U...
ERROR tests/acp/test_events.py - ImportError while importing test module 'C:\...
ERROR tests/acp/test_mcp_e2e.py - ImportError while importing test module 'C:...
ERROR tests/acp/test_permissions.py - ImportError while importing test module...
ERROR tests/acp/test_server.py - ImportError while importing test module 'C:\...
ERROR tests/acp/test_tools.py - ImportError while importing test module 'C:\U...
ERROR tests/hermes_cli/test_gateway_service.py - ImportError while importing ...
ERROR tests/tools/test_mcp_tool.py - ImportError while importing test module ...
ERROR tests/tools/test_memory_tool.py - ImportError while importing test modu...
ERROR tests/tools/test_search_hidden_dirs.py - FileNotFoundError: [WinError 2...
ERROR tests/tools/test_search_hidden_dirs.py - FileNotFoundError: [WinError 2...
ERROR tests/tools/test_search_hidden_dirs.py - FileNotFoundError: [WinError 2...
ERROR tests/tools/test_search_hidden_dirs.py - FileNotFoundError: [WinError 2...
ERROR tests/tools/test_search_hidden_dirs.py - FileNotFoundError: [WinError 2...
ERROR tests/tools/test_search_hidden_dirs.py - FileNotFoundError: [WinError 2...
ERROR tests/tools/test_search_hidden_dirs.py - FileNotFoundError: [WinError 2...
ERROR tests/tools/test_search_hidden_dirs.py - FileNotFoundError: [WinError 2...
ERROR tests/tools/test_search_hidden_dirs.py - FileNotFoundError: [WinError 2...
ERROR tests/tools/test_search_hidden_dirs.py - FileNotFoundError: [WinError 2...
ERROR tests/tools/test_search_hidden_dirs.py - FileNotFoundError: [WinError 2...
ERROR tests/tools/test_search_hidden_dirs.py - FileNotFoundError: [WinError 2...
ERROR tests/tools/test_search_hidden_dirs.py - FileNotFoundError: [WinError 2...
ERROR tests/tools/test_search_hidden_dirs.py - FileNotFoundError: [WinError 2...
ERROR tests/tools/test_search_hidden_dirs.py - FileNotFoundError: [WinError 2...
ERROR tests/tools/test_search_hidden_dirs.py - FileNotFoundError: [WinError 2...
ERROR tests/tools/test_search_hidden_dirs.py - FileNotFoundError: [WinError 2...
ERROR tests/tools/test_search_hidden_dirs.py - FileNotFoundError: [WinError 2...
ERROR tests/tools/test_search_hidden_dirs.py - FileNotFoundError: [WinError 2...
ERROR tests/tools/test_search_hidden_dirs.py - FileNotFoundError: [WinError 2...
ERROR tests/agent/test_local_stream_timeout.py::TestLocalStreamReadTimeout::test_local_endpoint_bumps_read_timeout[http://0.0.0.0:5000]
ERROR tests/agent/test_local_stream_timeout.py::TestLocalStreamReadTimeout::test_local_endpoint_bumps_read_timeout[http://host.lima.internal:11434]
ERROR tests/agent/test_local_stream_timeout.py::TestLocalStreamReadTimeout::test_local_endpoint_bumps_read_timeout[http://192.168.1.100:8000]
ERROR tests/agent/test_local_stream_timeout.py::TestLocalStreamReadTimeout::test_remote_endpoint_keeps_default[https://api.openai.com]
ERROR tests/agent/test_local_stream_timeout.py::TestLocalStreamReadTimeout::test_local_endpoint_bumps_read_timeout[http://10.0.0.5:1234]
ERROR tests/agent/test_local_stream_timeout.py::TestLocalStreamReadTimeout::test_remote_endpoint_keeps_default[https://openrouter.ai/api]
ERROR tests/agent/test_local_stream_timeout.py::TestLocalStreamReadTimeout::test_local_endpoint_bumps_read_timeout[http://host.docker.internal:11434]
ERROR tests/agent/test_local_stream_timeout.py::TestLocalStreamReadTimeout::test_remote_endpoint_keeps_default[https://api.anthropic.com]
ERROR tests/agent/test_local_stream_timeout.py::TestLocalStreamReadTimeout::test_local_endpoint_bumps_read_timeout[http://host.containers.internal:11434]
ERROR tests/agent/test_local_stream_timeout.py::TestLocalStreamReadTimeout::test_local_endpoint_bumps_read_timeout[http://localhost:11434]
ERROR tests/agent/test_local_stream_timeout.py::TestLocalStreamReadTimeout::test_local_endpoint_bumps_read_timeout[http://127.0.0.1:8080]
ERROR tests/test_hermes_logging.py::TestSetupLogging::test_creates_log_directory
ERROR tests/test_hermes_logging.py::TestSetupLogging::test_force_reinitializes
ERROR tests/test_hermes_logging.py::TestSetupLogging::test_creates_agent_log_handler
ERROR tests/test_hermes_logging.py::TestSetupLogging::test_creates_errors_log_handler
ERROR tests/test_hermes_logging.py::TestSetupLogging::test_custom_max_size_and_backup
ERROR tests/test_hermes_logging.py::TestSetupLogging::test_custom_log_level
ERROR tests/test_hermes_logging.py::TestSetupLogging::test_idempotent_no_duplicate_handlers
ERROR tests/test_hermes_logging.py::TestSetupLogging::test_info_not_in_errors_log
ERROR tests/test_hermes_logging.py::TestSetupLogging::test_suppresses_noisy_loggers
ERROR tests/test_hermes_logging.py::TestSetupLogging::test_explicit_params_override_config
ERROR tests/test_hermes_logging.py::TestGatewayMode::test_gateway_log_created
ERROR tests/test_hermes_logging.py::TestSetupLogging::test_reads_config_yaml
ERROR tests/test_hermes_logging.py::TestSetupLogging::test_record_factory_installed
ERROR tests/test_hermes_logging.py::TestGatewayMode::test_gateway_log_not_created_in_cli_mode
ERROR tests/test_hermes_logging.py::TestGatewayMode::test_gateway_log_receives_gateway_records
ERROR tests/test_hermes_logging.py::TestGatewayMode::test_agent_log_still_receives_all
ERROR tests/test_hermes_logging.py::TestGatewayMode::test_gateway_log_rejects_non_gateway_records
ERROR tests/test_hermes_logging.py::TestSessionContext::test_no_session_tag_without_context
ERROR tests/test_hermes_logging.py::TestSessionContext::test_session_tag_in_log_output
ERROR tests/test_hermes_logging.py::TestRecordFactory::test_idempotent_install
ERROR tests/test_hermes_logging.py::TestComponentFilter::test_blocks_non_matching
ERROR tests/test_hermes_logging.py::TestSessionContext::test_clear_session_context
ERROR tests/test_hermes_logging.py::TestRecordFactory::test_empty_tag_without_context
ERROR tests/test_hermes_logging.py::TestSetupLogging::test_writes_to_agent_log
ERROR tests/test_hermes_logging.py::TestRecordFactory::test_works_with_any_handler
ERROR tests/test_hermes_logging.py::TestComponentFilter::test_multiple_prefixes
ERROR tests/test_hermes_logging.py::TestComponentFilter::test_passes_matching_prefix
ERROR tests/test_hermes_logging.py::TestRecordFactory::test_tag_with_context
ERROR tests/test_hermes_logging.py::TestSetupLogging::test_warnings_appear_in_both_logs
ERROR tests/test_hermes_logging.py::TestComponentPrefixes::test_agent_prefix
ERROR tests/test_hermes_logging.py::TestComponentPrefixes::test_gateway_prefix
ERROR tests/test_hermes_logging.py::TestComponentFilter::test_passes_nested_matching_prefix
ERROR tests/test_hermes_logging.py::TestComponentPrefixes::test_tools_prefix
ERROR tests/test_hermes_logging.py::TestComponentPrefixes::test_cli_prefix - ...
ERROR tests/test_hermes_logging.py::TestComponentPrefixes::test_cron_prefix
ERROR tests/test_hermes_logging.py::TestSetupVerboseLogging::test_adds_stream_handler
ERROR tests/test_hermes_logging.py::TestAddRotatingHandler::test_creates_directory
ERROR tests/test_hermes_logging.py::TestSetupVerboseLogging::test_idempotent
ERROR tests/test_hermes_logging.py::TestAddRotatingHandler::test_no_duplicate_for_same_path
ERROR tests/test_hermes_logging.py::TestAddRotatingHandler::test_no_session_filter_on_handler
ERROR tests/test_hermes_logging.py::TestAddRotatingHandler::test_log_filter_attached
ERROR tests/test_hermes_logging.py::TestReadLoggingConfig::test_returns_none_when_no_config
ERROR tests/test_hermes_logging.py::TestReadLoggingConfig::test_handles_missing_logging_section
ERROR tests/test_hermes_logging.py::TestReadLoggingConfig::test_reads_logging_section
ERROR tests/test_hermes_logging.py::TestAddRotatingHandler::test_managed_mode_rollover_sets_group_writable
ERROR tests/test_hermes_logging.py::TestAddRotatingHandler::test_managed_mode_initial_open_sets_group_writable
ERROR tests/tools/test_yolo_mode.py::TestYoloMode::test_dangerous_command_approved_in_yolo_mode
ERROR tests/tools/test_yolo_mode.py::TestYoloMode::test_yolo_mode_not_set_by_default
ERROR tests/tools/test_yolo_mode.py::TestYoloMode::test_combined_guard_bypasses_yolo_mode
ERROR tests/tools/test_yolo_mode.py::TestYoloMode::test_session_scoped_yolo_only_bypasses_current_session
ERROR tests/tools/test_yolo_mode.py::TestYoloMode::test_dangerous_command_blocked_normally
ERROR tests/tools/test_yolo_mode.py::TestYoloMode::test_session_scoped_yolo_bypasses_combined_guard_only_for_current_session
ERROR tests/tools/test_yolo_mode.py::TestYoloMode::test_clear_session_removes_session_yolo_state
ERROR tests/test_hermes_logging.py::TestSessionContext::test_session_context_thread_isolated
ERROR tests/test_hermes_logging.py::TestRecordFactory::test_record_has_session_tag
ERROR tests/tools/test_yolo_mode.py::TestYoloMode::test_yolo_mode_works_for_all_patterns
ERROR tests/tools/test_yolo_mode.py::TestYoloMode::test_yolo_mode_empty_string_does_not_bypass
356 failed, 43 passed, 21 warnings, 97 errors in 27.22s
python : Exception ignored in atexit callback: <function cleanup_numbered_dir at 0x00000246C70F9BC0>
At line:1 char:1
+ python -m pytest tests/ -q --lf --tb=short > test_failures.txt 2>&1
+ ~~~~~~~~~~~~~~~~~~~~~~~~~~~~~~~~~~~~~~~~~~~~~~~~~~~~~~~~~~~~~~~~~~~
    + CategoryInfo          : NotSpecified: (Exception ignor...000246C70F9BC0>:String) [], RemoteException
    + FullyQualifiedErrorId : NativeCommandError
 
Traceback (most recent call last):
  File "C:\Users\Simba\AppData\Local\Programs\Python\Python312\Lib\site-packages\_pytest\pathlib.py", line 374, in clea
nup_numbered_dir
    cleanup_dead_symlinks(root)
  File "C:\Users\Simba\AppData\Local\Programs\Python\Python312\Lib\site-packages\_pytest\pathlib.py", line 359, in clea
nup_dead_symlinks
    if not left_dir.resolve().exists():
           ^^^^^^^^^^^^^^^^^^^^^^^^^^^
  File "C:\Users\Simba\AppData\Local\Programs\Python\Python312\Lib\pathlib.py", line 860, in exists
    self.stat(follow_symlinks=follow_symlinks)
  File "C:\Users\Simba\AppData\Local\Programs\Python\Python312\Lib\pathlib.py", line 840, in stat
    return os.stat(self, follow_symlinks=follow_symlinks)
           ^^^^^^^^^^^^^^^^^^^^^^^^^^^^^^^^^^^^^^^^^^^^^^
PermissionError: [WinError 5] Eri■im engellendi: 'C:\\Users\\Simba\\AppData\\Local\\Temp\\pytest-of-Simba\\pytest-curre
nt'
